        0.000      7.49838
        0.005      7.47679
        0.010      7.41235
        0.015      7.30486
        0.020      7.15407
        0.025      6.96078
        0.030      6.72420
        0.035      6.44436
        0.040      6.12167
        0.045      5.75631
        0.050      5.34818
        0.055      4.89692
        0.060      4.40322
        0.065      3.86681
        0.070      3.28836
        0.075      2.66817
        0.080      2.00594
        0.085      1.30262
        0.090      0.55852
        0.095     -0.22584
        0.100     -1.04976
        0.105     -1.91234
        0.110     -2.81280
        0.115     -3.74975
        0.120     -4.72251
        0.125     -5.72940
        0.130     -6.76884
        0.135     -7.83929
        0.140     -8.93878
        0.145    -10.06495
        0.150    -11.21596
        0.155    -12.38847
        0.160    -13.57976
        0.165    -14.78731
        0.170    -16.00720
        0.175    -17.23578
        0.180    -18.46925
        0.185    -19.70341
        0.190    -20.93341
        0.195    -22.15465
        0.200    -23.36166
        0.205    -24.54950
        0.210    -25.71190
        0.215    -26.84299
        0.220    -27.93641
        0.225    -28.98559
        0.230    -29.98352
        0.235    -30.92307
        0.240    -31.79672
        0.245    -32.59745
        0.250    -33.31721
        0.255    -33.94830
        0.260    -34.48304
        0.265    -34.91337
        0.270    -35.23152
        0.275    -35.42960
        0.280    -35.50012
        0.285    -35.43567
        0.290    -35.22931
        0.295    -34.87416
        0.300    -34.36381
        0.305    -33.69286
        0.310    -32.85599
        0.315    -31.84888
        0.320    -30.66799
        0.325    -29.31059
        0.330    -27.77529
        0.335    -26.06122
        0.340    -24.16929
        0.345    -22.10144
        0.350    -19.86104
        0.355    -17.45292
        0.360    -14.88361
        0.365    -12.16090
        0.370     -9.29454
        0.375     -6.29604
        0.380     -3.17841
        0.385      0.04321
        0.390      3.35243
        0.395      6.73045
        0.400     10.15718
        0.405     13.61101
        0.410     17.06837
        0.415     20.50478
        0.420     23.89387
        0.425     27.20865
        0.430     30.42073
        0.435     33.50169
        0.440     36.42197
        0.445     39.15234
        0.450     41.66339
        0.455     43.92638
        0.460     45.91349
        0.465     47.59786
        0.470     48.95448
        0.475     49.96024
        0.480     50.59435
        0.485     50.83920
        0.490     50.67996
        0.495     50.10590
        0.500     49.11036
        0.505     47.68788
        0.515     43.58999
        0.525     37.88878
        0.535     30.74987
        0.545     22.42791
        0.555     13.26303
        0.565      3.67272
        0.575     -5.86376
        0.585    -14.82657
        0.595    -22.68360
        0.605    -28.92291
        0.615    -33.08898
        0.625    -34.82099
        0.635    -33.88812
        0.645    -30.22193
        0.655    -23.93869
        0.665    -15.35189
        0.675     -4.96942
        0.685      6.52581
        0.695     18.31245
        0.705     29.48515
        0.715     39.12162
        0.725     46.36217
        0.735     50.49334
        0.745     51.02668
        0.755     47.76679
        0.765     40.85859
        0.775     30.80484
        0.785     18.44981
        0.795      4.92375
        0.805     -8.44985
        0.815    -20.27971
        0.825    -29.25322
        0.835    -34.29205
        0.845    -34.69617
        0.855    -30.25906
        0.865    -21.33409
        0.875     -8.83778
        0.885      5.81810
        0.895     20.86844
        0.905     34.39653
        0.915     44.57862
        0.925     49.94076
        0.935     49.59069
        0.945     43.38966
        0.955     32.03043
        0.965     16.99737
        0.975      0.40162
        0.985    -15.29696
        0.995    -27.64997
        1.005    -34.61324
        1.015    -34.90825
        1.025    -28.28905
        1.035    -15.65629
        1.045      1.01923
        1.055     18.96841
        1.065     35.06546
        1.075     46.37220
        1.085     50.69501
        1.095     47.04690
        1.105     35.91496
        1.115     19.26087
        1.125      0.22467
        1.135    -17.43499
        1.145    -30.07442
        1.155    -34.93470
        1.165    -30.78284
        1.175    -18.27161
        1.185      0.08968
        1.195     20.38489
        1.205     38.09617
        1.215     49.11038
        1.225     50.70648
        1.235     42.28245
        1.245     25.62219
        1.255      4.59274
        1.265    -15.70286
        1.275    -30.14860
        1.285    -34.92999
        1.295    -28.60094
        1.305    -12.59575
        1.315      9.00216
        1.325     30.43436
        1.335     45.77309
        1.345     50.57908
        1.355     43.24317
        1.365     25.59846
        1.375      2.55996
        1.385    -19.17917
        1.395    -33.07556
        1.405    -34.74275
        1.415    -23.41872
        1.425     -2.38386
        1.435     21.88794
        1.445     41.66335
        1.455     50.42089
        1.465     45.06816
        1.475     27.14289
        1.485      2.50613
        1.495    -20.47696
        1.505    -33.74390
        1.515    -32.40211
        1.525    -16.62884
        1.535      8.16293
        1.545     33.07785
        1.555     48.89262
        1.565     49.51508
        1.575     34.44372
        1.585      9.20454
        1.595    -16.54700
        1.605    -32.66648
        1.615    -32.56076
        1.625    -16.01001
        1.635     10.47387
        1.645     36.06896
        1.655     50.00652
        1.665     46.14602
        1.675     25.80266
        1.685     -2.51958
        1.695    -26.56941
        1.705    -35.64073
        1.715    -25.44364
        1.725     -0.30812
        1.735     28.46877
        1.745     47.60018
        1.755     47.97388
        1.765     29.13807
        1.775     -0.15138
        1.785    -25.82872
        1.795    -35.21808
        1.805    -23.37205
        1.815      4.15810
        1.825     33.74073
        1.835     50.33953
        1.845     45.23093
        1.855     20.78728
        1.865    -10.37565
        1.875    -31.75587
        1.885    -31.71253
        1.895     -9.97342
        1.905     21.81527
        1.915     46.13628
        1.925     49.21920
        1.935     28.96351
        1.945     -3.45544
        1.955    -29.57841
        1.965    -34.16858
        1.975    -14.28464
        1.985     18.56222
        1.995     44.83479
        2.005     48.53809
        2.015     27.11243
        2.025     -6.54740
        2.035    -31.61924
        2.045    -32.18784
        2.055     -7.50557
        2.065     27.03876
        2.075     49.34545
        2.085     44.79835
        2.095     16.10850
        2.105    -17.94715
        2.115    -34.60500
        2.125    -22.37815
        2.135     10.76196
        2.145     42.27317
        2.155     50.24594
        2.165     28.75566
        2.175     -7.47138
        2.185    -32.92064
        2.195    -29.28573
        2.205      1.06225
        2.215     36.20653
        2.225     50.26983
        2.235     32.52631
        2.245     -4.12405
        2.255    -32.21827
        2.265    -30.22847
        2.275      0.73071
        2.285     37.12000
        2.295     50.71416
        2.305     30.67007
        2.315     -7.39978
        2.325    -33.18569
        2.335    -25.71146
        2.345      9.35989
        2.355     43.63686
        2.365     48.81784
        2.375     20.23271
        2.385    -18.60856
        2.395    -35.11693
        2.405    -15.12130
        2.415     24.49756
        2.425     49.60000
        2.435     38.08601
        2.445     -0.39159
        2.455    -32.13578
        2.465    -28.80191
        2.475      7.02144
        2.485     43.36570
        2.495     47.25417
        2.505     14.92422
        2.515    -23.98040
        2.525    -33.18962
        2.535     -3.67254
        2.545     37.14977
        2.555     50.59962
        2.565     23.52440
        2.575    -18.39437
        2.585    -34.65925
        2.595     -9.23219
        2.605     33.08351
        2.615     50.31260
        2.625     24.86863
        2.635    -18.16312
        2.645    -35.43071
        2.655     -9.11290
        2.665     34.18514
        2.675     49.92921
        2.685     21.60501
        2.695    -21.34956
        2.705    -33.58529
        2.715     -1.67629
        2.725     40.78416
        2.735     48.28913
        2.745     12.45045
        2.755    -28.03971
        2.765    -28.84857
        2.775     11.14071
        2.785     47.65754
        2.795     39.63716
        2.805     -4.44118
        2.815    -35.07897
        2.825    -17.33436
        2.835     28.76856
        2.845     50.22399
        2.855     21.97543
        2.865    -23.20550
        2.875    -32.10660
        2.885      6.29919
        2.895     46.81822
        2.905     41.05206
        2.915     -4.30638
        2.925    -34.49242
        2.935    -12.57036
        2.945     34.83671
        2.955     49.19381
        2.965     12.20678
        2.975    -30.48407
        2.985    -25.42424
        2.995     21.19094
        3.005     50.26583
        3.015     24.45490
        3.025    -23.33313
        3.035    -31.21799
        3.045     11.57016
        3.055     49.57675
        3.065     32.91246
        3.075    -16.56411
        3.085    -33.05664
        3.095      5.79057
        3.105     47.94799
        3.115     36.16435
        3.125    -14.08759
        3.135    -34.45637
        3.145      3.09141
        3.155     46.72991
        3.165     35.58704
        3.175    -15.12673
        3.185    -34.17847
        3.195      5.79004
        3.205     48.50351
        3.215     33.10873
        3.225    -18.37719
        3.235    -31.51691
        3.245     13.15585
        3.255     50.70754
        3.265     25.80751
        3.275    -25.34319
        3.285    -27.19949
        3.295     23.04116
        3.305     50.05639
        3.315     12.76766
        3.325    -32.77586
        3.335    -17.18793
        3.345     36.18240
        3.355     45.65217
        3.365     -3.40134
        3.375    -34.76892
        3.385      0.90599
        3.395     48.12724
        3.405     32.45357
        3.415    -21.72411
        3.425    -28.48414
        3.435     22.98763
        3.445     49.86201
        3.455      8.25393
        3.465    -34.79235
        3.475     -9.05006
        3.485     43.69613
        3.495     36.83223
        3.505    -18.30149
        3.515    -29.86407
        3.525     22.01705
        3.535     50.71655
        3.545      7.74666
        3.555    -34.44848
        3.565     -4.15369
        3.575     46.85199
        3.585     30.61327
        3.595    -25.48658
        3.605    -24.52103
        3.615     32.01625
        3.625     45.44391
        3.635     -7.86370
        3.645    -33.70440
        3.655     14.29791
        3.665     51.23244
        3.675     11.11758
        3.685    -34.17234
        3.695     -2.90339
        3.705     48.30095
        3.715     25.85227
        3.725    -29.87421
        3.735    -16.89400
        3.745     40.92220
        3.755     36.49808
        3.765    -22.06985
        3.775    -25.16620
        3.785     33.66108
        3.795     44.08704
        3.805    -13.55332
        3.815    -29.73850
        3.825     26.61159
        3.835     47.49291
        3.845     -7.81901
        3.855    -33.05686
        3.865     20.54952
        3.875     48.50711
        3.885     -4.12491
        3.895    -34.05204
        3.905     18.22049
        3.915     49.81417
        3.925     -1.81965
        3.935    -33.50632
        3.945     18.56821
        3.955     49.78988
        3.965     -3.30743
        3.975    -33.63585
        3.985     20.26768
        3.995     48.02827
        4.005     -7.72210
