        0.000      7.49838
        0.005      7.40155
        0.010      7.11130
        0.015      6.62705
        0.020      5.94934
        0.025      5.07851
        0.030      4.01359
        0.035      2.75564
        0.040      1.30451
        0.045     -0.33894
        0.050     -2.17418
        0.055     -4.20033
        0.060     -6.41607
        0.065     -8.82010
        0.070    -11.40986
        0.075    -14.18270
        0.080    -17.13549
        0.085    -20.26407
        0.090    -23.56376
        0.095    -27.02850
        0.100    -30.65192
        0.105    -34.42587
        0.110    -38.34151
        0.115    -42.38793
        0.120    -46.55374
        0.125    -50.82510
        0.130    -55.18703
        0.135    -59.62306
        0.140    -64.11418
        0.145    -68.64011
        0.150    -73.17820
        0.155    -77.70370
        0.160    -82.19069
        0.165    -86.61007
        0.170    -90.93136
        0.175    -95.12189
        0.180    -99.14669
        0.185   -102.96979
        0.190   -106.55256
        0.195   -109.85535
        0.200   -112.83721
        0.205   -115.45589
        0.210   -117.66839
        0.215   -119.43134
        0.220   -120.70161
        0.225   -121.43643
        0.230   -121.59360
        0.235   -121.13314
        0.240   -120.01652
        0.245   -118.20876
        0.250   -115.67774
        0.255   -112.39581
        0.260   -108.34064
        0.265   -103.49540
        0.270    -97.85036
        0.275    -91.40221
        0.280    -84.15697
        0.285    -76.12905
        0.290    -67.34293
        0.295    -57.83331
        0.300    -47.64557
        0.305    -36.83674
        0.310    -25.47570
        0.315    -13.64302
        0.320     -1.43138
        0.325     11.05503
        0.330     23.70082
        0.335     36.37912
        0.340     48.95423
        0.345     61.28135
        0.350     73.20840
        0.355     84.57819
        0.360     95.22974
        0.365    105.00129
        0.370    113.73238
        0.375    121.26661
        0.380    127.45501
        0.385    132.15944
        0.390    135.25484
        0.395    136.63426
        0.400    136.21078
        0.405    133.92178
        0.410    129.73158
        0.415    123.63515
        0.420    115.65954
        0.425    105.86688
        0.430     94.35574
        0.435     81.26248
        0.440     66.76048
        0.445     51.06030
        0.450     34.40778
        0.455     17.08192
        0.460     -0.60976
        0.465    -18.33425
        0.470    -35.74010
        0.475    -52.46313
        0.480    -68.13495
        0.485    -82.39021
        0.490    -94.87668
        0.495   -105.26420
        0.500   -113.25445
        0.505   -118.59504
        0.515   -120.54691
        0.525   -110.25581
        0.535    -88.03766
        0.545    -55.52277
        0.555    -15.64236
        0.565     27.55114
        0.575     69.23878
        0.585    104.35203
        0.595    128.20576
        0.605    137.17758
        0.615    129.33983
        0.625    104.93703
        0.635     66.60538
        0.645     19.25011
        0.655    -30.45990
        0.665    -74.96118
        0.675   -106.94288
        0.685   -120.61174
        0.695   -112.86076
        0.705    -84.10760
        0.715    -38.58213
        0.725     16.08198
        0.735     69.97976
        0.745    112.67056
        0.755    135.24216
        0.765    132.30821
        0.775    103.48774
        0.785     53.95327
        0.795     -6.21226
        0.805    -63.87568
        0.815   -105.65726
        0.825   -121.11989
        0.835   -105.59143
        0.845    -61.83580
        0.855      0.02685
        0.865     64.56611
        0.875    114.74830
        0.885    136.47838
        0.895    122.78466
        0.905     76.37769
        0.915      9.61919
        0.925    -58.41438
        0.935   -107.22884
        0.945   -121.18133
        0.955    -94.81761
        0.965    -35.39671
        0.975     38.58141
        0.985    102.80337
        0.995    135.08369
        1.005    123.27922
        1.015     70.31855
        1.025     -5.82283
        1.035    -77.74706
        1.045   -118.33546
        1.055   -111.19758
        1.065    -57.80802
        1.075     21.91250
        1.085     96.49597
        1.095    135.18713
        1.105    120.90894
        1.115     58.40625
        1.125    -26.46056
        1.135    -96.84942
        1.145   -120.83575
        1.155    -86.32445
        1.165     -7.86280
        1.175     78.67062
        1.185    132.07065
        1.195    125.60596
        1.205     61.09431
        1.215    -30.39961
        1.225   -102.80775
        1.235   -118.16592
        1.245    -67.11550
        1.255     24.51267
        1.265    107.86591
        1.275    136.83441
        1.285     94.03136
        1.295      2.18070
        1.305    -86.90267
        1.315   -121.14391
        1.325    -79.14722
        1.335     15.34206
        1.345    105.70012
        1.355    135.91240
        1.365     85.79552
        1.375    -14.40584
        1.385   -101.10008
        1.395   -117.37562
        1.405    -51.11178
        1.415     54.74527
        1.425    128.90869
        1.435    119.67709
        1.445     31.98266
        1.455    -73.52985
        1.465   -121.50081
        1.475    -76.00488
        1.485     31.21616
        1.495    121.46109
        1.505    126.46304
        1.515     40.99350
        1.525    -70.39666
        1.535   -120.94402
        1.545    -69.53122
        1.555     44.37903
        1.565    129.46323
        1.575    115.45546
        1.585     12.38515
        1.595    -94.60445
        1.605   -114.65163
        1.615    -29.16883
        1.625     89.10223
        1.635    136.58952
        1.645     69.90079
        1.655    -52.81868
        1.665   -120.89575
        1.675    -70.98468
        1.685     52.17336
        1.695    133.82274
        1.705     95.73173
        1.715    -27.32539
        1.725   -117.19785
        1.735    -85.27055
        1.745     38.53367
        1.755    131.53415
        1.765     99.26573
        1.775    -26.94259
        1.785   -117.94989
        1.795    -78.21490
        1.805     52.24588
        1.815    135.88034
        1.825     82.28919
        1.835    -52.04933
        1.845   -120.81835
        1.855    -46.96197
        1.865     88.81569
        1.875    134.08975
        1.885     36.15174
        1.895    -94.17822
        1.905   -106.03442
        1.915     15.83970
        1.925    128.77444
        1.935     97.73012
        1.945    -41.74546
        1.955   -121.50521
        1.965    -43.12318
        1.975     98.06403
        1.985    126.34188
        1.995      4.73677
        2.005   -113.89648
        2.015    -77.35928
        2.025     68.84297
        2.035    135.22820
        2.045     33.69901
        2.055   -102.65823
        2.065    -91.50809
        2.075     53.82463
        2.085    137.05615
        2.095     43.45124
        2.105    -99.15553
        2.115    -92.17188
        2.125     56.13285
        2.135    136.81578
        2.145     33.81220
        2.155   -106.33501
        2.165    -80.50236
        2.175     74.91577
        2.185    131.58514
        2.195      4.09175
        2.205   -118.38456
        2.215    -50.93478
        2.225    105.36584
        2.235    111.49956
        2.245    -43.39929
        2.255   -119.53323
        2.265      3.35596
        2.275    132.90999
        2.285     63.10101
        2.295    -95.60703
        2.305    -87.29892
        2.315     76.13002
        2.325    128.24567
        2.335    -17.77134
        2.345   -120.65903
        2.355     -7.71497
        2.365    132.25580
        2.375     61.65308
        2.385   -100.61457
        2.395    -76.03207
        2.405     93.97180
        2.415    113.45887
        2.425    -53.20250
        2.435   -112.70394
        2.445     41.60849
        2.455    134.48026
        2.465     -2.16650
        2.475   -121.58333
        2.485     -5.02480
        2.495    134.80203
        2.505     39.25412
        2.515   -114.83070
        2.525    -38.37648
        2.535    125.97446
        2.545     66.58235
        2.555   -104.35658
        2.565    -58.57121
        2.575    116.55448
        2.585     80.41675
        2.595    -97.72083
        2.605    -67.65826
        2.615    111.90437
        2.625     83.09341
        2.635    -97.72694
        2.645    -66.29496
        2.655    114.68709
        2.665     76.16291
        2.675   -103.74473
        2.685    -53.48272
        2.695    123.99200
        2.705     58.43519
        2.715   -113.21512
        2.725    -28.02686
        2.735    134.27040
        2.745     26.88995
        2.755   -120.52769
        2.765     10.65697
        2.775    136.17664
        2.785    -18.88394
        2.795   -115.22266
        2.805     60.11568
        2.815    118.26350
        2.825    -71.52272
        2.835    -84.06303
        2.845    109.79670
        2.855     70.95535
        2.865   -112.66738
        2.875    -20.02848
        2.885    136.80417
        2.895     -5.03266
        2.905   -116.01765
        2.915     64.06586
        2.925    112.65720
        2.935    -85.74021
        2.945    -60.73876
        2.955    128.45938
        2.965     27.95041
        2.975   -121.34193
        2.985     41.83561
        2.995    120.87302
        3.005    -78.08023
        3.015    -66.83215
        3.025    127.69735
        3.035     23.66066
        3.045   -120.07407
        3.055     56.88323
        3.065    110.63274
        3.075    -94.71544
        3.085    -38.23506
        3.095    136.77094
        3.105    -17.92974
        3.115   -105.35244
        3.125    100.27453
        3.135     65.27166
        3.145   -120.15233
        3.155     28.93796
        3.165    120.85972
        3.175    -87.42642
        3.185    -43.78653
        3.195    136.37833
        3.205    -28.25334
        3.215    -95.49467
        3.225    116.76409
        3.235     34.34970
        3.245   -118.85724
        3.255     75.53410
        3.265     84.76183
        3.275   -117.25141
        3.285     27.18371
        3.295    117.11193
        3.305    -98.64671
        3.315    -17.26671
        3.325    132.89781
        3.335    -71.37250
        3.345    -52.03696
        3.355    136.68726
        3.365    -42.66851
        3.375    -76.46695
        3.385    132.97818
        3.395    -17.91385
        3.405    -92.58196
        3.415    125.75418
        3.425      0.21471
        3.435   -102.54363
        3.445    118.68015
        3.455     11.41877
        3.465   -107.53273
        3.475    114.77674
        3.485     16.35755
        3.495   -108.23766
        3.505    115.26248
        3.515     14.82302
        3.525   -105.63145
        3.535    119.28262
        3.545      5.85681
        3.555    -99.91233
        3.565    125.29764
        3.575    -10.72094
        3.585    -89.41399
        3.595    131.75005
        3.605    -33.57589
        3.615    -71.08457
        3.625    136.25708
        3.635    -60.30685
        3.645    -42.62971
        3.655    134.06424
        3.665    -87.96242
        3.675     -4.29007
        3.685    118.90129
        3.695   -111.29077
        3.705     41.18095
        3.715     86.17114
        3.725   -121.53282
        3.735     87.79128
        3.745     35.89418
        3.755   -108.46097
        3.765    124.77235
        3.775    -25.50920
        3.785    -66.13645
        3.795    136.63226
        3.805    -84.22722
        3.815      1.09092
        3.825    109.59760
        3.835   -118.98614
        3.845     75.67968
        3.855     42.69086
        3.865   -107.73637
        3.875    128.38591
        3.885    -43.61616
        3.895    -42.83588
        3.905    128.10861
        3.915   -109.34319
        3.925     52.84482
        3.935     62.05795
        3.945   -112.30021
        3.955    126.47475
        3.965    -41.92344
        3.975    -38.11267
        3.985    123.31655
        3.995   -116.15860
        4.005     73.15493
