    ETA       F       G
    0.00000    0.09490    1.00000
    0.02000    0.09158    0.98732
    0.04000    0.17704    0.97184
    0.06000    0.25666    0.95320
    0.08000    0.33070    0.93185
    0.10000    0.39941    0.90822
    0.12000    0.46306    0.88267
    0.14000    0.52190    0.85555
    0.16000    0.57618    0.82716
    0.18000    0.62615    0.79776
    0.20000    0.67204    0.76762
    0.22000    0.71409    0.73694
    0.24000    0.75252    0.70593
    0.26000    0.78756    0.67478
    0.28000    0.81941    0.64364
    0.30000    0.84828    0.61266
    0.32000    0.87437    0.58197
    0.34000    0.89786    0.55170
    0.36000    0.91894    0.52194
    0.38000    0.93779    0.49280
    0.40000    0.95456    0.46435
    0.42000    0.96941    0.43667
    0.44000    0.98250    0.40981
    0.46000    0.99397    0.38384
    0.48000    1.00396    0.35879
    0.50000    1.01258    0.33471
    0.52000    1.01997    0.31161
    0.54000    1.02623    0.28952
    0.56000    1.03148    0.26845
    0.58000    1.03581    0.24840
    0.60000    1.03931    0.22938
    0.62000    1.04207    0.21138
    0.64000    1.04417    0.19440
    0.66000    1.04569    0.17840
    0.68000    1.04670    0.16339
    0.70000    1.04725    0.14932
    0.72000    1.04740    0.13618
    0.74000    1.04722    0.12393
    0.76000    1.04674    0.11255
    0.78000    1.04601    0.10200
    0.80000    1.04507    0.09223
    0.82000    1.04396    0.08323
    0.84000    1.04271    0.07494
    0.86000    1.04135    0.06733
    0.88000    1.03990    0.06037
    0.90000    1.03839    0.05400
    0.92000    1.03683    0.04821
    0.94000    1.03524    0.04294
    0.96000    1.03365    0.03816
    0.98000    1.03205    0.03384
    1.00000    1.03047    0.02995
    1.02000    1.02892    0.02644
    1.04000    1.02739    0.02329
    1.06000    1.02590    0.02048
    1.08000    1.02446    0.01796
    1.10000    1.02306    0.01572
    1.12000    1.02171    0.01372
    1.14000    1.02041    0.01196
    1.16000    1.01916    0.01039
    1.18000    1.01797    0.00901
    1.20000    1.01684    0.00780
    1.22000    1.01576    0.00674
    1.24000    1.01474    0.00580
    1.26000    1.01376    0.00499
    1.28000    1.01284    0.00428
    1.30000    1.01198    0.00366
    1.32000    1.01116    0.00312
    1.34000    1.01039    0.00266
    1.36000    1.00966    0.00226
    1.38000    1.00898    0.00192
    1.40000    1.00834    0.00162
    1.42000    1.00775    0.00137
    1.44000    1.00719    0.00115
    1.46000    1.00666    0.00097
    1.48000    1.00617    0.00081
    1.50000    1.00572    0.00068
    1.52000    1.00529    0.00057
    1.54000    1.00490    0.00047
    1.56000    1.00453    0.00039
    1.58000    1.00419    0.00033
    1.60000    1.00387    0.00027
    1.62000    1.00357    0.00022
    1.64000    1.00330    0.00018
    1.66000    1.00304    0.00015
    1.68000    1.00280    0.00012
    1.70000    1.00258    0.00010
    1.72000    1.00238    0.00008
    1.74000    1.00219    0.00007
    1.76000    1.00202    0.00005
    1.78000    1.00186    0.00004
    1.80000    1.00171    0.00004
    1.82000    1.00157    0.00003
    1.84000    1.00145    0.00002
    1.86000    1.00133    0.00002
    1.88000    1.00122    0.00001
    1.90000    1.00112    0.00001
    1.92000    1.00103    0.00001
    1.94000    1.00094    0.00001
    1.96000    1.00086    0.00001
    1.98000    1.00079    0.00000
    2.00000    1.00072    0.00000
    2.02000    1.00066    0.00000
    2.04000    1.00061    0.00000
    2.06000    1.00055    0.00000
    2.08000    1.00051    0.00000
    2.10000    1.00046    0.00000
    2.12000    1.00042    0.00000
    2.14000    1.00039    0.00000
    2.16000    1.00035    0.00000
    2.18000    1.00032    0.00000
    2.20000    1.00029    0.00000
    2.22000    1.00027    0.00000
    2.24000    1.00025    0.00000
    2.26000    1.00023    0.00000
    2.28000    1.00021    0.00000
    2.30000    1.00019    0.00000
    2.32000    1.00017    0.00000
    2.34000    1.00016    0.00000
    2.36000    1.00014    0.00000
    2.38000    1.00013    0.00000
    2.40000    1.00012    0.00000
    2.42000    1.00011    0.00000
    2.44000    1.00010    0.00000
    2.46000    1.00009    0.00000
    2.48000    1.00008    0.00000
    2.50000    1.00008    0.00000
    2.52000    1.00007    0.00000
    2.54000    1.00007    0.00000
    2.56000    1.00006    0.00000
    2.58000    1.00005    0.00000
    2.60000    1.00005    0.00000
    2.62000    1.00004    0.00000
    2.64000    1.00004    0.00000
    2.66000    1.00003    0.00000
    2.68000    1.00003    0.00000
    2.70000    1.00003    0.00000
    2.72000    1.00002    0.00000
    2.74000    1.00002    0.00000
    2.76000    1.00002    0.00000
    2.78000    1.00001    0.00000
    2.80000    1.00001    0.00000
    2.82000    1.00001    0.00000
    2.84000    1.00001   -0.00000
    2.86000    1.00001   -0.00000
    2.88000    1.00001   -0.00000
    2.90000    1.00001   -0.00000
    2.92000    1.00001   -0.00000
    2.94000    1.00001   -0.00000
    2.96000    1.00001   -0.00000
    2.98000    1.00001   -0.00000
    3.00000    1.00001   -0.00000
    3.02000    1.00001   -0.00000
    3.04000    1.00002   -0.00000
    3.06000    1.00002   -0.00000
    3.08000    1.00002   -0.00000
    3.10000    1.00002   -0.00000
    3.12000    1.00002   -0.00000
    3.14000    1.00002   -0.00000
    3.16000    1.00002   -0.00000
    3.18000    1.00002   -0.00000
    3.20000    1.00002   -0.00000
    3.22000    1.00002   -0.00000
    3.24000    1.00002   -0.00000
    3.26000    1.00002   -0.00000
    3.28000    1.00002   -0.00000
    3.30000    1.00002   -0.00000
    3.32000    1.00002   -0.00000
    3.34000    1.00002   -0.00000
    3.36000    1.00002   -0.00000
    3.38000    1.00002   -0.00000
    3.40000    1.00002   -0.00000
    3.42000    1.00002   -0.00000
    3.44000    1.00002   -0.00000
    3.46000    1.00002   -0.00000
    3.48000    1.00002   -0.00000
    3.50000    1.00002   -0.00000
    3.52000    1.00002   -0.00000
    3.54000    1.00002   -0.00000
    3.56000    1.00002   -0.00000
    3.58000    1.00002   -0.00000
    3.60000    1.00002   -0.00000
    3.62000    1.00002   -0.00000
    3.64000    1.00002   -0.00000
    3.66000    1.00002   -0.00000
    3.68000    1.00002   -0.00000
    3.70000    1.00002   -0.00000
    3.72000    1.00002   -0.00000
    3.74000    1.00002   -0.00000
    3.76000    1.00002   -0.00000
    3.78000    1.00002   -0.00000
    3.80000    1.00001   -0.00000
    3.82000    1.00001   -0.00000
    3.84000    1.00001   -0.00000
    3.86000    1.00001   -0.00000
    3.88000    1.00001   -0.00000
    3.90000    1.00001   -0.00000
    3.92000    1.00001   -0.00000
    3.94000    1.00000   -0.00000
    3.96000    1.00000   -0.00000
    3.98000    1.00000   -0.00000
    4.00000    1.00000   -0.00000
    4.02000    1.00000   -0.00000
    4.04000    1.00000   -0.00000
    4.06000    0.99999   -0.00000
    4.08000    0.99999   -0.00000
    4.10000    0.99999   -0.00000
    4.12000    0.99999   -0.00000
    4.14000    0.99998   -0.00000
    4.16000    0.99998   -0.00000
    4.18000    0.99998   -0.00000
    4.20000    0.99998   -0.00000
    4.22000    0.99998   -0.00000
    4.24000    0.99998   -0.00000
    4.26000    0.99998   -0.00000
    4.28000    0.99998   -0.00000
    4.30000    0.99998   -0.00000
    4.32000    0.99997   -0.00000
    4.34000    0.99997   -0.00000
    4.36000    0.99997   -0.00000
    4.38001    0.99997   -0.00000
    4.40001    0.99997   -0.00000
    4.42001    0.99997   -0.00000
    4.44001    0.99997   -0.00000
    4.46001    0.99997   -0.00000
    4.48001    0.99997   -0.00000
    4.50001    0.99997   -0.00000
    4.52001    0.99997   -0.00000
    4.54001    0.99997   -0.00000
    4.56001    0.99998   -0.00000
    4.58001    0.99998   -0.00000
    4.60001    0.99998   -0.00000
    4.62001    0.99998   -0.00000
    4.64001    0.99998   -0.00000
    4.66001    0.99998   -0.00000
    4.68001    0.99998   -0.00000
    4.70001    0.99998   -0.00000
    4.72001    0.99998    0.00000
    4.74001    0.99998    0.00000
    4.76001    0.99998    0.00000
    4.78001    0.99998    0.00000
    4.80001    0.99999    0.00000
    4.82002    0.99999    0.00000
    4.84002    0.99999    0.00000
    4.86002    0.99999    0.00000
    4.88002    0.99999    0.00000
    4.90002    0.99999    0.00000
    4.92002    0.99999    0.00000
    4.94002    0.99999    0.00000
    4.96002    1.00000    0.00000
    4.98002    1.00000    0.00000
    5.00002    1.00000    0.00000
