    ETA       F       G
    0.00000    0.09490    1.00000
    0.02000    0.07814    0.98382
    0.04000    0.15235    0.96624
    0.06000    0.22271    0.94659
    0.08000    0.28929    0.92511
    0.10000    0.35218    0.90200
    0.12000    0.41144    0.87748
    0.14000    0.46720    0.85172
    0.16000    0.51953    0.82492
    0.18000    0.56856    0.79726
    0.20000    0.61438    0.76890
    0.22000    0.65711    0.74000
    0.24000    0.69687    0.71072
    0.26000    0.73377    0.68119
    0.28000    0.76794    0.65156
    0.30000    0.79948    0.62195
    0.32000    0.82854    0.59249
    0.34000    0.85521    0.56327
    0.36000    0.87964    0.53441
    0.38000    0.90192    0.50600
    0.40000    0.92219    0.47813
    0.42000    0.94056    0.45088
    0.44000    0.95714    0.42431
    0.46000    0.97205    0.39849
    0.48000    0.98539    0.37347
    0.50000    0.99726    0.34931
    0.52000    1.00777    0.32603
    0.54000    1.01702    0.30367
    0.56000    1.02511    0.28226
    0.58000    1.03211    0.26180
    0.60000    1.03813    0.24232
    0.62000    1.04324    0.22382
    0.64000    1.04751    0.20629
    0.66000    1.05104    0.18973
    0.68000    1.05388    0.17413
    0.70000    1.05610    0.15947
    0.72000    1.05776    0.14573
    0.74000    1.05892    0.13288
    0.76000    1.05965    0.12091
    0.78000    1.05997    0.10978
    0.80000    1.05995    0.09945
    0.82000    1.05962    0.08990
    0.84000    1.05903    0.08109
    0.86000    1.05821    0.07298
    0.88000    1.05719    0.06554
    0.90000    1.05601    0.05873
    0.92000    1.05469    0.05251
    0.94000    1.05325    0.04684
    0.96000    1.05173    0.04170
    0.98000    1.05013    0.03703
    1.00000    1.04849    0.03282
    1.02000    1.04680    0.02902
    1.04000    1.04509    0.02560
    1.06000    1.04337    0.02254
    1.08000    1.04165    0.01979
    1.10000    1.03994    0.01735
    1.12000    1.03825    0.01517
    1.14000    1.03659    0.01323
    1.16000    1.03495    0.01152
    1.18000    1.03335    0.01000
    1.20000    1.03178    0.00867
    1.22000    1.03026    0.00750
    1.24000    1.02879    0.00647
    1.26000    1.02736    0.00557
    1.28000    1.02598    0.00478
    1.30000    1.02465    0.00410
    1.32000    1.02337    0.00350
    1.34000    1.02213    0.00299
    1.36000    1.02095    0.00255
    1.38000    1.01982    0.00216
    1.40000    1.01873    0.00183
    1.42000    1.01769    0.00155
    1.44000    1.01670    0.00131
    1.46000    1.01576    0.00110
    1.48000    1.01486    0.00093
    1.50000    1.01400    0.00078
    1.52000    1.01319    0.00065
    1.54000    1.01241    0.00054
    1.56000    1.01167    0.00045
    1.58000    1.01098    0.00038
    1.60000    1.01031    0.00031
    1.62000    1.00969    0.00026
    1.64000    1.00909    0.00021
    1.66000    1.00853    0.00018
    1.68000    1.00800    0.00014
    1.70000    1.00750    0.00012
    1.72000    1.00702    0.00010
    1.74000    1.00657    0.00008
    1.76000    1.00615    0.00006
    1.78000    1.00575    0.00005
    1.80000    1.00538    0.00004
    1.82000    1.00502    0.00004
    1.84000    1.00469    0.00003
    1.86000    1.00438    0.00002
    1.88000    1.00409    0.00002
    1.90000    1.00381    0.00002
    1.92000    1.00355    0.00001
    1.94000    1.00331    0.00001
    1.96000    1.00308    0.00001
    1.98000    1.00287    0.00001
    2.00000    1.00267    0.00001
    2.02000    1.00248    0.00000
    2.04000    1.00231    0.00000
    2.06000    1.00214    0.00000
    2.08000    1.00199    0.00000
    2.10000    1.00185    0.00000
    2.12000    1.00171    0.00000
    2.14000    1.00159    0.00000
    2.16000    1.00147    0.00000
    2.18000    1.00136    0.00000
    2.20000    1.00126    0.00000
    2.22000    1.00117    0.00000
    2.24000    1.00108    0.00000
    2.26000    1.00100    0.00000
    2.28000    1.00092    0.00000
    2.30000    1.00085    0.00000
    2.32000    1.00078    0.00000
    2.34000    1.00072    0.00000
    2.36000    1.00066    0.00000
    2.38000    1.00061    0.00000
    2.40000    1.00056    0.00000
    2.42000    1.00052    0.00000
    2.44000    1.00047    0.00000
    2.46000    1.00044    0.00000
    2.48000    1.00040    0.00000
    2.50000    1.00037    0.00000
    2.52000    1.00034    0.00000
    2.54000    1.00031    0.00000
    2.56000    1.00028    0.00000
    2.58000    1.00026    0.00000
    2.60000    1.00024    0.00000
    2.62000    1.00022    0.00000
    2.64000    1.00020    0.00000
    2.66000    1.00019    0.00000
    2.68000    1.00017    0.00000
    2.70000    1.00016    0.00000
    2.72000    1.00014    0.00000
    2.74000    1.00013    0.00000
    2.76000    1.00012    0.00000
    2.78000    1.00011    0.00000
    2.80000    1.00010    0.00000
    2.82000    1.00009    0.00000
    2.84000    1.00008    0.00000
    2.86000    1.00008    0.00000
    2.88000    1.00007    0.00000
    2.90000    1.00006    0.00000
    2.92000    1.00006    0.00000
    2.94000    1.00005    0.00000
    2.96000    1.00004    0.00000
    2.98000    1.00004    0.00000
    3.00000    1.00004    0.00000
    3.02000    1.00003    0.00000
    3.04000    1.00003    0.00000
    3.06000    1.00003    0.00000
    3.08000    1.00003   -0.00000
    3.10000    1.00002   -0.00000
    3.12000    1.00002   -0.00000
    3.14000    1.00002   -0.00000
    3.16000    1.00002   -0.00000
    3.18000    1.00002   -0.00000
    3.20000    1.00002   -0.00000
    3.22000    1.00003   -0.00000
    3.24000    1.00003   -0.00000
    3.26000    1.00003   -0.00000
    3.28000    1.00003   -0.00000
    3.30000    1.00003   -0.00000
    3.32000    1.00003   -0.00000
    3.34000    1.00003   -0.00000
    3.36000    1.00002   -0.00000
    3.38000    1.00002   -0.00000
    3.40000    1.00002   -0.00000
    3.42000    1.00002   -0.00000
    3.44000    1.00002   -0.00000
    3.46000    1.00002   -0.00000
    3.48000    1.00001   -0.00000
    3.50000    1.00001   -0.00000
    3.52000    1.00001   -0.00000
    3.54000    1.00001   -0.00000
    3.56000    1.00000   -0.00000
    3.58000    1.00000   -0.00000
    3.60000    1.00000   -0.00000
    3.62000    1.00000   -0.00000
    3.64000    1.00000   -0.00000
    3.66000    1.00000   -0.00000
    3.68000    1.00000   -0.00000
    3.70000    0.99999   -0.00000
    3.72000    0.99999   -0.00000
    3.74000    0.99999   -0.00000
    3.76000    0.99999   -0.00000
    3.78000    0.99999   -0.00000
    3.80000    0.99999   -0.00000
    3.82000    0.99999   -0.00000
    3.84000    0.99999   -0.00000
    3.86000    0.99999   -0.00000
    3.88000    0.99999   -0.00000
    3.90000    0.99999   -0.00000
    3.92000    0.99998   -0.00000
    3.94000    0.99998   -0.00000
    3.96000    0.99998   -0.00000
    3.98000    0.99998   -0.00000
    4.00000    0.99998   -0.00000
    4.02000    0.99998   -0.00000
    4.04000    0.99998   -0.00000
    4.06000    0.99998   -0.00000
    4.08000    0.99999   -0.00000
    4.10000    0.99999   -0.00000
    4.12000    0.99999   -0.00000
    4.14000    0.99999   -0.00000
    4.16000    0.99999   -0.00000
    4.18000    0.99999   -0.00000
    4.20000    0.99999   -0.00000
    4.22000    0.99999   -0.00000
    4.24000    0.99999   -0.00000
    4.26000    0.99999   -0.00000
    4.28000    0.99999   -0.00000
    4.30000    1.00000   -0.00000
    4.32000    1.00000   -0.00000
    4.34000    1.00000   -0.00000
    4.36000    1.00000   -0.00000
    4.38001    1.00000   -0.00000
    4.40001    1.00000   -0.00000
    4.42001    1.00000   -0.00000
    4.44001    1.00000   -0.00000
    4.46001    1.00000   -0.00000
    4.48001    1.00000   -0.00000
    4.50001    1.00000   -0.00000
    4.52001    1.00000   -0.00000
    4.54001    1.00000   -0.00000
    4.56001    1.00000   -0.00000
    4.58001    1.00000   -0.00000
    4.60001    1.00000   -0.00000
    4.62001    1.00000   -0.00000
    4.64001    1.00000   -0.00000
    4.66001    1.00000   -0.00000
    4.68001    1.00000   -0.00000
    4.70001    1.00000   -0.00000
    4.72001    1.00000   -0.00000
    4.74001    1.00000   -0.00000
    4.76001    1.00000   -0.00000
    4.78001    1.00000   -0.00000
    4.80001    1.00000   -0.00000
    4.82002    1.00000   -0.00000
    4.84002    1.00000   -0.00000
    4.86002    1.00000   -0.00000
    4.88002    1.00000   -0.00000
    4.90002    1.00000   -0.00000
    4.92002    1.00000   -0.00000
    4.94002    1.00000   -0.00000
    4.96002    1.00000   -0.00000
    4.98002    1.00000   -0.00000
    5.00002    1.00000    0.00000
