        0.000    0.57784
        0.010    0.56699
        0.020    0.53478
        0.030    0.48103
        0.040    0.40572
        0.050    0.30893
        0.060    0.19061
        0.070    0.05077
        0.080   -0.11048
        0.090   -0.29321
        0.100   -0.49741
        0.110   -0.72297
        0.120   -0.96980
        0.130   -1.23788
        0.140   -1.52712
        0.150   -1.83732
        0.160   -2.16837
        0.170   -2.52004
        0.180   -2.89212
        0.190   -3.28426
        0.200   -3.69619
        0.210   -4.12744
        0.220   -4.57766
        0.230   -5.04627
        0.240   -5.53267
        0.250   -6.03612
        0.260   -6.55592
        0.270   -7.09121
        0.280   -7.64093
        0.290   -8.20409
        0.300   -8.77953
        0.310   -9.36591
        0.320   -9.96179
        0.330  -10.56562
        0.340  -11.17569
        0.350  -11.79018
        0.360  -12.40710
        0.370  -13.02434
        0.380  -13.63962
        0.390  -14.25051
        0.400  -14.85440
        0.410  -15.44859
        0.420  -16.03014
        0.430  -16.59610
        0.440  -17.14327
        0.450  -17.66827
        0.460  -18.16771
        0.470  -18.63805
        0.480  -19.07558
        0.490  -19.47661
        0.500  -19.83725
    ETA       F       G
        0.510  -20.15363
        0.520  -20.42182
        0.530  -20.63793
        0.540  -20.79803
        0.550  -20.89818
        0.560  -20.93464
        0.570  -20.90371
        0.580  -20.80186
        0.590  -20.62573
        0.600  -20.37217
        0.610  -20.03834
        0.620  -19.62169
        0.630  -19.12002
        0.640  -18.53156
        0.650  -17.85499
        0.660  -17.08951
        0.670  -16.23483
        0.680  -15.29137
        0.690  -14.26003
        0.700  -13.14254
        0.710  -11.94129
        0.720  -10.65956
        0.730   -9.30127
        0.740   -7.87131
        0.750   -6.37534
        0.760   -4.81996
        0.770   -3.21265
        0.780   -1.56175
        0.790    0.12346
        0.800    1.83300
        0.810    3.55591
        0.820    5.28050
        0.830    6.99441
        0.840    8.68467
        0.850   10.33764
        0.860   11.93921
        0.870   13.47504
        0.880   14.93046
        0.890   16.29081
        0.900   17.54140
        0.910   18.66781
        0.920   19.65616
        0.930   20.49303
        0.940   21.16589
        0.950   21.66317
        0.960   21.97455
        0.970   22.09111
        0.980   22.00556
        0.990   21.71251
        1.000   21.20846
        1.010   20.49219
        1.020   19.56488
        1.030   18.43010
        1.040   17.09418
        1.050   15.56606
        1.060   13.85754
        1.070   11.98308
        1.080    9.96005
        1.090    7.80846
        1.100    5.55093
        1.110    3.21251
        1.120    0.82043
        1.130   -1.59605
        1.140   -4.00606
        1.150   -6.37741
        1.160   -8.67706
        1.170  -10.87162
        1.180  -12.92769
        1.190  -14.81252
        1.200  -16.49459
        1.210  -17.94413
        1.220  -19.13365
        1.230  -20.03870
        1.240  -20.63833
        1.250  -20.91565
        1.260  -20.85844
        1.270  -20.45960
        1.280  -19.71744
        1.290  -18.63619
        1.300  -17.22605
        1.310  -15.50347
        1.320  -13.49115
        1.330  -11.21790
        1.340   -8.71855
        1.350   -6.03324
        1.360   -3.20731
        1.370   -0.29046
        1.380    2.66398
        1.390    5.59995
        1.400    8.45973
        1.410   11.18519
        1.420   13.71865
        1.430   16.00445
        1.440   17.99021
        1.450   19.62806
        1.460   20.87596
        1.470   21.69898
        1.480   22.07044
        1.490   21.97291
        1.500   21.39907
        1.510   20.35227
        1.520   18.84712
        1.530   16.90946
        1.540   14.57636
        1.550   11.89584
        1.560    8.92592
        1.570    5.73366
        1.580    2.39398
        1.590   -1.01207
        1.600   -4.39920
        1.610   -7.67977
        1.620  -10.76640
        1.630  -13.57394
        1.640  -16.02229
        1.650  -18.03862
        1.660  -19.55988
        1.670  -20.53495
        1.680  -20.92663
        1.690  -20.71329
        1.700  -19.89026
        1.710  -18.47066
        1.720  -16.48558
        1.730  -13.98409
        1.740  -11.03226
        1.750   -7.71196
        1.760   -4.11885
        1.770   -0.35995
        1.780    3.44940
        1.790    7.18906
        1.800   10.73765
        1.810   13.97668
        1.820   16.79443
        1.830   19.09050
        1.840   20.77910
        1.850   21.79296
        1.860   22.08628
        1.870   21.63718
        1.880   20.44956
        1.890   18.55357
        1.900   16.00582
        1.910   12.88812
        1.920    9.30539
        1.930    5.38261
        1.940    1.26087
        1.950   -2.90756
        1.960   -6.96465
        1.970  -10.75260
        1.980  -14.12012
        1.990  -16.92876
        2.000  -19.05861
        2.010  -20.41423
        2.020  -20.92911
        2.030  -20.56980
        2.040  -19.33815
        2.050  -17.27267
        2.060  -14.44787
        2.070  -10.97262
        2.080   -6.98640
        2.090   -2.65450
        2.100    1.83899
        2.110    6.29813
        2.120   10.52382
        2.130   14.32286
        2.140   17.51689
        2.150   19.95116
        2.160   21.50248
        2.170   22.08614
        2.180   21.66134
        2.190   20.23434
        2.200   17.85990
        2.210   14.63993
        2.220   10.72010
        2.230    6.28398
        2.240    1.54505
        2.250   -3.26305
        2.260   -7.89812
        2.270  -12.12136
        2.280  -15.70990
        2.290  -18.46906
        2.300  -20.24348
        2.310  -20.92646
        2.320  -20.46758
        2.330  -18.87671
        2.340  -16.22550
        2.350  -12.64533
        2.360   -8.32185
        2.370   -3.48592
        2.380    1.59777
        2.390    6.64492
        2.400   11.36730
        2.410   15.48929
        2.420   18.76448
        2.430   20.99097
        2.440   22.02454
        2.450   21.78919
        2.460   20.28357
        2.470   17.58311
        2.480   13.83770
        2.490    9.26456
        2.500    4.13662
        2.510   -1.23308
        2.520   -6.51001
        2.530  -11.35889
        2.540  -15.46494
        2.550  -18.55540
        2.560  -20.41792
        2.570  -20.91643
        2.580  -20.00231
        2.590  -17.71986
        2.600  -14.20592
        2.610   -9.68312
        2.620   -4.44706
        2.630    1.15231
        2.640    6.73299
        2.650   11.90709
        2.660   16.30795
        2.670   19.61658
        2.680   21.58569
        2.690   22.05928
        2.700   20.98684
        2.710   18.42906
        2.720   14.55679
        2.730    9.64092
        2.740    4.03510
        2.750   -1.84908
        2.760   -7.57133
        2.770  -12.69587
        2.780  -16.82469
        2.790  -19.62927
        2.800  -20.87812
        2.810  -20.45717
        2.820  -18.38198
        2.830  -14.79920
        2.840   -9.97862
        2.850   -4.29443
        2.860    1.80312
        2.870    7.82186
        2.880   13.26742
        2.890   17.68448
        2.900   20.69529
        2.910   22.03326
        2.920   21.56865
        2.930   19.32255
        2.940   15.46870
        2.950   10.32207
        2.960    4.31547
        2.970   -2.03647
        2.980   -8.17973
        2.990  -13.56981
        3.000  -17.71987
        3.010  -20.24619
        3.020  -20.90509
        3.030  -19.61849
        3.040  -16.48482
        3.050  -11.77390
        3.060   -5.90602
        3.070    0.58394
        3.080    7.09384
        3.090   13.01021
        3.100   17.76573
        3.110   20.89507
        3.120   22.08174
        3.130   21.19265
        3.140   18.29458
        3.150   13.65252
        3.160    7.70764
        3.170    1.03761
        3.180   -5.69865
        3.190  -11.82488
        3.200  -16.71635
        3.210  -19.86406
        3.220  -20.92958
        3.230  -19.78427
        3.240  -16.52646
        3.250  -11.47639
        3.260   -5.14738
        3.270    1.80451
        3.280    8.64680
        3.290   14.64772
        3.300   19.15495
        3.310   21.66770
        3.320   21.89481
        3.330   19.79120
        3.340   15.56749
        3.350    9.67265
        3.360    2.74839
        3.370   -4.43881
        3.380  -11.08124
        3.390  -16.42130
        3.400  -19.83880
        3.410  -20.92497
        3.420  -19.53459
        3.430  -15.80744
        3.440  -10.15830
        3.450   -3.23359
        3.460    4.16037
        3.470   11.14974
        3.480   16.89659
        3.490   20.70040
        3.500   22.08502
        3.510   20.86215
        3.520   17.15917
        3.530   11.41006
        3.540    4.30772
        3.550   -3.27685
        3.560  -10.40042
        3.570  -16.16454
        3.580  -19.83004
        3.590  -20.91406
        3.600  -19.25700
        3.610  -15.04928
        3.620   -8.81323
        3.630   -1.34166
        3.640    6.40015
        3.650   13.39848
        3.660   18.72397
        3.670   21.65651
        3.680   21.78570
        3.690   19.07176
        3.700   13.85800
        3.710    6.83116
        3.720   -1.06560
        3.730   -8.75738
        3.740  -15.18329
        3.750  -19.44386
        3.760  -20.92875
        3.770  -19.40879
        3.780  -15.07437
        3.790   -8.51617
        3.800   -0.64913
        3.810    7.41305
        3.820   14.51384
        3.830   19.62115
        3.840   21.97829
        3.850   21.22040
        3.860   17.43478
        3.870   11.15640
        3.880    3.29609
        3.890   -4.98807
        3.900  -12.45946
        3.910  -17.98877
        3.920  -20.72547
        3.930  -20.23296
        3.940  -16.56243
        3.950  -10.25353
        3.960   -2.25915
        3.970    6.19409
        3.980   13.79297
        3.990   19.34180
        4.000   21.95257
        4.010   21.19085
