        0.000    4.70317
        0.010    4.69237
        0.020    4.66018
        0.030    4.60649
        0.040    4.53115
        0.050    4.43439
        0.060    4.31623
        0.070    4.17654
        0.080    4.01557
        0.090    3.83332
        0.100    3.62976
        0.110    3.40505
        0.120    3.15930
        0.130    2.89262
        0.140    2.60520
        0.150    2.29720
        0.160    1.96891
        0.170    1.62046
        0.180    1.25233
        0.190    0.86478
        0.200    0.45819
        0.210    0.03306
        0.220   -0.41008
        0.230   -0.87049
        0.240   -1.34762
        0.250   -1.84069
        0.260   -2.34885
        0.270   -2.87112
        0.280   -3.40646
        0.290   -3.95382
        0.300   -4.51181
        0.310   -5.07907
        0.320   -5.65419
        0.330   -6.23557
        0.340   -6.82132
        0.350   -7.40976
        0.360   -7.99872
        0.370   -8.58617
        0.380   -9.16972
        0.390   -9.74706
        0.400  -10.31555
        0.410  -10.87254
        0.420  -11.41515
        0.430  -11.94048
        0.440  -12.44539
        0.450  -12.92664
        0.460  -13.38097
        0.470  -13.80490
        0.480  -14.19500
        0.490  -14.54763
        0.500  -14.85913
    ETA       F       G
        0.510  -15.12584
        0.520  -15.34401
        0.530  -15.51001
        0.540  -15.62010
        0.550  -15.67069
        0.560  -15.65819
        0.570  -15.57936
        0.580  -15.43077
        0.590  -15.20952
        0.600  -14.91261
        0.610  -14.53767
        0.620  -14.08236
        0.630  -13.54484
        0.640  -12.92367
        0.650  -12.21785
        0.660  -11.42686
        0.670  -10.55071
        0.680   -9.59013
        0.690   -8.54635
        0.700   -7.42134
        0.710   -6.21775
        0.720   -4.93909
        0.730   -3.58950
        0.740   -2.17405
        0.750   -0.69857
        0.760    0.83025
        0.770    2.40490
        0.780    4.01701
        0.790    5.65745
        0.800    7.31610
        0.810    8.98237
        0.820   10.64478
        0.830   12.29132
        0.840   13.90930
        0.850   15.48566
        0.860   17.00700
        0.870   18.45961
        0.880   19.82968
        0.890   21.10350
        0.900   22.26747
        0.910   23.30846
        0.920   24.21379
        0.930   24.97152
        0.940   25.57053
        0.950   26.00086
        0.960   26.25370
        0.970   26.32161
        0.980   26.19877
        0.990   25.88092
        1.000   25.36570
        1.010   24.65252
        1.020   23.74295
        1.030   22.64063
        1.040   21.35142
        1.050   19.88347
        1.060   18.24746
        1.070   16.45642
        1.080   14.52596
        1.090   12.47419
        1.100   10.32167
        1.110    8.09130
        1.120    5.80821
        1.130    3.49954
        1.140    1.19399
        1.150   -1.07820
        1.160   -3.28583
        1.170   -5.39724
        1.180   -7.38068
        1.190   -9.20482
        1.200  -10.83937
        1.210  -12.25558
        1.220  -13.42687
        1.230  -14.32938
        1.240  -14.94257
        1.250  -15.24970
        1.260  -15.23836
        1.270  -14.90099
        1.280  -14.23513
        1.290  -13.24384
        1.300  -11.93589
        1.310  -10.32578
        1.320   -8.43401
        1.330   -6.28656
        1.340   -3.91511
        1.350   -1.35630
        1.360    1.34836
        1.370    4.15338
        1.380    7.00976
        1.390    9.86565
        1.400   12.66718
        1.410   15.35932
        1.420   17.88662
        1.430   20.19450
        1.440   22.23021
        1.450   23.94417
        1.460   25.29133
        1.470   26.23281
        1.480   26.73707
        1.490   26.78149
        1.500   26.35330
        1.510   25.45067
        1.520   24.08314
        1.530   22.27201
        1.540   20.05032
        1.550   17.46251
        1.560   14.56367
        1.570   11.41860
        1.580    8.10055
        1.590    4.68969
        1.600    1.27101
        1.610   -2.06746
        1.620   -5.23691
        1.630   -8.15019
        1.640  -10.72422
        1.650  -12.88228
        1.660  -14.55651
        1.670  -15.69003
        1.680  -16.23909
        1.690  -16.17472
        1.700  -15.48451
        1.710  -14.17373
        1.720  -12.26642
        1.730   -9.80589
        1.740   -6.85455
        1.750   -3.49336
        1.760    0.18016
        1.770    4.05428
        1.780    8.00666
        1.790   11.90868
        1.800   15.62965
        1.810   19.04178
        1.820   22.02476
        1.830   24.47001
        1.840   26.28513
        1.850   27.39722
        1.860   27.75633
        1.870   27.33770
        1.880   26.14362
        1.890   24.20416
        1.900   21.57728
        1.910   18.34761
        1.920   14.62460
        1.930   10.53921
        1.940    6.24014
        1.950    1.88890
        1.960   -2.34579
        1.970   -6.29466
        1.980   -9.79445
        1.990  -12.69577
        2.000  -14.87017
        2.010  -16.21709
        2.020  -16.66981
        2.030  -16.19930
        2.040  -14.81631
        2.050  -12.57120
        2.060   -9.55218
        2.070   -5.88189
        2.080   -1.71274
        2.090    2.77874
        2.100    7.39901
        2.110   11.94503
        2.120   16.21292
        2.130   20.00707
        2.140   23.14906
        2.150   25.48657
        2.160   26.90130
        2.170   27.31595
        2.180   26.69965
        2.190   25.07103
        2.200   22.49920
        2.210   19.10210
        2.220   15.04149
        2.230   10.51543
        2.240    5.74790
        2.250    0.97674
        2.260   -3.55859
        2.270   -7.62906
        2.280  -11.02681
        2.290  -13.57517
        2.300  -15.13721
        2.310  -15.62374
        2.320  -14.99912
        2.330  -13.28510
        2.340  -10.56171
        2.350   -6.96520
        2.360   -2.68245
        2.370    2.05787
        2.380    6.99700
        2.390   11.86025
        2.400   16.37264
        2.410   20.27531
        2.420   23.34146
        2.430   25.39028
        2.440   26.29784
        2.450   26.00439
        2.460   24.51733
        2.470   21.91116
        2.480   18.32492
        2.490   13.95718
        2.500    9.05784
        2.510    3.91620
        2.520   -1.15518
        2.530   -5.83928
        2.540   -9.83525
        2.550  -12.87897
        2.560  -14.76187
        2.570  -15.34651
        2.580  -14.57786
        2.590  -12.48874
        2.600   -9.19959
        2.610   -4.91219
        2.620    0.10257
        2.630    5.52086
        2.640   10.98506
        2.650   16.12506
        2.660   20.58082
        2.670   24.02675
        2.680   26.19709
        2.690   26.90943
        2.700   26.08371
        2.710   23.75267
        2.720   20.06338
        2.730   15.26896
        2.740    9.71165
        2.750    3.79861
        2.760   -2.02746
        2.770   -7.32169
        2.780  -11.67017
        2.790  -14.72216
        2.800  -16.21829
        2.810  -16.01318
        2.820  -14.09109
        2.830  -10.57389
        2.840   -5.71909
        2.850    0.09493
        2.860    6.39777
        2.870   12.66646
        2.880   18.37162
        2.890   23.02454
        2.900   26.21969
        2.910   27.67038
        2.920   27.23510
        2.930   24.93188
        2.940   20.94011
        2.950   15.58912
        2.960    9.33420
        2.970    2.72022
        2.980   -3.66297
        2.990   -9.23360
        3.000  -13.47328
        3.010  -15.98055
        3.020  -16.51375
        3.030  -15.01661
        3.040  -11.62291
        3.050   -6.64333
        3.060   -0.53661
        3.070    6.13083
        3.080   12.73523
        3.090   18.65211
        3.100   23.31404
        3.110   26.26653
        3.120   27.21456
        3.130   26.05597
        3.140   22.89684
        3.150   18.04512
        3.160   11.98110
        3.170    5.30751
        3.180   -1.31446
        3.190   -7.23028
        3.200  -11.85450
        3.210  -14.72450
        3.220  -15.54616
        3.230  -14.22601
        3.240  -10.88620
        3.250   -5.85748
        3.260    0.34923
        3.270    7.09354
        3.280   13.67119
        3.290   19.38998
        3.300   23.64509
        3.310   25.98422
        3.320   26.15413
        3.330   24.12417
        3.340   20.09051
        3.350   14.46282
        3.360    7.83092
        3.370    0.90933
        3.380   -5.53728
        3.390  -10.78081
        3.400  -14.21480
        3.410  -15.42831
        3.420  -14.25798
        3.430  -10.81062
        3.440   -5.45513
        3.450    1.21659
        3.460    8.45177
        3.470   15.41453
        3.480   21.27528
        3.490   25.30803
        3.500   26.98675
        3.510   26.06323
        3.520   22.60942
        3.530   17.01713
        3.540    9.95429
        3.550    2.28575
        3.560   -5.03241
        3.570  -11.07060
        3.580  -15.04214
        3.590  -16.40468
        3.600  -14.93694
        3.610  -10.78210
        3.620   -4.44766
        3.630    3.24974
        3.640   11.29078
        3.650   18.59560
        3.660   24.17386
        3.670   27.25928
        3.680   27.41555
        3.690   24.59859
        3.700   19.16888
        3.710   11.85129
        3.720    3.64506
        3.730   -4.30753
        3.740  -10.88098
        3.750  -15.13506
        3.760  -16.46014
        3.770  -14.66889
        3.780  -10.01930
        3.790   -3.17342
        3.800    4.89469
        3.810   13.03305
        3.820   20.07155
        3.830   24.98927
        3.840   27.06514
        3.850   25.99146
        3.860   21.92754
        3.870   15.48062
        3.880    7.61082
        3.890   -0.51947
        3.900   -7.71665
        3.910  -12.92412
        3.920  -15.36928
        3.930  -14.67973
        3.940  -10.94657
        3.950   -4.72177
        3.960    3.05764
        3.970   11.20814
        3.980   18.48328
        3.990   23.76826
        4.000   26.25048
        4.010   25.53694
