        0.000    0.57784
        0.010    0.56699
        0.020    0.53478
        0.030    0.48104
        0.040    0.40590
        0.050    0.30936
        0.060    0.19168
        0.070    0.05277
        0.080   -0.10718
        0.090   -0.28788
        0.100   -0.48925
        0.110   -0.71089
        0.120   -0.95269
        0.130   -1.21438
        0.140   -1.49558
        0.150   -1.79596
        0.160   -2.11520
        0.170   -2.45272
        0.180   -2.80816
        0.190   -3.18113
        0.200   -3.57094
        0.210   -3.97716
        0.220   -4.39921
        0.230   -4.83639
        0.240   -5.28805
        0.250   -5.75337
        0.260   -6.23161
        0.270   -6.72183
        0.280   -7.22312
        0.290   -7.73442
        0.300   -8.25463
        0.310   -8.78244
        0.320   -9.31659
        0.330   -9.85558
        0.340  -10.39784
        0.350  -10.94172
        0.360  -11.48533
        0.370  -12.02670
        0.380  -12.56375
        0.390  -13.09422
        0.400  -13.61571
        0.410  -14.12572
        0.420  -14.62158
        0.430  -15.10044
        0.440  -15.55937
        0.450  -15.99527
        0.460  -16.40500
        0.470  -16.78524
        0.480  -17.13262
        0.490  -17.44361
        0.500  -17.71469
    ETA       F       G
        0.510  -17.94220
        0.520  -18.12259
        0.530  -18.25219
        0.540  -18.32742
        0.550  -18.34475
        0.560  -18.30067
        0.570  -18.19185
        0.580  -18.01509
        0.590  -17.76737
        0.600  -17.44598
        0.610  -17.04833
        0.620  -16.57229
        0.630  -16.01607
        0.640  -15.37822
        0.650  -14.65782
        0.660  -13.85439
        0.670  -12.96813
        0.680  -11.99968
        0.690  -10.95039
        0.700   -9.82235
        0.710   -8.61831
        0.720   -7.34177
        0.730   -5.99710
        0.740   -4.58944
        0.750   -3.12474
        0.760   -1.60989
        0.770   -0.05256
        0.780    1.53869
        0.790    3.15449
        0.800    4.78464
        0.810    6.41816
        0.820    8.04335
        0.830    9.64789
        0.840   11.21880
        0.850   12.74271
        0.860   14.20579
        0.870   15.59406
        0.880   16.89337
        0.890   18.08962
        0.900   19.16903
        0.910   20.11821
        0.920   20.92461
        0.930   21.57646
        0.940   22.06343
        0.950   22.37677
        0.960   22.51005
        0.970   22.45984
        0.980   22.22665
        0.990   21.81631
        1.000   21.24002
        1.010   20.50935
        1.020   19.62916
        1.030   18.59667
        1.040   17.40711
        1.050   16.05824
        1.060   14.55233
        1.070   12.89610
        1.080   11.10035
        1.090    9.17971
        1.100    7.15212
        1.110    5.03878
        1.120    2.86365
        1.130    0.65307
        1.140   -1.56436
        1.150   -3.75857
        1.160   -5.89826
        1.170   -7.95151
        1.180   -9.88627
        1.190  -11.67086
        1.200  -13.27475
        1.210  -14.66900
        1.220  -15.82682
        1.230  -16.72431
        1.240  -17.34090
        1.250  -17.65998
        1.260  -17.66935
        1.270  -17.36171
        1.280  -16.73506
        1.290  -15.79288
        1.300  -14.54455
        1.310  -13.00523
        1.320  -11.19603
        1.330   -9.14365
        1.340   -6.88020
        1.350   -4.44260
        1.360   -1.87182
        1.370    0.78804
        1.380    3.49124
        1.390    6.19248
        1.400    8.84979
        1.410   11.42756
        1.420   13.89470
        1.430   16.21150
        1.440   18.31945
        1.450   20.15116
        1.460   21.64311
        1.470   22.74182
        1.480   23.40530
        1.490   23.60363
        1.500   23.31923
        1.510   22.54708
        1.520   21.29503
        1.530   19.58353
        1.540   17.44540
        1.550   14.92522
        1.560   12.07846
        1.570    8.97041
        1.580    5.67469
        1.590    2.27168
        1.600   -1.15340
        1.610   -4.51267
        1.620   -7.71766
        1.630  -10.68174
        1.640  -13.32247
        1.650  -15.56405
        1.660  -17.33949
        1.670  -18.59257
        1.680  -19.27957
        1.690  -19.37045
        1.700  -18.84916
        1.710  -17.71272
        1.720  -15.96901
        1.730  -13.63382
        1.740  -10.73741
        1.750   -7.34677
        1.760   -3.57360
        1.770    0.44473
        1.780    4.56303
        1.790    8.63607
        1.800   12.52212
        1.810   16.08624
        1.820   19.20381
        1.830   21.76402
        1.840   23.67341
        1.850   24.85892
        1.860   25.27073
        1.870   24.88446
        1.880   23.70272
        1.890   21.75568
        1.900   19.10116
        1.910   15.82334
        1.920   12.03089
        1.930    7.85390
        1.940    3.44025
        1.950   -1.04900
        1.960   -5.44417
        1.970   -9.57180
        1.980  -13.25861
        1.990  -16.33406
        2.000  -18.63371
        2.010  -20.01949
        2.020  -20.41656
        2.030  -19.81997
        2.040  -18.27213
        2.050  -15.84854
        2.060  -12.65431
        2.070   -8.82267
        2.080   -4.51227
        2.090    0.09703
        2.100    4.81030
        2.110    9.42396
        2.120   13.73440
        2.130   17.54606
        2.140   20.68059
        2.150   22.98536
        2.160   24.34138
        2.170   24.67032
        2.180   23.94027
        2.190   22.16939
        2.200   19.42819
        2.210   15.84029
        2.220   11.58226
        2.230    6.88302
        2.240    2.01344
        2.250   -2.75423
        2.260   -7.19105
        2.270  -11.10400
        2.280  -14.31930
        2.290  -16.68396
        2.300  -18.07593
        2.310  -18.41463
        2.320  -17.66895
        2.330  -15.86287
        2.340  -13.07708
        2.350   -9.44799
        2.360   -5.16245
        2.370   -0.44948
        2.380    4.43146
        2.390    9.20461
        2.400   13.59392
        2.410   17.34059
        2.420   20.22095
        2.430   22.06513
        2.440   22.77580
        2.450   22.34218
        2.460   20.82218
        2.470   18.29410
        2.480   14.85955
        2.490   10.67612
        2.500    5.96454
        2.510    0.99615
        2.520   -3.92663
        2.530   -8.49219
        2.540  -12.40216
        2.550  -15.39348
        2.560  -17.25796
        2.570  -17.85872
        2.580  -17.14160
        2.590  -15.14067
        2.600  -11.97745
        2.610   -7.85335
        2.620   -3.03438
        2.630    2.17172
        2.640    7.44511
        2.650   12.47733
        2.660   16.95009
        2.670   20.51710
        2.680   22.86419
        2.690   23.76885
        2.700   23.12554
        2.710   20.95250
        2.720   17.38922
        2.730   12.68523
        2.740    7.18121
        2.750    1.28356
        2.760   -4.56573
        2.770   -9.92296
        2.780  -14.37561
        2.790  -17.57357
        2.800  -19.25493
        2.810  -19.26235
        2.820  -17.54760
        2.830  -14.16987
        2.840   -9.32756
        2.850   -3.40653
        2.860    3.07123
        2.870    9.53555
        2.880   15.42681
        2.890   20.23935
        2.900   23.55890
        2.910   25.09456
        2.920   24.70295
        2.930   22.40094
        2.940   18.36696
        2.950   12.92884
        2.960    6.54084
        2.970   -0.25061
        2.980   -6.84589
        2.990  -12.63348
        3.000  -17.03165
        3.010  -19.56904
        3.020  -20.00195
        3.030  -18.32834
        3.040  -14.73497
        3.050   -9.56659
        3.060   -3.30059
        3.070    3.48723
        3.080   10.16870
        3.090   16.11722
        3.100   20.76391
        3.110   23.65273
        3.120   24.48689
        3.130   23.16433
        3.140   19.79762
        3.150   14.71922
        3.160    8.46924
        3.170    1.73221
        3.180   -4.80937
        3.190  -10.55386
        3.200  -14.97580
        3.210  -17.65224
        3.220  -18.31090
        3.230  -16.86946
        3.240  -13.45528
        3.250   -8.40175
        3.260   -2.22152
        3.270    4.44311
        3.280   10.88646
        3.290   16.41838
        3.300   20.44826
        3.310   22.56799
        3.320   22.61002
        3.330   20.60539
        3.340   16.71733
        3.350   11.28722
        3.360    4.85462
        3.370   -1.89445
        3.380   -8.20992
        3.390  -13.37084
        3.400  -16.77437
        3.410  -18.01208
        3.420  -16.92295
        3.430  -13.61540
        3.440   -8.45487
        3.450   -2.01386
        3.460    5.01259
        3.470   11.88526
        3.480   17.81498
        3.490   22.01943
        3.500   23.90233
        3.510   23.17017
        3.520   19.87114
        3.530   14.38547
        3.540    7.37569
        3.550   -0.29644
        3.560   -7.67732
        3.570  -13.83947
        3.580  -17.99446
        3.590  -19.58432
        3.600  -18.33554
        3.610  -14.29158
        3.620   -7.90188
        3.630   -0.03494
        3.640    8.21329
        3.650   15.71251
        3.660   21.44599
        3.670   24.63490
        3.680   24.83685
        3.690   22.00439
        3.700   16.49526
        3.710    9.03298
        3.720    0.62213
        3.730   -7.56764
        3.740  -14.33393
        3.750  -18.63115
        3.760  -19.83943
        3.770  -17.84958
        3.780  -12.99047
        3.790   -5.96495
        3.800    2.23303
        3.810   10.44222
        3.820   17.48776
        3.830   22.34528
        3.840   24.29126
        3.850   23.02089
        3.860   18.71630
        3.870   12.05739
        3.880    4.11909
        3.890   -3.90865
        3.900  -10.90993
        3.910  -15.90535
        3.920  -18.16747
        3.930  -17.34625
        3.940  -13.54348
        3.950   -7.31658
        3.960    0.39348
        3.970    8.40107
        3.980   15.46535
        3.990   20.50539
        4.000   22.80412
        4.010   22.07910
