        0.000    1.48108
        0.010    1.47039
        0.020    1.43806
        0.030    1.38430
        0.040    1.30905
        0.050    1.21224
        0.060    1.09394
        0.070    0.95414
        0.080    0.79288
        0.090    0.61008
        0.100    0.40594
        0.110    0.18038
        0.120   -0.06648
        0.130   -0.33458
        0.140   -0.62382
        0.150   -0.93405
        0.160   -1.26512
        0.170   -1.61676
        0.180   -1.98887
        0.190   -2.38104
        0.200   -2.79296
        0.210   -3.22429
        0.220   -3.67455
        0.230   -4.14315
        0.240   -4.62958
        0.250   -5.13303
        0.260   -5.65287
        0.270   -6.18816
        0.280   -6.73796
        0.290   -7.30115
        0.300   -7.87663
        0.310   -8.46304
        0.320   -9.05896
        0.330   -9.66280
        0.340  -10.27292
        0.350  -10.88748
        0.360  -11.50443
        0.370  -12.12177
        0.380  -12.73708
        0.390  -13.34800
        0.400  -13.95195
        0.410  -14.54618
        0.420  -15.12780
        0.430  -15.69381
        0.440  -16.24098
        0.450  -16.76604
        0.460  -17.26556
        0.470  -17.73591
        0.480  -18.17352
        0.490  -18.57460
        0.500  -18.93526
    ETA       F       G
        0.510  -19.25168
        0.520  -19.51993
        0.530  -19.73608
        0.540  -19.89614
        0.550  -19.99634
        0.560  -20.03282
        0.570  -20.00188
        0.580  -19.90004
        0.590  -19.72391
        0.600  -19.47033
        0.610  -19.13648
        0.620  -18.71982
        0.630  -18.21813
        0.640  -17.62961
        0.650  -16.95301
        0.660  -16.18747
        0.670  -15.33274
        0.680  -14.38918
        0.690  -13.35776
        0.700  -12.24019
        0.710  -11.03887
        0.720   -9.75702
        0.730   -8.39861
        0.740   -6.96853
        0.750   -5.47250
        0.760   -3.91702
        0.770   -2.30964
        0.780   -0.65866
        0.790    1.02665
        0.800    2.73622
        0.810    4.45922
        0.820    6.18392
        0.830    7.89788
        0.840    9.58819
        0.850   11.24116
        0.860   12.84275
        0.870   14.37857
        0.880   15.83401
        0.890   17.19430
        0.900   18.44485
        0.910   19.57125
        0.920   20.55958
        0.930   21.39643
        0.940   22.06926
        0.950   22.56650
        0.960   22.87789
        0.970   22.99442
        0.980   22.90885
        0.990   22.61576
        1.000   22.11170
        1.010   21.39543
        1.020   20.46811
        1.030   19.33333
        1.040   17.99737
        1.050   16.46924
        1.060   14.76066
        1.070   12.88622
        1.080   10.86317
        1.090    8.71155
        1.100    6.45398
        1.110    4.11549
        1.120    1.72334
        1.130   -0.69320
        1.140   -3.10332
        1.150   -5.47476
        1.160   -7.77454
        1.170   -9.96918
        1.180  -12.02540
        1.190  -13.91035
        1.200  -15.59256
        1.210  -17.04218
        1.220  -18.23180
        1.230  -19.13693
        1.240  -19.73660
        1.250  -20.01397
        1.260  -19.95681
        1.270  -19.55797
        1.280  -18.81576
        1.290  -17.73441
        1.300  -16.32416
        1.310  -14.60142
        1.320  -12.58891
        1.330  -10.31552
        1.340   -7.81596
        1.350   -5.13044
        1.360   -2.30435
        1.370    0.61266
        1.380    3.56721
        1.390    6.50330
        1.400    9.36325
        1.410   12.08879
        1.420   14.62231
        1.430   16.90815
        1.440   18.89392
        1.450   20.53176
        1.460   21.77962
        1.470   22.60263
        1.480   22.97410
        1.490   22.87655
        1.500   22.30268
        1.510   21.25586
        1.520   19.75064
        1.530   17.81293
        1.540   15.47980
        1.550   12.79921
        1.560    9.82917
        1.570    6.63679
        1.580    3.29698
        1.590   -0.10926
        1.600   -3.49652
        1.610   -6.77728
        1.620   -9.86406
        1.630  -12.67179
        1.640  -15.12031
        1.650  -17.13684
        1.660  -18.65827
        1.670  -19.63345
        1.680  -20.02519
        1.690  -19.81190
        1.700  -18.98888
        1.710  -17.56923
        1.720  -15.58402
        1.730  -13.08230
        1.740  -10.13020
        1.750   -6.80961
        1.760   -3.21622
        1.770    0.54295
        1.780    4.35261
        1.790    8.09245
        1.800   11.64124
        1.810   14.88037
        1.820   17.69827
        1.830   19.99436
        1.840   21.68302
        1.850   22.69690
        1.860   22.99024
        1.870   22.54117
        1.880   21.35355
        1.890   19.45751
        1.900   16.90966
        1.910   13.79181
        1.920   10.20888
        1.930    6.28592
        1.940    2.16399
        1.950   -2.00469
        1.960   -6.06205
        1.970   -9.85034
        1.980  -13.21816
        1.990  -16.02704
        2.000  -18.15713
        2.010  -19.51291
        2.020  -20.02792
        2.030  -19.66863
        2.040  -18.43697
        2.050  -16.37132
        2.060  -13.54630
        2.070  -10.07077
        2.080   -6.08423
        2.090   -1.75197
        2.100    2.74187
        2.110    7.20132
        2.120   11.42730
        2.130   15.22662
        2.140   18.42082
        2.150   20.85519
        2.160   22.40655
        2.170   22.99029
        2.180   22.56555
        2.190   21.13859
        2.200   18.76408
        2.210   15.54400
        2.220   11.62398
        2.230    7.18765
        2.240    2.44850
        2.250   -2.35992
        2.260   -6.99535
        2.270  -11.21894
        2.280  -14.80785
        2.290  -17.56735
        2.300  -19.34200
        2.310  -20.02522
        2.320  -19.56640
        2.330  -17.97552
        2.340  -15.32419
        2.350  -11.74376
        2.360   -7.41995
        2.370   -2.58360
        2.380    2.50049
        2.390    7.54802
        2.400   12.27068
        2.410   16.39294
        2.420   19.66833
        2.430   21.89499
        2.440   22.92873
        2.450   22.69349
        2.460   21.18790
        2.470   18.48736
        2.480   14.74185
        2.490   10.16851
        2.500    5.04026
        2.510   -0.32984
        2.520   -5.60717
        2.530  -10.45644
        2.540  -14.56299
        2.550  -17.65388
        2.560  -19.51676
        2.570  -20.01551
        2.580  -19.10146
        2.590  -16.81894
        2.600  -13.30472
        2.610   -8.78157
        2.620   -3.54506
        2.630    2.05478
        2.640    7.63589
        2.650   12.81041
        2.660   17.21162
        2.670   20.52054
        2.680   22.48986
        2.690   22.96369
        2.700   21.89135
        2.710   19.33359
        2.720   15.46119
        2.730   10.54516
        2.740    4.93903
        2.750   -0.94561
        2.760   -6.66836
        2.770  -11.79343
        2.780  -15.92274
        2.790  -18.72781
        2.800  -19.97705
        2.810  -19.55636
        2.820  -17.48115
        2.830  -13.89823
        2.840   -9.07735
        2.850   -3.39268
        2.860    2.70532
        2.870    8.72457
        2.880   14.17061
        2.890   18.58803
        2.900   21.59916
        2.910   22.93746
        2.920   22.47307
        2.930   20.22703
        2.940   16.37313
        2.950   11.22638
        2.960    5.21943
        2.970   -1.13300
        2.980   -7.27683
        2.990  -12.66751
        3.000  -16.81816
        3.010  -19.34501
        3.020  -20.00430
        3.030  -18.71791
        3.040  -15.58419
        3.050  -10.87308
        3.060   -5.00472
        3.070    1.48573
        3.080    7.99625
        3.090   13.91317
        3.100   18.66914
        3.110   21.79892
        3.120   22.98600
        3.130   22.09713
        3.140   19.19923
        3.150   14.55711
        3.160    8.61199
        3.170    1.94148
        3.180   -4.79535
        3.190  -10.92228
        3.200  -15.81444
        3.210  -18.96275
        3.220  -20.02884
        3.230  -18.88378
        3.240  -15.62600
        3.250  -10.57563
        3.260   -4.24618
        3.270    2.70624
        3.280    9.54920
        3.290   15.55074
        3.300   20.05852
        3.310   22.57178
        3.320   22.79930
        3.330   20.69593
        3.340   16.47234
        3.350   10.57733
        3.360    3.65264
        3.370   -3.53515
        3.380  -10.17826
        3.390  -15.51911
        3.400  -18.93733
        3.410  -20.02419
        3.420  -18.63416
        3.430  -14.90704
        3.440   -9.25766
        3.450   -2.33250
        3.460    5.06209
        3.470   12.05214
        3.480   17.79967
        3.490   21.60404
        3.500   22.98929
        3.510   21.76685
        3.520   18.06404
        3.530   12.31489
        3.540    5.21229
        3.550   -2.37285
        3.560   -9.49726
        3.570  -15.26228
        3.580  -18.92862
        3.590  -20.01330
        3.600  -18.35666
        3.610  -14.14899
        3.620   -7.91264
        3.630   -0.44054
        3.640    7.30202
        3.650   14.30101
        3.660   19.62721
        3.670   22.56045
        3.680   22.69018
        3.690   19.97667
        3.700   14.76303
        3.710    7.73607
        3.720   -0.16114
        3.730   -7.85366
        3.740  -14.28049
        3.750  -18.54201
        3.760  -20.02779
        3.770  -18.50840
        3.780  -14.17416
        3.790   -7.61576
        3.800    0.25184
        3.810    8.31470
        3.820   15.41634
        3.830   20.52447
        3.840   22.88240
        3.850   22.12517
        3.860   18.33997
        3.870   12.06164
        3.880    4.20108
        3.890   -4.08370
        3.900  -11.55603
        3.910  -17.08639
        3.920  -19.82409
        3.930  -19.33233
        3.940  -15.66216
        3.950   -9.35318
        3.960   -1.35844
        3.970    7.09548
        3.980   14.69521
        3.990   20.24493
        4.000   22.85658
        4.010   22.09562
