        0.000    7.49848
        0.010    7.48765
        0.020    7.45539
        0.030    7.40163
        0.040    7.32625
        0.050    7.22947
        0.060    7.11119
        0.070    6.97150
        0.080    6.81017
        0.090    6.62743
        0.100    6.42325
        0.110    6.19758
        0.120    5.95064
        0.130    5.68250
        0.140    5.39324
        0.150    5.08300
        0.160    4.75199
        0.170    4.40020
        0.180    4.02811
        0.190    3.63589
        0.200    3.22390
        0.210    2.79254
        0.220    2.34222
        0.230    1.87357
        0.240    1.38714
        0.250    0.88356
        0.260    0.36361
        0.270   -0.17180
        0.280   -0.72168
        0.290   -1.28501
        0.300   -1.86064
        0.310   -2.44716
        0.320   -3.04319
        0.330   -3.64723
        0.340   -4.25746
        0.350   -4.87217
        0.360   -5.48932
        0.370   -6.10685
        0.380   -6.72229
        0.390   -7.33345
        0.400   -7.93754
        0.410   -8.53198
        0.420   -9.11382
        0.430   -9.67997
        0.440  -10.22740
        0.450  -10.75265
        0.460  -11.25229
        0.470  -11.72291
        0.480  -12.16072
        0.490  -12.56199
        0.500  -12.92283
    ETA       F       G
        0.510  -13.23941
        0.520  -13.50778
        0.530  -13.72406
        0.540  -13.88426
        0.550  -13.98456
        0.560  -14.02113
        0.570  -13.99029
        0.580  -13.88845
        0.590  -13.71232
        0.600  -13.45875
        0.610  -13.12485
        0.620  -12.70810
        0.630  -12.20633
        0.640  -11.61776
        0.650  -10.94099
        0.660  -10.17526
        0.670   -9.32035
        0.680   -8.37653
        0.690   -7.34490
        0.700   -6.22707
        0.710   -5.02546
        0.720   -3.74333
        0.730   -2.38464
        0.740   -0.95424
        0.750    0.54209
        0.760    2.09775
        0.770    3.70538
        0.780    5.35664
        0.790    7.04222
        0.800    8.75200
        0.810   10.47516
        0.820   12.19991
        0.830   13.91402
        0.840   15.60439
        0.850   17.25748
        0.860   18.85903
        0.870   20.39484
        0.880   21.85020
        0.890   23.21043
        0.900   24.46092
        0.910   25.58726
        0.920   26.57549
        0.930   27.41221
        0.940   28.08502
        0.950   28.58222
        0.960   28.89351
        0.970   29.01002
        0.980   28.92451
        0.990   28.63147
        1.000   28.12748
        1.010   27.41132
        1.020   26.48409
        1.030   25.34949
        1.040   24.01370
        1.050   22.48576
        1.060   20.77733
        1.070   18.90303
        1.080   16.88013
        1.090   14.72862
        1.100   12.47111
        1.110   10.13262
        1.120    7.74040
        1.130    5.32374
        1.140    2.91350
        1.150    0.54172
        1.160   -1.75833
        1.170   -3.95338
        1.180   -6.00996
        1.190   -7.89543
        1.200   -9.57811
        1.210  -11.02826
        1.220  -12.21837
        1.230  -13.12394
        1.240  -13.72403
        1.250  -14.00178
        1.260  -13.94488
        1.270  -13.54626
        1.280  -12.80419
        1.290  -11.72288
        1.300  -10.31257
        1.310   -8.58975
        1.320   -6.57704
        1.330   -4.30334
        1.340   -1.80341
        1.350    0.88244
        1.360    3.70893
        1.370    6.62629
        1.380    9.58113
        1.390   12.51754
        1.400   15.37775
        1.410   18.10350
        1.420   20.63719
        1.430   22.92318
        1.440   24.90910
        1.450   26.54707
        1.460   27.79506
        1.470   28.61826
        1.480   28.98992
        1.490   28.89264
        1.500   28.31904
        1.510   27.27253
        1.520   25.76768
        1.530   23.83035
        1.540   21.49757
        1.550   18.81730
        1.560   15.84751
        1.570   12.65529
        1.580    9.31547
        1.590    5.90916
        1.600    2.52163
        1.610   -0.75958
        1.620   -3.84693
        1.630   -6.65535
        1.640   -9.10462
        1.650  -11.12198
        1.660  -12.64417
        1.670  -13.62018
        1.680  -14.01265
        1.690  -13.79995
        1.700  -12.97740
        1.710  -11.55803
        1.720   -9.57297
        1.730   -7.07122
        1.740   -4.11904
        1.750   -0.79820
        1.760    2.79549
        1.770    6.55503
        1.780   10.36504
        1.790   14.10527
        1.800   17.65439
        1.810   20.89388
        1.820   23.71215
        1.830   26.00866
        1.840   27.69771
        1.850   28.71210
        1.860   29.00600
        1.870   28.55757
        1.880   27.37062
        1.890   25.47529
        1.900   22.92811
        1.910   19.81085
        1.920   16.22843
        1.930   12.30575
        1.940    8.18390
        1.950    4.01504
        1.960   -0.04279
        1.970   -3.83178
        1.980   -7.20055
        1.990  -10.01054
        2.000  -12.14180
        2.010  -13.49876
        2.020  -14.01488
        2.030  -13.65659
        2.040  -12.42573
        2.050  -10.36061
        2.060   -7.53595
        2.070   -4.06056
        2.080   -0.07396
        2.090    4.25853
        2.100    8.75270
        2.110   13.21253
        2.120   17.43898
        2.130   21.23884
        2.140   24.43365
        2.150   26.86874
        2.160   28.42096
        2.170   29.00566
        2.180   28.58192
        2.190   27.15607
        2.200   24.78268
        2.210   21.56358
        2.220   17.64440
        2.230   13.20862
        2.240    8.46970
        2.250    3.66109
        2.260   -0.97502
        2.270   -5.19960
        2.280   -8.78977
        2.290  -11.55075
        2.300  -13.32699
        2.310  -14.01174
        2.320  -13.55434
        2.330  -11.96463
        2.340   -9.31418
        2.350   -5.73434
        2.360   -1.41080
        2.370    3.42551
        2.380    8.50984
        2.390   13.55779
        2.400   18.28108
        2.410   22.40408
        2.420   25.68045
        2.430   27.90827
        2.440   28.94335
        2.450   28.70957
        2.460   27.20555
        2.470   24.50660
        2.480   20.76248
        2.490   16.19023
        2.500   11.06260
        2.510    5.69262
        2.520    0.41478
        2.530   -4.43548
        2.540   -8.54350
        2.550  -11.63626
        2.560  -13.50111
        2.570  -14.00186
        2.580  -13.08966
        2.590  -10.80869
        2.600   -7.29560
        2.610   -2.77320
        2.620    2.46299
        2.630    8.06286
        2.640   13.64438
        2.650   18.81960
        2.660   23.22184
        2.670   26.53205
        2.680   28.50300
        2.690   28.97872
        2.700   27.90840
        2.710   25.35267
        2.720   21.48217
        2.730   16.56767
        2.740   10.96243
        2.750    5.07801
        2.760   -0.64525
        2.770   -5.77165
        2.780   -9.90285
        2.790  -12.71028
        2.800  -13.96204
        2.810  -13.54378
        2.820  -11.47073
        2.830   -7.88951
        2.840   -3.06984
        2.850    2.61418
        2.860    8.71213
        2.870   14.73174
        2.880   20.17864
        2.890   24.59744
        2.900   27.61040
        2.910   28.95093
        2.920   28.48909
        2.930   26.24568
        2.940   22.39425
        2.950   17.24955
        2.960   11.24395
        2.970    4.89192
        2.980   -1.25252
        2.990   -6.64481
        3.000  -10.79779
        3.010  -13.32749
        3.020  -13.98982
        3.030  -12.70631
        3.040   -9.57506
        3.050   -4.86579
        3.060    1.00134
        3.070    7.49130
        3.080   14.00203
        3.090   19.91987
        3.100   24.67740
        3.110   27.80945
        3.120   28.99934
        3.130   28.11360
        3.140   25.21887
        3.150   20.57962
        3.160   14.63665
        3.170    7.96736
        3.180    1.23046
        3.190   -4.89776
        3.200   -9.79229
        3.210  -12.94378
        3.220  -14.01341
        3.230  -12.87181
        3.240   -9.61705
        3.250   -4.56908
        3.260    1.75884
        3.270    8.71068
        3.280   15.55392
        3.290   21.55669
        3.300   26.06660
        3.310   28.58274
        3.320   28.81378
        3.330   26.71422
        3.340   22.49427
        3.350   16.60225
        3.360    9.67942
        3.370    2.49203
        3.380   -4.15222
        3.390   -9.49560
        3.400  -12.91734
        3.410  -14.00829
        3.420  -12.62231
        3.430   -8.89874
        3.440   -3.25209
        3.450    3.67139
        3.460   11.06543
        3.470   18.05612
        3.480   23.80543
        3.490   27.61262
        3.500   29.00169
        3.510   27.78358
        3.520   24.08509
        3.530   18.33972
        3.540   11.23966
        3.550    3.65541
        3.560   -3.46985
        3.570   -9.23748
        3.580  -12.90769
        3.590  -13.99702
        3.600  -12.34505
        3.610   -8.14150
        3.620   -1.90827
        3.630    5.56204
        3.640   13.30421
        3.650   20.30423
        3.660   25.63291
        3.670   28.56990
        3.680   28.70432
        3.690   25.99588
        3.700   20.78694
        3.710   13.76351
        3.720    5.86808
        3.730   -1.82476
        3.740   -8.25403
        3.750  -12.51961
        3.760  -14.01054
        3.770  -12.49644
        3.780   -8.16688
        3.790   -1.61213
        3.800    6.25336
        3.810   14.31579
        3.820   21.41878
        3.830   26.52995
        3.840   28.89240
        3.850   28.14059
        3.860   24.36104
        3.870   18.08766
        3.880   10.23044
        3.890    1.94670
        3.900   -5.52713
        3.910  -11.06118
        3.920  -13.80415
        3.930  -13.31838
        3.940   -9.65384
        3.950   -3.34942
        3.960    4.64241
        3.970   13.09535
        3.980   20.69621
        3.990   26.24909
        4.000   28.86570
        4.010   28.11085
