        0.000    1.48108
        0.010    1.47041
        0.020    1.43813
        0.030    1.38446
        0.040    1.30917
        0.050    1.21254
        0.060    1.09458
        0.070    0.95539
        0.080    0.79495
        0.090    0.61346
        0.100    0.41106
        0.110    0.18784
        0.120   -0.05593
        0.130   -0.32002
        0.140   -0.60423
        0.150   -0.90832
        0.160   -1.23190
        0.170   -1.57460
        0.180   -1.93610
        0.190   -2.31582
        0.200   -2.71332
        0.210   -3.12798
        0.220   -3.55931
        0.230   -4.00650
        0.240   -4.46895
        0.250   -4.94569
        0.260   -5.43598
        0.270   -5.93878
        0.280   -6.45302
        0.290   -6.97765
        0.300   -7.51140
        0.310   -8.05297
        0.320   -8.60098
        0.330   -9.15388
        0.340   -9.70996
        0.350  -10.26753
        0.360  -10.82472
        0.370  -11.37944
        0.380  -11.92958
        0.390  -12.47289
        0.400  -13.00693
        0.410  -13.52913
        0.420  -14.03678
        0.430  -14.52711
        0.440  -14.99714
        0.450  -15.44377
        0.460  -15.86379
        0.470  -16.25395
        0.480  -16.61078
        0.490  -16.93089
        0.500  -17.21063
    ETA       F       G
        0.510  -17.44643
        0.520  -17.63471
        0.530  -17.77184
        0.540  -17.85416
        0.550  -17.87817
        0.560  -17.84041
        0.570  -17.73745
        0.580  -17.56618
        0.590  -17.32360
        0.600  -17.00689
        0.610  -16.61355
        0.620  -16.14143
        0.630  -15.58866
        0.640  -14.95387
        0.650  -14.23610
        0.660  -13.43490
        0.670  -12.55036
        0.680  -11.58321
        0.690  -10.53481
        0.700   -9.40711
        0.710   -8.20290
        0.720   -6.92568
        0.730   -5.57977
        0.740   -4.17031
        0.750   -2.70318
        0.760   -1.18524
        0.770    0.37587
        0.780    1.97169
        0.790    3.59283
        0.800    5.22920
        0.810    6.86993
        0.820    8.50340
        0.830   10.11736
        0.840   11.69904
        0.850   13.23512
        0.860   14.71203
        0.870   16.11594
        0.880   17.43297
        0.890   18.64936
        0.900   19.75163
        0.910   20.72681
        0.920   21.56269
        0.930   22.24806
        0.940   22.77294
        0.950   23.12904
        0.960   23.30973
        0.970   23.31055
        0.980   23.12899
        0.990   22.76481
        1.000   22.21925
        1.010   21.49477
        1.020   20.59440
        1.030   19.52173
        1.040   18.28072
        1.050   16.87652
        1.060   15.31612
        1.070   13.60870
        1.080   11.76633
        1.090    9.80393
        1.100    7.73955
        1.110    5.59406
        1.120    3.39107
        1.130    1.15655
        1.140   -1.08136
        1.150   -3.29294
        1.160   -5.44716
        1.170   -7.51242
        1.180   -9.45684
        1.190  -11.24911
        1.200  -12.85870
        1.210  -14.25683
        1.220  -15.41682
        1.230  -16.31477
        1.240  -16.93010
        1.250  -17.24615
        1.260  -17.25076
        1.270  -16.93642
        1.280  -16.30097
        1.290  -15.34774
        1.300  -14.08586
        1.310  -12.53011
        1.320  -10.70118
        1.330   -8.62526
        1.340   -6.33381
        1.350   -3.86293
        1.360   -1.25270
        1.370    1.45357
        1.380    4.21064
        1.390    6.97214
        1.400    9.69158
        1.410   12.32224
        1.420   14.81657
        1.430   17.12462
        1.440   19.19376
        1.450   20.97027
        1.460   22.40205
        1.470   23.44242
        1.480   24.05260
        1.490   24.20386
        1.500   23.87885
        1.510   23.07230
        1.520   21.79156
        1.530   20.05654
        1.540   17.89950
        1.550   15.36457
        1.560   12.50685
        1.570    9.39127
        1.580    6.09127
        1.590    2.68703
        1.600   -0.73629
        1.610   -4.09071
        1.620   -7.28765
        1.630  -10.24027
        1.640  -12.86578
        1.650  -15.08774
        1.660  -16.83858
        1.670  -18.06109
        1.680  -18.71047
        1.690  -18.75544
        1.700  -18.17913
        1.710  -16.97935
        1.720  -15.16938
        1.730  -12.77955
        1.740   -9.86071
        1.750   -6.48828
        1.760   -2.76236
        1.770    1.19627
        1.780    5.25389
        1.790    9.27082
        1.800   13.10764
        1.810   16.62988
        1.820   19.71276
        1.830   22.24493
        1.840   24.13234
        1.850   25.30136
        1.860   25.70168
        1.870   25.30861
        1.880   24.12442
        1.890   22.17924
        1.900   19.53099
        1.910   16.26399
        1.920   12.48737
        1.930    8.33194
        1.940    3.94649
        1.950   -0.50667
        1.960   -4.85646
        1.970   -8.92829
        1.980  -12.54964
        1.990  -15.55681
        2.000  -17.80394
        2.010  -19.17591
        2.020  -19.60153
        2.030  -19.05890
        2.040  -17.57272
        2.050  -15.20842
        2.060  -12.06677
        2.070   -8.27966
        2.080   -4.00566
        2.090    0.57484
        2.100    5.26633
        2.110    9.86462
        2.120   14.16564
        2.130   17.97352
        2.140   21.10978
        2.150   23.42188
        2.160   24.79117
        2.170   25.14006
        2.180   24.43765
        2.190   22.70352
        2.200   20.00982
        2.210   16.48134
        2.220   12.29259
        2.230    7.66105
        2.240    2.83250
        2.250   -1.94104
        2.260   -6.42183
        2.270  -10.39516
        2.280  -13.67196
        2.290  -16.09215
        2.300  -17.53120
        2.310  -17.90811
        2.320  -17.19209
        2.330  -15.40765
        2.340  -12.63616
        2.350   -9.01442
        2.360   -4.72956
        2.370   -0.01054
        2.380    4.88357
        2.390    9.67779
        2.400   14.09738
        2.410   17.88520
        2.420   20.81944
        2.430   22.73033
        2.440   23.51352
        2.450   23.13537
        2.460   21.62510
        2.470   19.06099
        2.480   15.56779
        2.490   11.32211
        2.500    6.55390
        2.510    1.53775
        2.520   -3.42329
        2.530   -8.01785
        2.540  -11.94810
        2.550  -14.95156
        2.560  -16.82037
        2.570  -17.41769
        2.580  -16.68898
        2.590  -14.66743
        2.600  -11.47315
        2.610   -7.30565
        2.620   -2.42899
        2.630    2.84785
        2.640    8.19286
        2.650   13.26669
        2.660   17.72793
        2.670   21.24504
        2.680   23.52962
        2.690   24.37421
        2.700   23.67929
        2.710   21.46480
        2.720   17.87020
        2.730   13.14447
        2.740    7.62785
        2.750    1.72633
        2.760   -4.11799
        2.770   -9.46088
        2.780  -13.88865
        2.790  -17.04943
        2.800  -18.67900
        2.810  -18.61943
        2.820  -16.83032
        2.830  -13.39896
        2.840   -8.55568
        2.850   -2.67925
        2.860    3.73643
        2.870   10.13967
        2.880   15.97846
        2.890   20.74925
        2.900   24.03790
        2.910   25.55308
        2.920   25.15094
        2.930   22.84821
        2.940   18.82348
        2.950   13.40562
        2.960    7.05054
        2.970    0.30695
        2.980   -6.22414
        2.990  -11.93685
        3.000  -16.27516
        3.010  -18.80420
        3.020  -19.27868
        3.030  -17.66705
        3.040  -14.13536
        3.050   -9.01972
        3.060   -2.79504
        3.070    3.96298
        3.080   10.62585
        3.090   16.56652
        3.100   21.21622
        3.110   24.11945
        3.120   24.98098
        3.130   23.70097
        3.140   20.39424
        3.150   15.39056
        3.160    9.20892
        3.170    2.49327
        3.180   -4.08286
        3.190   -9.88824
        3.200  -14.37297
        3.210  -17.10349
        3.220  -17.80444
        3.230  -16.39302
        3.240  -12.99683
        3.250   -7.94962
        3.260   -1.76379
        3.270    4.91928
        3.280   11.39586
        3.290   16.97850
        3.300   21.07762
        3.310   23.27439
        3.320   23.36324
        3.330   21.34419
        3.340   17.40134
        3.350   11.90737
        3.360    5.41741
        3.370   -1.37730
        3.380   -7.72565
        3.390  -12.90680
        3.400  -16.31804
        3.410  -17.55073
        3.420  -16.44269
        3.430  -13.10014
        3.440   -7.88569
        3.450   -1.37188
        3.460    5.72943
        3.470   12.63388
        3.480   18.53337
        3.490   22.67703
        3.500   24.49712
        3.510   23.71185
        3.520   20.37274
        3.530   14.86051
        3.540    7.83744
        3.550    0.16540
        3.560   -7.20128
        3.570  -13.33306
        3.580  -17.43871
        3.590  -18.95908
        3.600  -17.63354
        3.610  -13.54951
        3.620   -7.18444
        3.630    0.62251
        3.640    8.80709
        3.650   16.25252
        3.660   21.94593
        3.670   25.10901
        3.680   25.29932
        3.690   22.46958
        3.700   16.97873
        3.710    9.55256
        3.720    1.19852
        3.730   -6.91554
        3.740  -13.61262
        3.750  -17.89682
        3.760  -19.15003
        3.770  -17.22502
        3.780  -12.42636
        3.790   -5.44839
        3.800    2.71691
        3.810   10.90844
        3.820   17.95145
        3.830   22.82248
        3.840   24.80026
        3.850   23.58315
        3.860   19.35311
        3.870   12.76859
        3.880    4.85241
        3.890   -3.21586
        3.900  -10.28163
        3.910  -15.33841
        3.920  -17.64899
        3.930  -16.86088
        3.940  -13.07547
        3.950   -6.84989
        3.960    0.87606
        3.970    8.91942
        3.980   16.04267
        3.990   21.16172
        4.000   23.52588
        4.010   22.80061
