        0.000    0.57784
        0.010    0.56700
        0.020    0.53484
        0.030    0.48119
        0.040    0.40630
        0.050    0.31049
        0.060    0.19375
        0.070    0.05670
        0.080   -0.10032
        0.090   -0.27685
        0.100   -0.47260
        0.110   -0.68685
        0.120   -0.91906
        0.130   -1.16867
        0.140   -1.43502
        0.150   -1.71768
        0.160   -2.01593
        0.170   -2.32926
        0.180   -2.65714
        0.190   -2.99914
        0.200   -3.35464
        0.210   -3.72327
        0.220   -4.10442
        0.230   -4.49771
        0.240   -4.90248
        0.250   -5.31820
        0.260   -5.74425
        0.270   -6.17994
        0.280   -6.62441
        0.290   -7.07685
        0.300   -7.53633
        0.310   -8.00173
        0.320   -8.47189
        0.330   -8.94554
        0.340   -9.42123
        0.350   -9.89740
        0.360  -10.37228
        0.370  -10.84413
        0.380  -11.31098
        0.390  -11.77064
        0.400  -12.22080
        0.410  -12.65914
        0.420  -13.08306
        0.430  -13.48987
        0.440  -13.87675
        0.450  -14.24074
        0.460  -14.57880
        0.470  -14.88772
        0.480  -15.16435
        0.490  -15.40527
        0.500  -15.60710
    ETA       F       G
        0.510  -15.76640
        0.520  -15.87981
        0.530  -15.94376
        0.540  -15.95497
        0.550  -15.91000
        0.560  -15.80562
        0.570  -15.63874
        0.580  -15.40633
        0.590  -15.10568
        0.600  -14.73422
        0.610  -14.28971
        0.620  -13.77020
        0.630  -13.17417
        0.640  -12.50048
        0.650  -11.74842
        0.660  -10.91782
        0.670  -10.00911
        0.680   -9.02322
        0.690   -7.96177
        0.700   -6.82712
        0.710   -5.62225
        0.720   -4.35096
        0.730   -3.01783
        0.740   -1.62825
        0.750   -0.18844
        0.760    1.29455
        0.770    2.81285
        0.780    4.35767
        0.790    5.91949
        0.800    7.48788
        0.810    9.05183
        0.820   10.59946
        0.830   12.11840
        0.840   13.59559
        0.850   15.01760
        0.860   16.37060
        0.870   17.64069
        0.880   18.81373
        0.890   19.87583
        0.900   20.81335
        0.910   21.61327
        0.920   22.26332
        0.930   22.75243
        0.940   23.07117
        0.950   23.21213
        0.960   23.17101
        0.970   22.94787
        0.980   22.54998
        0.990   21.99796
        1.000   21.33367
        1.010   20.60602
        1.020   19.82105
        1.030   18.94748
        1.040   17.95405
        1.050   16.82089
        1.060   15.53826
        1.070   14.10456
        1.080   12.52477
        1.090   10.80969
        1.100    8.97504
        1.110    7.04076
        1.120    5.03036
        1.130    2.97011
        1.140    0.88859
        1.150   -1.18404
        1.160   -3.21649
        1.170   -5.17709
        1.180   -7.03411
        1.190   -8.75632
        1.200  -10.31378
        1.210  -11.67796
        1.220  -12.82271
        1.230  -13.72462
        1.240  -14.36352
        1.250  -14.72321
        1.260  -14.79178
        1.270  -14.56199
        1.280  -14.03199
        1.290  -13.20510
        1.300  -12.09048
        1.310  -10.70296
        1.320   -9.06299
        1.330   -7.19652
        1.340   -5.13458
        1.350   -2.91257
        1.360   -0.56941
        1.370    1.85382
        1.380    4.31605
        1.390    6.78012
        1.400    9.21987
        1.410   11.63473
        1.420   14.05400
        1.430   16.46726
        1.440   18.77962
        1.450   20.87639
        1.460   22.66094
        1.470   24.05770
        1.480   25.00976
        1.490   25.47751
        1.500   25.43751
        1.510   24.88178
        1.520   23.81682
        1.530   22.26285
        1.540   20.25271
        1.550   17.83122
        1.560   15.05388
        1.570   11.98580
        1.580    8.70043
        1.590    5.27785
        1.600    1.80311
        1.610   -1.63594
        1.620   -4.95068
        1.630   -8.05400
        1.640  -10.86272
        1.650  -13.29992
        1.660  -15.29683
        1.670  -16.79498
        1.680  -17.74747
        1.690  -18.11953
        1.700  -17.88792
        1.710  -17.03749
        1.720  -15.55148
        1.730  -13.39187
        1.740  -10.50916
        1.750   -6.95656
        1.760   -2.90632
        1.770    1.44569
        1.780    5.91458
        1.790   10.32881
        1.800   14.52981
        1.810   18.37244
        1.820   21.72674
        1.830   24.47961
        1.840   26.53700
        1.850   27.82606
        1.860   28.29741
        1.870   27.92706
        1.880   26.71793
        1.890   24.70078
        1.900   21.93405
        1.910   18.50305
        1.920   14.51790
        1.930   10.11111
        1.940    5.43365
        1.950    0.65105
        1.960   -4.06047
        1.970   -8.51755
        1.980  -12.52962
        1.990  -15.89084
        2.000  -18.36141
        2.010  -19.71232
        2.020  -19.88176
        2.030  -18.94524
        2.040  -17.01155
        2.050  -14.20031
        2.060  -10.64521
        2.070   -6.49694
        2.080   -1.92361
        2.090    2.89049
        2.100    7.74910
        2.110   12.44893
        2.120   16.78712
        2.130   20.56929
        2.140   23.61840
        2.150   25.78353
        2.160   26.94807
        2.170   27.03700
        2.180   26.02281
        2.190   23.93000
        2.200   20.83832
        2.210   16.88595
        2.220   12.27585
        2.230    7.29313
        2.240    2.31722
        2.250   -2.31128
        2.260   -6.42958
        2.270   -9.93803
        2.280  -12.72907
        2.290  -14.69277
        2.300  -15.73360
        2.310  -15.78579
        2.320  -14.82534
        2.330  -12.87842
        2.340  -10.02555
        2.350   -6.40168
        2.360   -2.19162
        2.370    2.37850
        2.380    7.05278
        2.390   11.56038
        2.400   15.63197
        2.410   19.01833
        2.420   21.51019
        2.430   22.96198
        2.440   23.32516
        2.450   22.69389
        2.460   21.24243
        2.470   19.01371
        2.480   15.99851
        2.490   12.26813
        2.500    7.98712
        2.510    3.39212
        2.520   -1.23388
        2.530   -5.58832
        2.540   -9.37566
        2.550  -12.33224
        2.560  -14.24750
        2.570  -14.98094
        2.580  -14.47344
        2.590  -12.75250
        2.600   -9.93074
        2.610   -6.19668
        2.620   -1.79656
        2.630    2.99655
        2.640    7.93648
        2.650   12.85677
        2.660   17.51597
        2.670   21.47057
        2.680   24.28744
        2.690   25.66208
        2.700   25.43719
        2.710   23.60102
        2.720   20.27794
        2.730   15.71186
        2.740   10.24338
        2.750    4.28183
        2.760   -1.72588
        2.770   -7.32902
        2.780  -12.10562
        2.790  -15.69229
        2.800  -17.80734
        2.810  -18.26051
        2.820  -16.93776
        2.830  -13.75875
        2.840   -8.79245
        2.850   -2.49777
        2.860    4.46441
        2.870   11.42310
        2.880   17.75489
        2.890   22.91714
        2.900   26.47707
        2.910   28.13707
        2.920   27.75380
        2.930   25.34842
        2.940   21.10629
        2.950   15.36547
        2.960    8.59427
        2.970    1.35985
        2.980   -5.70492
        2.990  -11.92458
        3.000  -16.57841
        3.010  -19.03388
        3.020  -19.09886
        3.030  -16.92556
        3.040  -12.81813
        3.050   -7.19529
        3.060   -0.57699
        3.070    6.44017
        3.080   13.22106
        3.090   19.14013
        3.100   23.63467
        3.110   26.25861
        3.120   26.72963
        3.130   24.96642
        3.140   21.11403
        3.150   15.56373
        3.160    8.98375
        3.170    2.25167
        3.180   -3.95193
        3.190   -9.19058
        3.200  -13.07757
        3.210  -15.27860
        3.220  -15.57252
        3.230  -13.90183
        3.240  -10.40208
        3.250   -5.40490
        3.260    0.58517
        3.270    6.93914
        3.280   12.97072
        3.290   18.01859
        3.300   21.54014
        3.310   23.22487
        3.320   23.10305
        3.330   21.32546
        3.340   17.91431
        3.350   13.03895
        3.360    7.12256
        3.370    0.78199
        3.380   -5.26829
        3.390  -10.32059
        3.400  -13.77186
        3.410  -15.20493
        3.420  -14.44318
        3.430  -11.57182
        3.440   -6.92112
        3.450   -1.00284
        3.460    5.61633
        3.470   12.42503
        3.480   18.68185
        3.490   23.41847
        3.500   25.86889
        3.510   25.63089
        3.520   22.69111
        3.530   17.40113
        3.540   10.41589
        3.550    2.60259
        3.560   -5.07066
        3.570  -11.65300
        3.580  -16.32037
        3.590  -18.45514
        3.600  -17.66169
        3.610  -13.74649
        3.620   -7.06133
        3.630    1.33969
        3.640   10.17060
        3.650   18.17824
        3.660   24.27643
        3.670   27.65425
        3.680   27.86125
        3.690   24.85691
        3.700   19.01687
        3.710   11.09357
        3.720    2.13721
        3.730   -6.60058
        3.740  -13.73993
        3.750  -17.98535
        3.760  -18.76086
        3.770  -16.18293
        3.780  -10.75337
        3.790   -3.27941
        3.800    5.19154
        3.810   13.47853
        3.820   20.40840
        3.830   24.97264
        3.840   26.47626
        3.850   24.65983
        3.860   19.78471
        3.870   12.70039
        3.880    4.75580
        3.890   -2.85872
        3.900   -9.26368
        3.910  -13.67244
        3.920  -15.47477
        3.930  -14.38072
        3.940  -10.51356
        3.950   -4.42794
        3.960    2.95453
        3.970   10.48273
        3.980   16.97169
        3.990   21.44320
        4.000   23.40552
        4.010   22.82931
