        0.000    7.49848
        0.010    7.48765
        0.020    7.45543
        0.030    7.40161
        0.040    7.32627
        0.050    7.22965
        0.060    7.11145
        0.070    6.97178
        0.080    6.81074
        0.090    6.62844
        0.100    6.42481
        0.110    6.19997
        0.120    5.95411
        0.130    5.68728
        0.140    5.39966
        0.150    5.09146
        0.160    4.76288
        0.170    4.41416
        0.180    4.04569
        0.190    3.65782
        0.200    3.25097
        0.210    2.82564
        0.220    2.38239
        0.230    1.92187
        0.240    1.44488
        0.250    0.95216
        0.260    0.44469
        0.270   -0.07654
        0.280   -0.61034
        0.290   -1.15547
        0.300   -1.71052
        0.310   -2.27404
        0.320   -2.84449
        0.330   -3.41993
        0.340   -3.99867
        0.350   -4.57864
        0.360   -5.15769
        0.370   -5.73357
        0.380   -6.30390
        0.390   -6.86613
        0.400   -7.41776
        0.410   -7.95597
        0.420   -8.47792
        0.430   -8.98062
        0.440   -9.46113
        0.450   -9.91614
        0.460  -10.34255
        0.470  -10.73694
        0.480  -11.09599
        0.490  -11.41626
        0.500  -11.69424
    ETA       F       G
        0.510  -11.92647
        0.520  -12.10946
        0.530  -12.23969
        0.540  -12.31381
        0.550  -12.32828
        0.560  -12.28001
        0.570  -12.16574
        0.580  -11.98258
        0.590  -11.72766
        0.600  -11.39847
        0.610  -10.99276
        0.620  -10.50856
        0.630   -9.94428
        0.640   -9.29879
        0.650   -8.57135
        0.660   -7.76172
        0.670   -6.87021
        0.680   -5.89770
        0.690   -4.84578
        0.700   -3.71655
        0.710   -2.51298
        0.720   -1.23867
        0.730    0.10201
        0.740    1.50386
        0.750    2.96094
        0.760    4.46646
        0.770    6.01285
        0.780    7.59174
        0.790    9.19404
        0.800   10.80980
        0.810   12.42858
        0.820   14.03913
        0.830   15.62972
        0.840   17.18818
        0.850   18.70189
        0.860   20.15811
        0.870   21.54390
        0.880   22.84636
        0.890   24.05277
        0.900   25.15069
        0.910   26.12824
        0.920   26.97414
        0.930   27.67784
        0.940   28.22970
        0.950   28.62106
        0.960   28.84424
        0.970   28.89279
        0.980   28.76125
        0.990   28.44550
        1.000   27.94281
        1.010   27.25175
        1.020   26.37278
        1.030   25.30834
        1.040   24.06316
        1.050   22.64445
        1.060   21.06216
        1.070   19.32891
        1.080   17.46013
        1.090   15.47366
        1.100   13.38962
        1.110   11.23053
        1.120    9.02042
        1.130    6.78527
        1.140    4.55233
        1.150    2.35020
        1.160    0.20826
        1.170   -1.84338
        1.180   -3.77466
        1.190   -5.55557
        1.200   -7.15712
        1.210   -8.55152
        1.220   -9.71308
        1.230  -10.61851
        1.240  -11.24765
        1.250  -11.58400
        1.260  -11.61493
        1.270  -11.33262
        1.280  -10.73393
        1.290   -9.82095
        1.300   -8.60103
        1.310   -7.08706
        1.320   -5.29720
        1.330   -3.25496
        1.340   -0.98868
        1.350    1.46858
        1.360    4.07933
        1.370    6.80241
        1.380    9.59290
        1.390   12.40267
        1.400   15.18064
        1.410   17.87313
        1.420   20.42444
        1.430   22.77814
        1.440   24.87831
        1.450   26.67156
        1.460   28.10900
        1.470   29.14808
        1.480   29.75439
        1.490   29.90256
        1.500   29.57756
        1.510   28.77512
        1.520   27.50220
        1.530   25.77739
        1.540   23.63091
        1.550   21.10450
        1.560   18.25078
        1.570   15.13252
        1.580   11.82136
        1.590    8.39633
        1.600    4.94208
        1.610    1.54692
        1.620   -1.69958
        1.630   -4.70851
        1.640   -7.39427
        1.650   -9.67673
        1.660  -11.48356
        1.670  -12.75235
        1.680  -13.43269
        1.690  -13.48818
        1.700  -12.89837
        1.710  -11.66080
        1.720   -9.79322
        1.730   -7.33492
        1.740   -4.34811
        1.750   -0.91686
        1.760    2.85498
        1.770    6.84789
        1.780   10.93155
        1.790   14.96984
        1.800   18.82600
        1.810   22.36689
        1.820   25.46748
        1.830   28.01511
        1.840   29.91341
        1.850   31.08598
        1.860   31.47997
        1.870   31.06828
        1.880   29.85190
        1.890   27.86056
        1.900   25.15311
        1.910   21.81636
        1.920   17.96334
        1.930   13.73024
        1.940    9.27290
        1.950    4.76171
        1.960    0.37605
        1.970   -3.70262
        1.980   -7.29878
        1.990  -10.25233
        2.000  -12.42800
        2.010  -13.72451
        2.020  -14.08047
        2.030  -13.47749
        2.040  -11.93921
        2.050   -9.52892
        2.060   -6.34613
        2.070   -2.52289
        2.080    1.78094
        2.090    6.38256
        2.100   11.08346
        2.110   15.67640
        2.120   19.95480
        2.130   23.72137
        2.140   26.79772
        2.150   29.03333
        2.160   30.31380
        2.170   30.56812
        2.180   29.77419
        2.190   27.96231
        2.200   25.21628
        2.210   21.67073
        2.220   17.50483
        2.230   12.93106
        2.240    8.18147
        2.250    3.49258
        2.260   -0.90705
        2.270   -4.80548
        2.280   -8.01382
        2.290  -10.37275
        2.300  -11.75968
        2.310  -12.09642
        2.320  -11.35573
        2.330   -9.56558
        2.340   -6.81047
        2.350   -3.22905
        2.360    0.99143
        2.370    5.62440
        2.380   10.41602
        2.390   15.09978
        2.400   19.41258
        2.410   23.11165
        2.420   25.99018
        2.430   27.89001
        2.440   28.70926
        2.450   28.40391
        2.460   26.98526
        2.470   24.51788
        2.480   21.11992
        2.490   16.96462
        2.500   12.27794
        2.510    7.32950
        2.520    2.41727
        2.530   -2.15225
        2.540   -6.08520
        2.550   -9.12161
        2.560  -11.05396
        2.570  -11.74296
        2.580  -11.12795
        2.590   -9.23199
        2.600   -6.16087
        2.610   -2.09621
        2.620    2.71641
        2.630    7.98189
        2.640   13.36927
        2.650   18.52510
        2.660   23.08866
        2.670   26.71594
        2.680   29.11122
        2.690   30.06021
        2.700   29.45511
        2.710   27.30764
        2.720   23.75032
        2.730   19.02696
        2.740   13.47488
        2.750    7.50039
        2.760    1.54962
        2.770   -3.92420
        2.780   -8.49319
        2.790  -11.78616
        2.800  -13.51612
        2.810  -13.50411
        2.820  -11.69984
        2.830   -8.19913
        2.840   -3.25291
        2.850    2.74337
        2.860    9.28486
        2.870   15.80937
        2.880   21.75274
        2.890   26.60009
        2.900   29.92823
        2.910   31.44004
        2.920   30.98941
        2.930   28.59527
        2.940   24.44375
        2.950   18.87730
        2.960   12.37190
        2.970    5.50195
        2.980   -1.10516
        2.990   -6.82616
        3.000  -11.10784
        3.010  -13.53537
        3.020  -13.88320
        3.030  -12.13385
        3.040   -8.46776
        3.050   -3.23709
        3.060    3.06858
        3.070    9.86273
        3.080   16.51060
        3.090   22.38411
        3.100   26.91960
        3.110   29.67374
        3.120   30.37127
        3.130   28.93981
        3.140   25.52576
        3.150   20.48497
        3.160   14.34235
        3.170    7.72424
        3.180    1.28102
        3.190   -4.37443
        3.200   -8.71062
        3.210  -11.31428
        3.220  -11.92804
        3.230  -10.48176
        3.240   -7.10956
        3.250   -2.14496
        3.260    3.90750
        3.270   10.42296
        3.280   16.72377
        3.290   22.15661
        3.300   26.16769
        3.310   28.36041
        3.320   28.52340
        3.330   26.63246
        3.340   22.84862
        3.350   17.52208
        3.360   11.18234
        3.370    4.49674
        3.380   -1.80080
        3.390   -6.99815
        3.400  -10.49284
        3.410  -11.86709
        3.420  -10.93921
        3.430   -7.78504
        3.440   -2.72770
        3.450    3.70012
        3.460   10.80786
        3.470   17.80063
        3.480   23.84426
        3.490   28.16303
        3.500   30.16088
        3.510   29.52520
        3.520   26.28138
        3.530   20.79370
        3.540   13.71881
        3.550    5.92397
        3.560   -1.61917
        3.570   -7.95098
        3.580  -12.23812
        3.590  -13.87499
        3.600  -12.56937
        3.610   -8.41169
        3.620   -1.90549
        3.630    6.08215
        3.640   14.45462
        3.650   22.05913
        3.660   27.85255
        3.670   31.03809
        3.680   31.16780
        3.690   28.20227
        3.700   22.52222
        3.710   14.89014
        3.720    6.36228
        3.730   -1.84447
        3.740   -8.52892
        3.750  -12.70911
        3.760  -13.79620
        3.770  -11.67569
        3.780   -6.69195
        3.790    0.42185
        3.800    8.64621
        3.810   16.80745
        3.820   23.73387
        3.830   28.42123
        3.840   30.18456
        3.850   28.77379
        3.860   24.42747
        3.870   17.83844
        3.880   10.02107
        3.890    2.12376
        3.900   -4.73611
        3.910   -9.59738
        3.920  -11.76650
        3.930  -10.92143
        3.940   -7.17634
        3.950   -1.08323
        3.960    6.44178
        3.970   14.25862
        3.980   21.18917
        3.990   26.20957
        4.000   28.59754
        4.010   28.00144
