        0.000    4.70317
        0.010    4.69233
        0.020    4.66016
        0.030    4.60639
        0.040    4.53102
        0.050    4.43422
        0.060    4.31595
        0.070    4.17619
        0.080    4.01488
        0.090    3.83216
        0.100    3.62793
        0.110    3.40232
        0.120    3.15550
        0.130    2.88735
        0.140    2.59810
        0.150    2.28790
        0.160    1.95674
        0.170    1.60503
        0.180    1.23293
        0.190    0.84073
        0.200    0.42873
        0.210   -0.00257
        0.220   -0.45288
        0.230   -0.92150
        0.240   -1.40787
        0.250   -1.91141
        0.260   -2.43129
        0.270   -2.96670
        0.280   -3.51654
        0.290   -4.07983
        0.300   -4.65535
        0.310   -5.24183
        0.320   -5.83782
        0.330   -6.44177
        0.340   -7.05195
        0.350   -7.66665
        0.360   -8.28366
        0.370   -8.90106
        0.380   -9.51651
        0.390  -10.12752
        0.400  -10.73159
        0.410  -11.32596
        0.420  -11.90769
        0.430  -12.47382
        0.440  -13.02111
        0.450  -13.54628
        0.460  -14.04584
        0.470  -14.51640
        0.480  -14.95410
        0.490  -15.35525
        0.500  -15.71605
    ETA       F       G
        0.510  -16.03251
        0.520  -16.30088
        0.530  -16.51706
        0.540  -16.67721
        0.550  -16.77746
        0.560  -16.81399
        0.570  -16.78312
        0.580  -16.68130
        0.590  -16.50514
        0.600  -16.25159
        0.610  -15.91771
        0.620  -15.50099
        0.630  -14.99922
        0.640  -14.41062
        0.650  -13.73394
        0.660  -12.96829
        0.670  -12.11340
        0.680  -11.16976
        0.690  -10.13815
        0.700   -9.02040
        0.710   -7.81890
        0.720   -6.53690
        0.730   -5.17836
        0.740   -3.74808
        0.750   -2.25186
        0.760   -0.69623
        0.770    0.91131
        0.780    2.56243
        0.790    4.24791
        0.800    5.95761
        0.810    7.68069
        0.820    9.40544
        0.830   11.11952
        0.840   12.80986
        0.850   14.46288
        0.860   16.06446
        0.870   17.60028
        0.880   19.05570
        0.890   20.41592
        0.900   21.66647
        0.910   22.79281
        0.920   23.78108
        0.930   24.61787
        0.940   25.29065
        0.950   25.78785
        0.960   26.09919
        0.970   26.21569
        0.980   26.13012
        0.990   25.83705
        1.000   25.33302
        1.010   24.61679
        1.020   23.68951
        1.030   22.55481
        1.040   21.21895
        1.050   19.69090
        1.060   17.98241
        1.070   16.10802
        1.080   14.08503
        1.090   11.93343
        1.100    9.67592
        1.110    7.33740
        1.120    4.94522
        1.130    2.52860
        1.140    0.11835
        1.150   -2.25324
        1.160   -4.55320
        1.170   -6.74812
        1.180   -8.80456
        1.190  -10.68982
        1.200  -12.37229
        1.210  -13.82220
        1.220  -15.01211
        1.230  -15.91747
        1.240  -16.51738
        1.250  -16.79495
        1.260  -16.73798
        1.270  -16.33925
        1.280  -15.59709
        1.290  -14.51574
        1.300  -13.10541
        1.310  -11.38256
        1.320   -9.36989
        1.330   -7.09632
        1.340   -4.59650
        1.350   -1.91073
        1.360    0.91558
        1.370    3.83283
        1.380    6.78764
        1.390    9.72393
        1.400   12.58406
        1.410   15.30972
        1.420   17.84336
        1.430   20.12928
        1.440   22.11517
        1.450   23.75301
        1.460   25.00096
        1.470   25.82406
        1.480   26.19561
        1.490   26.09816
        1.500   25.52444
        1.510   24.47776
        1.520   22.97273
        1.530   21.03519
        1.540   18.70224
        1.550   16.02178
        1.560   13.05182
        1.570    9.85950
        1.580    6.51963
        1.590    3.11332
        1.600   -0.27414
        1.610   -3.55519
        1.620   -6.64234
        1.630   -9.45047
        1.640  -11.89945
        1.650  -13.91644
        1.660  -15.43833
        1.670  -16.41397
        1.680  -16.80612
        1.690  -16.59315
        1.700  -15.77033
        1.710  -14.35082
        1.720  -12.36562
        1.730   -9.86384
        1.740   -6.91160
        1.750   -3.59082
        1.760    0.00280
        1.770    3.76224
        1.780    7.57216
        1.790   11.31230
        1.800   14.86129
        1.810   18.10066
        1.820   20.91878
        1.830   23.21512
        1.840   24.90399
        1.850   25.91817
        1.860   26.21179
        1.870   25.76306
        1.880   24.57575
        1.890   22.68006
        1.900   20.13256
        1.910   17.01495
        1.920   13.43221
        1.930    9.50938
        1.940    5.38742
        1.950    1.21858
        1.960   -2.83910
        1.970   -6.62785
        1.980   -9.99622
        1.990  -12.80576
        2.000  -14.93650
        2.010  -16.29298
        2.020  -16.80861
        2.030  -16.44987
        2.040  -15.21860
        2.050  -13.15321
        2.060  -10.32830
        2.070   -6.85276
        2.080   -2.86615
        2.090    1.46636
        2.100    5.96050
        2.110   10.42021
        2.120   14.64654
        2.130   18.44620
        2.140   21.64077
        2.150   24.07556
        2.160   25.62739
        2.170   26.21164
        2.180   25.78745
        2.190   24.36106
        2.200   21.98711
        2.210   18.76749
        2.220   14.84784
        2.230   10.41172
        2.240    5.67263
        2.250    0.86403
        2.260   -3.77187
        2.270   -7.99608
        2.280  -11.58576
        2.290  -14.34611
        2.300  -16.12167
        2.310  -16.80575
        2.320  -16.34766
        2.330  -14.75739
        2.340  -12.10648
        2.350   -8.52630
        2.360   -4.20249
        2.370    0.63391
        2.380    5.71830
        2.390   10.76614
        2.400   15.48923
        2.410   19.61198
        2.420   22.88792
        2.430   25.11524
        2.440   26.14973
        2.450   25.91527
        2.460   24.41051
        2.470   21.71078
        2.480   17.96597
        2.490   13.39314
        2.500    8.26514
        2.510    2.89500
        2.520   -2.38274
        2.530   -7.23267
        2.540  -11.34013
        2.550  -14.43208
        2.560  -16.29608
        2.570  -16.79596
        2.580  -15.88291
        2.590  -13.60116
        2.600  -10.08748
        2.610   -5.56463
        2.620   -0.32818
        2.630    5.27177
        2.640   10.85322
        2.650   16.02824
        2.660   20.43012
        2.670   23.73979
        2.680   25.71001
        2.690   26.18493
        2.700   25.11367
        2.710   22.55700
        2.720   18.68557
        2.730   13.77023
        2.740    8.16450
        2.750    2.27988
        2.760   -3.44330
        2.770   -8.56921
        2.780  -12.69971
        2.790  -15.50611
        2.800  -16.75675
        2.810  -16.33741
        2.820  -14.26335
        2.830  -10.68126
        2.840   -5.86094
        2.850   -0.17649
        2.860    5.92163
        2.870   11.94124
        2.880   17.38785
        2.890   21.80611
        2.900   24.81830
        2.910   26.15785
        2.920   25.69487
        2.930   23.45024
        2.940   19.59762
        2.950   14.45191
        2.960    8.44558
        2.970    2.09325
        2.980   -4.05106
        2.990   -9.44274
        3.000  -13.59482
        3.010  -16.12331
        3.020  -16.78432
        3.030  -15.49949
        3.040  -12.36705
        3.050   -7.65683
        3.060   -1.78902
        3.070    4.70132
        3.080   11.21209
        3.090   17.12963
        3.100   21.88658
        3.110   25.01767
        3.120   26.20632
        3.130   25.31920
        3.140   22.42297
        3.150   17.78235
        3.160   11.83828
        3.170    5.16831
        3.180   -1.56869
        3.190   -7.69649
        3.200  -12.59009
        3.210  -15.74025
        3.220  -16.80834
        3.230  -15.66519
        3.240  -12.40899
        3.250   -7.35983
        3.260   -1.03106
        3.270    5.92121
        3.280   12.76449
        3.290   18.76686
        3.300   23.27592
        3.310   25.79081
        3.320   26.02030
        3.330   23.91899
        3.340   19.69735
        3.350   13.80387
        3.360    6.88007
        3.370   -0.30764
        3.380   -6.95156
        3.390  -12.29395
        3.400  -15.71426
        3.410  -16.80343
        3.420  -15.41560
        3.430  -11.69038
        3.440   -6.04238
        3.450    0.88204
        3.460    8.27648
        3.470   15.26707
        3.480   21.01575
        3.490   24.82178
        3.500   26.20918
        3.510   24.98909
        3.520   21.28862
        3.530   15.54146
        3.540    8.44011
        3.550    0.85526
        3.560   -6.26983
        3.570  -12.03642
        3.580  -15.70504
        3.590  -16.79235
        3.600  -15.13828
        3.610  -10.93278
        3.620   -4.69805
        3.630    2.77326
        3.640   10.51582
        3.650   17.51556
        3.660   22.84328
        3.670   25.77866
        3.680   25.91103
        3.690   23.20031
        3.700   17.98920
        3.710   10.96402
        3.720    3.06760
        3.730   -4.62531
        3.740  -11.05368
        3.750  -15.31757
        3.760  -16.80628
        3.770  -15.28981
        3.780  -10.95807
        3.790   -4.40152
        3.800    3.46511
        3.810   11.52797
        3.820   18.63054
        3.830   23.74046
        3.840   26.10096
        3.850   25.34674
        3.860   21.56461
        3.870   15.28890
        3.880    7.43003
        3.890   -0.85438
        3.900   -8.32778
        3.910  -13.86035
        3.920  -16.60110
        3.930  -16.11268
        3.940  -12.44558
        3.950   -6.13896
        3.960    1.85442
        3.970   10.30798
        3.980   17.90853
        3.990   23.46015
        4.000   26.07463
        4.010   25.31703
