        0.000    7.49848
        0.010    7.48764
        0.020    7.45546
        0.030    7.40169
        0.040    7.32634
        0.050    7.22951
        0.060    7.11124
        0.070    6.97147
        0.080    6.81032
        0.090    6.62772
        0.100    6.42367
        0.110    6.19842
        0.120    5.95184
        0.130    5.68422
        0.140    5.39539
        0.150    5.08582
        0.160    4.75557
        0.170    4.40473
        0.180    4.03382
        0.190    3.64297
        0.200    3.23256
        0.210    2.80320
        0.220    2.35509
        0.230    1.88892
        0.240    1.40539
        0.250    0.90514
        0.260    0.38901
        0.270   -0.14215
        0.280   -0.68735
        0.290   -1.24534
        0.300   -1.81503
        0.310   -2.39498
        0.320   -2.98378
        0.330   -3.57975
        0.340   -4.18121
        0.350   -4.78626
        0.360   -5.39290
        0.370   -5.99884
        0.380   -6.60181
        0.390   -7.19954
        0.400   -7.78915
        0.410   -8.36799
        0.420   -8.93309
        0.430   -9.48157
        0.440  -10.01000
        0.450  -10.51519
        0.460  -10.99381
        0.470  -11.44225
        0.480  -11.85690
        0.490  -12.23405
        0.500  -12.56994
    ETA       F       G
        0.510  -12.86083
        0.520  -13.10296
        0.530  -13.29237
        0.540  -13.42546
        0.550  -13.49839
        0.560  -13.50754
        0.570  -13.44956
        0.580  -13.32098
        0.590  -13.11869
        0.600  -12.83982
        0.610  -12.48172
        0.620  -12.04209
        0.630  -11.51903
        0.640  -10.91102
        0.650  -10.21694
        0.660   -9.43633
        0.670   -8.56909
        0.680   -7.61579
        0.690   -6.57777
        0.700   -5.45680
        0.710   -4.25562
        0.720   -2.97751
        0.730   -1.62661
        0.740   -0.20796
        0.750    1.27269
        0.760    2.80870
        0.770    4.39266
        0.780    6.01623
        0.790    7.67029
        0.800    9.34491
        0.810   11.02945
        0.820   12.71249
        0.830   14.38203
        0.840   16.02538
        0.850   17.62954
        0.860   19.18092
        0.870   20.66577
        0.880   22.07017
        0.890   23.38012
        0.900   24.58174
        0.910   25.66154
        0.920   26.60631
        0.930   27.40349
        0.940   28.04129
        0.950   28.50896
        0.960   28.79673
        0.970   28.89622
        0.980   28.80062
        0.990   28.50474
        1.000   28.00525
        1.010   27.30093
        1.020   26.39274
        1.030   25.28404
        1.040   23.98068
        1.050   22.49103
        1.060   20.82633
        1.070   19.00051
        1.080   17.03011
        1.090   14.93434
        1.100   12.73504
        1.110   10.45637
        1.120    8.12464
        1.130    5.76803
        1.140    3.41644
        1.150    1.10076
        1.160   -1.14702
        1.170   -3.29468
        1.180   -5.31004
        1.190   -7.16143
        1.200   -8.81826
        1.210  -10.25168
        1.220  -11.43488
        1.230  -12.34404
        1.240  -12.95846
        1.250  -13.26135
        1.260  -13.24030
        1.270  -12.88769
        1.280  -12.20108
        1.290  -11.18359
        1.300   -9.84409
        1.310   -8.19733
        1.320   -6.26405
        1.330   -4.07089
        1.340   -1.65020
        1.350    0.96034
        1.360    3.71792
        1.370    6.57538
        1.380    9.48165
        1.390   12.38272
        1.400   15.22237
        1.410   17.94336
        1.420   20.48841
        1.430   22.80155
        1.440   24.82952
        1.450   26.52292
        1.460   27.83785
        1.470   28.73706
        1.480   29.19129
        1.490   29.18046
        1.500   28.69435
        1.510   27.73355
        1.520   26.30984
        1.530   24.44641
        1.540   22.17779
        1.550   19.54953
        1.560   16.61762
        1.570   13.44746
        1.580   10.11257
        1.590    6.69341
        1.600    3.27515
        1.610   -0.05426
        1.620   -3.20602
        1.630   -6.09307
        1.640   -8.63265
        1.650  -10.74863
        1.660  -12.37377
        1.670  -13.45249
        1.680  -13.94271
        1.690  -13.81783
        1.700  -13.06841
        1.710  -11.70323
        1.720   -9.75011
        1.730   -7.25597
        1.740   -4.28622
        1.750   -0.92344
        1.760    2.73443
        1.770    6.57684
        1.780   10.48407
        1.790   14.33087
        1.800   17.99049
        1.810   21.33896
        1.820   24.25957
        1.830   26.64679
        1.840   28.41065
        1.850   29.48020
        1.860   29.80678
        1.870   29.36636
        1.880   28.16185
        1.890   26.22361
        1.900   23.60961
        1.910   20.40427
        1.920   16.71659
        1.930   12.67672
        1.940    8.43214
        1.950    4.14227
        1.960   -0.02722
        1.970   -3.91090
        1.980   -7.35037
        1.990  -10.20148
        2.000  -12.34087
        2.010  -13.67177
        2.020  -14.12936
        2.030  -13.68413
        2.040  -12.34411
        2.050  -10.15530
        2.060   -7.20068
        2.070   -3.59772
        2.080    0.50600
        2.090    4.93790
        2.100    9.50761
        2.110   14.01420
        2.120   18.25548
        2.130   22.03675
        2.140   25.17997
        2.150   27.53298
        2.160   28.97720
        2.170   29.43460
        2.180   28.87275
        2.190   27.30778
        2.200   24.80513
        2.210   21.47754
        2.220   17.48034
        2.230   13.00465
        2.240    8.26814
        2.250    3.50461
        2.260   -1.04752
        2.270   -5.15683
        2.280   -8.61050
        2.290  -11.22543
        2.300  -12.85801
        2.310  -13.41294
        2.320  -12.84940
        2.330  -11.18539
        2.340   -8.49831
        2.350   -4.92258
        2.360   -0.64420
        2.370    4.10849
        2.380    9.07647
        2.390   13.98402
        2.400   18.55413
        2.410   22.52462
        2.420   25.66343
        2.430   27.78279
        2.440   28.75046
        2.450   28.49839
        2.460   27.02783
        2.470   24.41083
        2.480   20.78850
        2.490   16.36494
        2.500   11.39765
        2.510    6.18392
        2.520    1.04352
        2.530   -3.70070
        2.540   -7.74351
        2.550  -10.81791
        2.560  -12.71341
        2.570  -13.29182
        2.580  -12.49805
        2.590  -10.36592
        2.600   -7.01827
        2.610   -2.66096
        2.620    2.42861
        2.630    7.91790
        2.640   13.43911
        2.650   18.61287
        2.660   23.07332
        2.670   26.49450
        2.680   28.61542
        2.690   29.26200
        2.700   28.36346
        2.710   25.96139
        2.720   22.21003
        2.730   17.36769
        2.740   11.78021
        2.750    5.85685
        2.760    0.04121
        2.770   -5.22207
        2.780   -9.52070
        2.790  -12.50738
        2.800  -13.92884
        2.810  -13.64865
        2.820  -11.66243
        2.830   -8.10347
        2.840   -3.23741
        2.850    2.55558
        2.860    8.80976
        2.870   15.01145
        2.880   20.64198
        2.890   25.22270
        2.900   28.35628
        2.910   29.76196
        2.920   29.30201
        2.930   26.99651
        2.940   23.02550
        2.950   17.71726
        2.960   11.52396
        2.970    4.98474
        2.980   -1.31999
        2.990   -6.82095
        3.000  -11.01307
        3.010  -13.50498
        3.020  -14.05794
        3.030  -12.61068
        3.040   -9.28661
        3.050   -4.38402
        3.060    1.64956
        3.070    8.25669
        3.080   14.81988
        3.090   20.71839
        3.100   25.38676
        3.110   28.37058
        3.120   29.37282
        3.130   28.28628
        3.140   25.20806
        3.150   20.43300
        3.160   14.42614
        3.170    7.77707
        3.180    1.14191
        3.190   -4.82091
        3.200   -9.51487
        3.210  -12.46357
        3.220  -13.36001
        3.230  -12.10076
        3.240   -8.80079
        3.250   -3.78687
        3.260    2.43190
        3.270    9.21472
        3.280   15.85399
        3.290   21.65038
        3.300   25.98713
        3.310   28.39580
        3.320   28.60691
        3.330   26.57979
        3.340   22.51101
        3.350   16.82001
        3.360   10.11108
        3.370    3.11318
        3.380   -3.39739
        3.390   -8.68419
        3.400  -12.13550
        3.410  -13.33810
        3.420  -12.12893
        3.430   -8.61854
        3.440   -3.18416
        3.450    3.56826
        3.460   10.86775
        3.470   17.86166
        3.480   23.71231
        3.490   27.69802
        3.500   29.30598
        3.510   28.30421
        3.520   24.77931
        3.530   19.13403
        3.540   12.04333
        3.550    4.37581
        3.560   -2.91175
        3.570   -8.89264
        3.580  -12.78765
        3.590  -14.06817
        3.600  -12.53203
        3.610   -8.34154
        3.620   -2.01441
        3.630    5.63604
        3.640   13.60462
        3.650   20.82936
        3.660   26.33587
        3.670   29.36978
        3.680   29.50228
        3.690   26.69290
        3.700   21.30223
        3.710   14.05069
        3.720    5.92725
        3.730   -1.94315
        3.740   -8.45696
        3.750  -12.69222
        3.760  -14.04436
        3.770  -12.31641
        3.780   -7.74783
        3.790   -0.98171
        3.800    7.02307
        3.810   15.12478
        3.820   22.15888
        3.830   27.10610
        3.840   29.24236
        3.850   28.25075
        3.860   24.27336
        3.870   17.89399
        3.880   10.05124
        3.890    1.89964
        3.900   -5.35852
        3.910  -10.64735
        3.920  -13.17364
        3.930  -12.54835
        3.940   -8.85143
        3.950   -2.62884
        3.960    5.18361
        3.970   13.39846
        3.980   20.75768
        3.990   26.12651
        4.000   28.66683
        4.010   27.96611
