        0.000    4.70317
        0.010    4.69233
        0.020    4.66014
        0.030    4.60655
        0.040    4.53126
        0.050    4.43472
        0.060    4.31671
        0.070    4.17758
        0.080    4.01720
        0.090    3.83575
        0.100    3.63345
        0.110    3.41046
        0.120    3.16697
        0.130    2.90317
        0.140    2.61936
        0.150    2.31582
        0.160    1.99292
        0.170    1.65106
        0.180    1.29061
        0.190    0.91219
        0.200    0.51626
        0.210    0.10341
        0.220   -0.32567
        0.230   -0.77015
        0.240   -1.22933
        0.250   -1.70234
        0.260   -2.18818
        0.270   -2.68567
        0.280   -3.19390
        0.290   -3.71150
        0.300   -4.23716
        0.310   -4.76956
        0.320   -5.30711
        0.330   -5.84828
        0.340   -6.39122
        0.350   -6.93414
        0.360   -7.47513
        0.370   -8.01210
        0.380   -8.54288
        0.390   -9.06520
        0.400   -9.57658
        0.410  -10.07450
        0.420  -10.55628
        0.430  -11.01919
        0.440  -11.46028
        0.450  -11.87663
        0.460  -12.26512
        0.470  -12.62252
        0.480  -12.94556
        0.490  -13.23092
        0.500  -13.47522
    ETA       F       G
        0.510  -13.67497
        0.520  -13.82678
        0.530  -13.92723
        0.540  -13.97290
        0.550  -13.96048
        0.560  -13.88667
        0.570  -13.74839
        0.580  -13.54267
        0.590  -13.26669
        0.600  -12.91805
        0.610  -12.49440
        0.620  -11.99384
        0.630  -11.41479
        0.640  -10.75606
        0.650  -10.01703
        0.660   -9.19740
        0.670   -8.29763
        0.680   -7.31855
        0.690   -6.26177
        0.700   -5.12954
        0.710   -3.92476
        0.720   -2.65119
        0.730   -1.31322
        0.740    0.08383
        0.750    1.53393
        0.760    3.03018
        0.770    4.56495
        0.780    6.12965
        0.790    7.71503
        0.800    9.31106
        0.810   10.90692
        0.820   12.49135
        0.830   14.05229
        0.840   15.57736
        0.850   17.05370
        0.860   18.46833
        0.870   19.80804
        0.880   21.05983
        0.890   22.21082
        0.900   23.24862
        0.910   24.16150
        0.920   24.93864
        0.930   25.57030
        0.940   26.04797
        0.950   26.36480
        0.960   26.51544
        0.970   26.49629
        0.980   26.30530
        0.990   25.94193
        1.000   25.40674
        1.010   24.70118
        1.020   23.82749
        1.030   22.78857
        1.040   21.58808
        1.050   20.23095
        1.060   18.72378
        1.070   17.07537
        1.080   15.29694
        1.090   13.40253
        1.100   11.40905
        1.110    9.33615
        1.120    7.20614
        1.130    5.04374
        1.140    2.87563
        1.150    0.73021
        1.160   -1.36286
        1.170   -3.37323
        1.180   -5.27040
        1.190   -7.02397
        1.200   -8.60458
        1.210   -9.98424
        1.220  -11.13702
        1.230  -12.03963
        1.240  -12.67181
        1.250  -13.01716
        1.260  -13.06331
        1.270  -12.80262
        1.280  -12.23235
        1.290  -11.35492
        1.300  -10.17829
        1.310   -8.71573
        1.320   -6.98589
        1.330   -5.01250
        1.340   -2.82402
        1.350   -0.45299
        1.360    2.06446
        1.370    4.68958
        1.380    7.38162
        1.390   10.09821
        1.400   12.79565
        1.410   15.42809
        1.420   17.94704
        1.430   20.30046
        1.440   22.43339
        1.450   24.28932
        1.460   25.81333
        1.470   26.95510
        1.480   27.67207
        1.490   27.93167
        1.500   27.71306
        1.510   27.00780
        1.520   25.82040
        1.530   24.16829
        1.540   22.08151
        1.550   19.60210
        1.560   16.78340
        1.570   13.68885
        1.580   10.39073
        1.590    6.96846
        1.600    3.50690
        1.610    0.09421
        1.620   -3.18022
        1.630   -6.22795
        1.640   -8.96397
        1.650  -11.30885
        1.660  -13.19076
        1.670  -14.54734
        1.680  -15.32749
        1.690  -15.49216
        1.700  -15.01611
        1.710  -13.88890
        1.720  -12.11703
        1.730   -9.72742
        1.740   -6.77143
        1.750   -3.32783
        1.760    0.49811
        1.770    4.57895
        1.780    8.77318
        1.790   12.93287
        1.800   16.91062
        1.810   20.56546
        1.820   23.76707
        1.830   26.39990
        1.840   28.36650
        1.850   29.59058
        1.860   30.01974
        1.870   29.62788
        1.880   28.41656
        1.890   26.41587
        1.900   23.68472
        1.910   20.30955
        1.920   16.40279
        1.930   12.10003
        1.940    7.55656
        1.950    2.94327
        1.960   -1.55811
        1.970   -5.76067
        1.980   -9.47873
        1.990  -12.53726
        2.000  -14.78394
        2.010  -16.10373
        2.020  -16.43060
        2.030  -15.75204
        2.040  -14.10497
        2.050  -11.56842
        2.060   -8.25627
        2.070   -4.31145
        2.080    0.09893
        2.090    4.78830
        2.100    9.55660
        2.110   14.19670
        2.120   18.50263
        2.130   22.27788
        2.140   25.34449
        2.150   27.55196
        2.160   28.78550
        2.170   28.97337
        2.180   28.09285
        2.190   26.17476
        2.200   23.30558
        2.210   19.62725
        2.220   15.33253
        2.230   10.65418
        2.240    5.84543
        2.250    1.15620
        2.260   -3.18570
        2.270   -6.98167
        2.280  -10.06190
        2.290  -12.28555
        2.300  -13.54428
        2.310  -13.76934
        2.320  -12.93847
        2.330  -11.08163
        2.340   -8.28348
        2.350   -4.68212
        2.360   -0.46413
        2.370    4.14416
        2.380    8.88857
        2.390   13.50196
        2.400   17.72087
        2.410   21.30365
        2.420   24.04836
        2.430   25.80862
        2.440   26.50336
        2.450   26.11484
        2.460   24.67521
        2.470   22.25322
        2.480   18.95375
        2.490   14.92793
        2.500   10.37982
        2.510    5.56219
        2.520    0.76233
        2.530   -3.71909
        2.540   -7.59021
        2.550  -10.59137
        2.560  -12.51468
        2.570  -13.22056
        2.580  -12.64853
        2.590  -10.82227
        2.600   -7.84790
        2.610   -3.90532
        2.620    0.76660
        2.630    5.88874
        2.640   11.15697
        2.650   16.24837
        2.660   20.82013
        2.670   24.52311
        2.680   27.03953
        2.690   28.12859
        2.700   27.66073
        2.710   25.63318
        2.720   22.17040
        2.730   17.51283
        2.740   11.99710
        2.750    6.02966
        2.760    0.05679
        2.770   -5.46870
        2.780  -10.11953
        2.790  -13.52398
        2.800  -15.39072
        2.810  -15.52760
        2.820  -13.85800
        2.830  -10.44233
        2.840   -5.50529
        2.850    0.55763
        2.860    7.21859
        2.870   13.88537
        2.880   19.96875
        2.890   24.93725
        2.900   28.35882
        2.910   29.93247
        2.920   29.51118
        2.930   27.11383
        2.940   22.92635
        2.950   17.29061
        2.960   10.68260
        2.970    3.67974
        2.980   -3.07919
        2.990   -8.94500
        3.000  -13.32560
        3.010  -15.77318
        3.020  -16.05836
        3.030  -14.18825
        3.040  -10.37678
        3.050   -5.00409
        3.060    1.42228
        3.070    8.30640
        3.080   15.00985
        3.090   20.90355
        3.100   25.42347
        3.110   28.12580
        3.120   28.73462
        3.130   27.17908
        3.140   23.61391
        3.150   18.41803
        3.160   12.15700
        3.170    5.49849
        3.180   -0.89516
        3.190   -6.43403
        3.200  -10.62349
        3.210  -13.08197
        3.220  -13.57261
        3.230  -12.03602
        3.240   -8.61072
        3.250   -3.63145
        3.260    2.39668
        3.270    8.84816
        3.280   15.04526
        3.290   20.33874
        3.300   24.19022
        3.310   26.23853
        3.320   26.32133
        3.330   24.44451
        3.340   20.75727
        3.350   15.57209
        3.360    9.38108
        3.370    2.82598
        3.380   -3.37335
        3.390   -8.51112
        3.400  -11.98699
        3.410  -13.38415
        3.420  -12.52188
        3.430   -9.47591
        3.440   -4.56377
        3.450    1.70203
        3.460    8.67398
        3.470   15.60965
        3.480   21.69589
        3.490   26.13214
        3.500   28.27903
        3.510   27.78762
        3.520   24.66110
        3.530   19.25286
        3.540   12.21510
        3.550    4.41353
        3.560   -3.18125
        3.570   -9.61006
        3.580  -14.03575
        3.590  -15.83561
        3.600  -14.67570
        3.610  -10.58878
        3.620   -4.04886
        3.630    4.05430
        3.640   12.57749
        3.650   20.32828
        3.660   26.23929
        3.670   29.50192
        3.680   29.66356
        3.690   26.68287
        3.700   20.93945
        3.710   13.19598
        3.720    4.51601
        3.730   -3.85717
        3.740  -10.66781
        3.750  -14.87714
        3.760  -15.88828
        3.770  -13.62756
        3.780   -8.48871
        3.790   -1.23944
        3.800    7.08220
        3.810   15.29457
        3.820   22.22295
        3.830   26.86147
        3.840   28.52442
        3.850   26.96683
        3.860   22.45011
        3.870   15.72116
        3.880    7.85872
        3.890    0.02781
        3.900   -6.69402
        3.910  -11.39846
        3.920  -13.42992
        3.930  -12.48682
        3.940   -8.69220
        3.950   -2.60157
        3.960    4.86715
        3.970   12.57380
        3.980   19.34845
        3.990   24.19884
        4.000   26.46767
        4.010   25.86252
