        0.000    1.48108
        0.010    1.47038
        0.020    1.43815
        0.030    1.38448
        0.040    1.30942
        0.050    1.21318
        0.060    1.09595
        0.070    0.95783
        0.080    0.79912
        0.090    0.62017
        0.100    0.42129
        0.110    0.20284
        0.120   -0.03484
        0.130   -0.29120
        0.140   -0.56572
        0.150   -0.85802
        0.160   -1.16735
        0.170   -1.49317
        0.180   -1.83496
        0.190   -2.19196
        0.200   -2.56367
        0.210   -2.94932
        0.220   -3.34830
        0.230   -3.75984
        0.240   -4.18328
        0.250   -4.61783
        0.260   -5.06271
        0.270   -5.51708
        0.280   -5.98009
        0.290   -6.45076
        0.300   -6.92803
        0.310   -7.41077
        0.320   -7.89777
        0.330   -8.38771
        0.340   -8.87914
        0.350   -9.37050
        0.360   -9.86006
        0.370  -10.34597
        0.380  -10.82627
        0.390  -11.29886
        0.400  -11.76144
        0.410  -12.21164
        0.420  -12.64692
        0.430  -13.06455
        0.440  -13.46180
        0.450  -13.83565
        0.460  -14.18311
        0.470  -14.50104
        0.480  -14.78613
        0.490  -15.03514
        0.500  -15.24463
    ETA       F       G
        0.510  -15.41123
        0.520  -15.53144
        0.530  -15.60191
        0.540  -15.61920
        0.550  -15.57997
        0.560  -15.48094
        0.570  -15.31906
        0.580  -15.09131
        0.590  -14.79493
        0.600  -14.42740
        0.610  -13.98650
        0.620  -13.47025
        0.630  -12.87713
        0.640  -12.20601
        0.650  -11.45615
        0.660  -10.62741
        0.670   -9.72019
        0.680   -8.73543
        0.690   -7.67473
        0.700   -6.54043
        0.710   -5.33550
        0.720   -4.06371
        0.730   -2.72965
        0.740   -1.33864
        0.750    0.10309
        0.760    1.58853
        0.770    3.10984
        0.780    4.65831
        0.790    6.22446
        0.800    7.79796
        0.810    9.36783
        0.820   10.92230
        0.830   12.44909
        0.840   13.93533
        0.850   15.36770
        0.860   16.73267
        0.870   18.01642
        0.880   19.20517
        0.890   20.28548
        0.900   21.24412
        0.910   22.06868
        0.920   22.74770
        0.930   23.27113
        0.940   23.63069
        0.950   23.82084
        0.960   23.83909
        0.970   23.68727
        0.980   23.37243
        0.990   22.90693
        1.000   22.30650
        1.010   21.58516
        1.020   20.74925
        1.030   19.79613
        1.040   18.71742
        1.050   17.50430
        1.060   16.15108
        1.070   14.65688
        1.080   13.02617
        1.090   11.26866
        1.100    9.39889
        1.110    7.43568
        1.120    5.40145
        1.130    3.32164
        1.140    1.22405
        1.150   -0.86171
        1.160   -2.90491
        1.170   -4.87418
        1.180   -6.73807
        1.190   -8.46562
        1.200  -10.02692
        1.210  -11.39362
        1.220  -12.53957
        1.230  -13.44138
        1.240  -14.07889
        1.250  -14.43582
        1.260  -14.50017
        1.270  -14.26466
        1.280  -13.72715
        1.290  -12.89084
        1.300  -11.76453
        1.310  -10.36270
        1.320   -8.70527
        1.330   -6.81751
        1.340   -4.72952
        1.350   -2.47540
        1.360   -0.09252
        1.370    2.38061
        1.380    4.90592
        1.390    7.44926
        1.400    9.98365
        1.410   12.49040
        1.420   14.95131
        1.430   17.33046
        1.440   19.56448
        1.450   21.57297
        1.460   23.27530
        1.470   24.60093
        1.480   25.49373
        1.490   25.91311
        1.500   25.83430
        1.510   25.24777
        1.520   24.15867
        1.530   22.58599
        1.540   20.56168
        1.550   18.12976
        1.560   15.34509
        1.570   12.27248
        1.580    8.98501
        1.590    5.56271
        1.600    2.09053
        1.610   -1.34355
        1.620   -4.65074
        1.630   -7.74365
        1.640  -10.53863
        1.650  -12.95808
        1.660  -14.93233
        1.670  -16.40155
        1.680  -17.31697
        1.690  -17.64115
        1.700  -17.34717
        1.710  -16.41584
        1.720  -14.83145
        1.730  -12.58110
        1.740   -9.67289
        1.750   -6.17144
        1.760   -2.20555
        1.770    2.06027
        1.780    6.45294
        1.790   10.80361
        1.800   14.95329
        1.810   18.75541
        1.820   22.07844
        1.830   24.80766
        1.840   26.84775
        1.850   28.12475
        1.860   28.58845
        1.870   28.21429
        1.880   27.00495
        1.890   24.99094
        1.900   22.23089
        1.910   18.81033
        1.920   14.84006
        1.930   10.45338
        1.940    5.80260
        1.950    1.05529
        1.960   -3.60943
        1.970   -8.00401
        1.980  -11.93330
        1.990  -15.19371
        2.000  -17.58001
        2.010  -18.92509
        2.020  -19.15888
        2.030  -18.30862
        2.040  -16.45706
        2.050  -13.71570
        2.060  -10.21716
        2.070   -6.11316
        2.080   -1.57352
        2.090    3.21579
        2.100    8.05700
        2.110   12.74556
        2.120   17.07781
        2.130   20.85878
        2.140   23.91118
        2.150   26.08426
        2.160   27.26184
        2.170   27.36978
        2.180   26.38204
        2.190   24.32533
        2.200   21.28297
        2.210   17.39809
        2.220   12.87800
        2.230    7.99801
        2.240    3.08154
        2.250   -1.57684
        2.260   -5.77405
        2.270   -9.36764
        2.280  -12.23367
        2.290  -14.25859
        2.300  -15.34723
        2.310  -15.43539
        2.320  -14.50092
        2.330  -12.57151
        2.340   -9.72911
        2.350   -6.10949
        2.360   -1.89798
        2.370    2.67928
        2.380    7.36681
        2.390   11.89482
        2.400   15.99580
        2.410   19.42347
        2.420   21.97322
        2.430   23.50531
        2.440   23.97071
        2.450   23.42403
        2.460   21.96984
        2.470   19.67108
        2.480   16.57080
        2.490   12.76356
        2.500    8.41967
        2.510    3.77585
        2.520   -0.88638
        2.530   -5.26631
        2.540   -9.07008
        2.550  -12.03530
        2.560  -13.95221
        2.570  -14.68055
        2.580  -14.16088
        2.590  -12.41964
        2.600   -9.56737
        2.610   -5.78914
        2.620   -1.32578
        2.630    3.55557
        2.640    8.60012
        2.650   13.57742
        2.660   18.19920
        2.670   22.07284
        2.680   24.80772
        2.690   26.11304
        2.700   25.83372
        2.710   23.95703
        2.720   20.60550
        2.730   16.02123
        2.740   10.54341
        2.750    4.58050
        2.760   -1.42076
        2.770   -7.00917
        2.780  -11.76116
        2.790  -15.31051
        2.800  -17.37061
        2.810  -17.74449
        2.820  -16.31863
        2.830  -13.06090
        2.840   -8.11156
        2.850   -1.89280
        2.860    4.98657
        2.870   11.87421
        2.880   18.15035
        2.890   23.27156
        2.900   26.80326
        2.910   28.44594
        2.920   28.05502
        2.930   25.65086
        2.940   21.41893
        2.950   15.69835
        2.960    8.95991
        2.970    1.77517
        2.980   -5.21621
        2.990  -11.33580
        3.000  -15.90100
        3.010  -18.36023
        3.020  -18.49730
        3.030  -16.40692
        3.040  -12.37108
        3.050   -6.80399
        3.060   -0.22620
        3.070    6.76381
        3.080   13.52912
        3.090   19.44288
        3.100   23.94193
        3.110   26.58075
        3.120   27.07884
        3.130   25.35889
        3.140   21.57229
        3.150   16.11643
        3.160    9.63628
        3.170    2.92295
        3.180   -3.34464
        3.190   -8.66642
        3.200  -12.62694
        3.210  -14.88548
        3.220  -15.22099
        3.230  -13.57775
        3.240  -10.09310
        3.250   -5.09983
        3.260    0.89716
        3.270    7.26981
        3.280   13.33459
        3.290   18.43546
        3.300   22.03767
        3.310   23.82803
        3.320   23.76998
        3.330   21.95409
        3.340   18.46218
        3.350   13.50886
        3.360    7.52983
        3.370    1.14328
        3.380   -4.93778
        3.390  -10.00752
        3.400  -13.46412
        3.410  -14.89073
        3.420  -14.10962
        3.430  -11.20302
        3.440   -6.49502
        3.450   -0.48937
        3.460    6.23531
        3.470   13.08056
        3.480   19.27960
        3.490   23.93368
        3.500   26.31098
        3.510   26.01676
        3.520   23.03758
        3.530   17.72327
        3.540   10.72706
        3.550    2.91545
        3.560   -4.74298
        3.570  -11.29478
        3.580  -15.91045
        3.590  -17.96399
        3.600  -17.06464
        3.610  -13.09798
        3.620   -6.46298
        3.630    1.85582
        3.640   10.61251
        3.650   18.56319
        3.660   24.62190
        3.670   27.97594
        3.680   28.17333
        3.690   25.17295
        3.700   19.35139
        3.710   11.46446
        3.720    2.56911
        3.730   -6.07538
        3.740  -13.11588
        3.750  -17.35559
        3.760  -18.20272
        3.770  -15.70590
        3.780  -10.34311
        3.790   -2.91749
        3.800    5.52240
        3.810   13.79390
        3.820   20.72274
        3.830   25.30093
        3.840   26.83629
        3.850   25.07567
        3.860   20.28926
        3.870   13.30910
        3.880    5.38483
        3.890   -2.29658
        3.900   -8.78307
        3.910  -13.25983
        3.920  -15.11151
        3.930  -14.04890
        3.940  -10.19688
        3.950   -4.11105
        3.960    3.28778
        3.970   10.85202
        3.980   17.40427
        3.990   21.97397
        4.000   24.02815
        4.010   23.43656
