        0.000      0.04672
        0.010      0.04661
        0.020      0.04670
        0.030      0.04670
        0.040      0.04683
        0.050      0.04692
        0.060      0.04706
        0.070      0.04728
        0.080      0.04755
        0.090      0.04798
        0.100      0.04853
        0.110      0.04936
        0.120      0.05042
        0.130      0.05167
        0.140      0.05327
        0.150      0.05523
        0.160      0.05751
        0.170      0.06030
        0.180      0.06358
        0.190      0.06730
        0.200      0.07164
        0.210      0.07656
        0.220      0.08206
        0.230      0.08800
        0.240      0.09466
        0.250      0.10179
        0.260      0.10942
        0.270      0.11752
        0.280      0.12592
        0.290      0.13453
        0.300      0.14327
        0.310      0.15192
        0.320      0.16019
        0.330      0.16797
        0.340      0.17501
        0.350      0.18096
        0.360      0.18567
        0.370      0.18883
        0.380      0.19013
        0.390      0.18941
        0.400      0.18639
        0.410      0.18092
        0.420      0.17281
        0.430      0.16191
        0.440      0.14853
        0.450      0.13262
        0.460      0.11450
        0.470      0.09444
        0.480      0.07282
        0.490      0.05037
        0.500      0.02756
        0.510      0.00511
        0.520     -0.01619
        0.530     -0.03551
        0.540     -0.05216
        0.550     -0.06552
        0.560     -0.07497
        0.570     -0.08026
        0.580     -0.08108
        0.590     -0.07732
        0.600     -0.06959
        0.610     -0.05823
        0.620     -0.04417
        0.630     -0.02846
        0.640     -0.01226
        0.650      0.00296
        0.660      0.01598
        0.670      0.02554
        0.680      0.03059
        0.690      0.03039
        0.700      0.02467
        0.710      0.01363
        0.720     -0.00205
        0.730     -0.02109
        0.740     -0.04182
        0.750     -0.06225
        0.760     -0.08011
        0.770     -0.09315
        0.780     -0.09936
        0.790     -0.09723
        0.800     -0.08586
        0.810     -0.06513
        0.820     -0.03589
        0.830      0.00015
        0.840      0.04049
        0.850      0.08184
        0.860      0.12109
        0.870      0.15480
        0.880      0.18024
        0.890      0.19548
        0.900      0.19978
        0.910      0.19377
        0.920      0.17927
        0.930      0.15957
        0.940      0.13841
        0.950      0.11990
        0.960      0.10793
        0.970      0.10532
        0.980      0.11348
        0.990      0.13183
        1.000      0.15823
        1.010      0.18852
        1.020      0.21780
        1.030      0.24056
        1.040      0.25186
        1.050      0.24842
        1.060      0.22890
        1.070      0.19475
        1.080      0.14975
        1.090      0.09967
        1.100      0.05151
        1.110      0.01184
        1.120     -0.01410
        1.130     -0.02359
        1.140     -0.01715
        1.150      0.00117
        1.160      0.02511
        1.170      0.04689
        1.180      0.05913
        1.190      0.05643
        1.200      0.03703
        1.210      0.00300
        1.220     -0.03946
        1.230     -0.08149
        1.240     -0.11346
        1.250     -0.12705
        1.260     -0.11763
        1.270     -0.08558
        1.280     -0.03626
        1.290      0.02094
        1.300      0.07476
        1.310      0.11470
        1.320      0.13461
        1.330      0.13334
        1.340      0.11601
        1.350      0.09256
        1.360      0.07481
        1.370      0.07309
        1.380      0.09285
        1.390      0.13267
        1.400      0.18423
        1.410      0.23409
        1.420      0.26817
        1.430      0.27537
        1.440      0.25171
        1.450      0.20205
        1.460      0.13862
        1.470      0.07759
        1.480      0.03415
        1.490      0.01703
        1.500      0.02600
        1.510      0.05101
        1.520      0.07651
        1.530      0.08614
        1.540      0.06968
        1.550      0.02686
        1.560     -0.03163
        1.570     -0.08782
        1.580     -0.12262
        1.590     -0.12323
        1.600     -0.08821
        1.610     -0.02883
        1.620      0.03495
        1.630      0.08241
        1.640      0.09995
        1.650      0.08730
        1.660      0.05757
        1.670      0.03220
        1.680      0.03118
        1.690      0.06454
        1.700      0.12664
        1.710      0.19783
        1.720      0.25236
        1.730      0.26973
        1.740      0.24392
        1.750      0.18666
        1.760      0.12251
        1.770      0.07778
        1.780      0.06768
        1.790      0.08923
        1.800      0.12218
        1.810      0.13899
        1.820      0.11888
        1.830      0.05949
        1.840     -0.02077
        1.850     -0.09094
        1.860     -0.12274
        1.870     -0.10496
        1.880     -0.04970
        1.890      0.01342
        1.900      0.05316
        1.910      0.05380
        1.920      0.02387
        1.930     -0.00810
        1.940     -0.00961
        1.950      0.03586
        1.960      0.11837
        1.970      0.20497
        1.980      0.25756
        1.990      0.25468
        2.000      0.20417
        2.010      0.13885
        2.020      0.09723
        2.030      0.09946
        2.040      0.13537
        2.050      0.16973
        2.060      0.16573
        2.070      0.10897
        2.080      0.01873
        2.090     -0.06236
        2.100     -0.09491
        2.110     -0.06820
        2.120     -0.00791
        2.130      0.04118
        2.140      0.04511
        2.150      0.00477
        2.160     -0.04363
        2.170     -0.05378
        2.180     -0.00206
        2.190      0.09375
        2.200      0.18500
        2.210      0.22505
        2.220      0.20223
        2.230      0.14776
        2.240      0.11228
        2.250      0.12739
        2.260      0.18034
        2.270      0.22253
        2.280      0.20657
        2.290      0.12444
        2.300      0.01650
        2.310     -0.05721
        2.320     -0.06159
        2.330     -0.01350
        2.340      0.03257
        2.350      0.02930
        2.360     -0.02345
        2.370     -0.07735
        2.380     -0.07474
        2.390      0.00157
        2.400      0.11110
        2.410      0.18652
        2.420      0.18857
        2.430      0.13859
        2.440      0.09936
        2.450      0.11876
        2.460      0.18617
        2.470      0.23979
        2.480      0.22147
        2.490      0.13030
        2.500      0.02658
        2.510     -0.02010
        2.520      0.00665
        2.530      0.05634
        2.540      0.05971
        2.550     -0.00425
        2.560     -0.08509
        2.570     -0.10624
        2.580     -0.03852
        2.590      0.07055
        2.600      0.13990
        2.610      0.13189
        2.620      0.08776
        2.630      0.08411
        2.640      0.15236
        2.650      0.24206
        2.660      0.26825
        2.670      0.19719
        2.680      0.08340
        2.690      0.01668
        2.700      0.03254
        2.710      0.07783
        2.720      0.06991
        2.730     -0.01113
        2.740     -0.09695
        2.750     -0.10126
        2.760     -0.01342
        2.770      0.08686
        2.780      0.11418
        2.790      0.06960
        2.800      0.03793
        2.810      0.08979
        2.820      0.19739
        2.830      0.26060
        2.840      0.21802
        2.850      0.11733
        2.860      0.06130
        2.870      0.08979
        2.880      0.13415
        2.890      0.10113
        2.900     -0.01151
        2.910     -0.10436
        2.920     -0.09027
        2.930      0.00403
        2.940      0.06994
        2.950      0.04893
        2.960      0.00314
        2.970      0.03543
        2.980      0.15379
        2.990      0.25248
        3.000      0.23692
        3.010      0.14047
        3.020      0.08187
        3.030      0.11477
        3.040      0.16110
        3.050      0.11641
        3.060     -0.00686
        3.070     -0.08737
        3.080     -0.04900
        3.090      0.04033
        3.100      0.05883
        3.110     -0.00516
        3.120     -0.03700
        3.130      0.04704
        3.140      0.17911
        3.150      0.22475
        3.160      0.16115
        3.170      0.10408
        3.180      0.14210
        3.190      0.20829
        3.200      0.17399
        3.210      0.03717
        3.220     -0.06455
        3.230     -0.03927
        3.240      0.03489
        3.250      0.02844
        3.260     -0.04713
        3.270     -0.05428
        3.280      0.06364
        3.290      0.18810
        3.300      0.18997
        3.310      0.11375
        3.320      0.10558
        3.330      0.18804
        3.340      0.22321
        3.350      0.12467
        3.360     -0.00281
        3.370     -0.01534
        3.380      0.05453
        3.390      0.05419
        3.400     -0.04388
        3.410     -0.09136
        3.420      0.00549
        3.430      0.13380
        3.440      0.14616
        3.450      0.08785
        3.460      0.11347
        3.470      0.22322
        3.480      0.25036
        3.490      0.12980
        3.500      0.01121
        3.510      0.02436
        3.520      0.07743
        3.530      0.02246
        3.540     -0.08513
        3.550     -0.07124
        3.560      0.06245
        3.570      0.13296
        3.580      0.07840
        3.590      0.05540
        3.600      0.16023
        3.610      0.25074
        3.620      0.18433
        3.630      0.06510
        3.640      0.06423
        3.650      0.12415
        3.660      0.06848
        3.670     -0.07023
        3.680     -0.09216
        3.690      0.02439
        3.700      0.08694
        3.710      0.03371
        3.720      0.03739
        3.730      0.17365
        3.740      0.25963
        3.750      0.17255
        3.760      0.07068
        3.770      0.10335
        3.780      0.14310
        3.790      0.03894
        3.800     -0.08168
        3.810     -0.03773
        3.820      0.06881
        3.830      0.04656
        3.840     -0.02137
        3.850      0.05864
        3.860      0.20564
        3.870      0.20381
        3.880      0.10675
        3.890      0.12167
        3.900      0.19556
        3.910      0.12021
        3.920     -0.04161
        3.930     -0.05642
        3.940      0.03861
        3.950      0.02578
        3.960     -0.04908
        3.970      0.02813
        3.980      0.18835
        3.990      0.19288
        4.000      0.09852
        4.010      0.12857
