        0.000      0.16755
        0.010      0.16754
        0.020      0.16753
        0.030      0.16762
        0.040      0.16758
        0.050      0.16772
        0.060      0.16785
        0.070      0.16804
        0.080      0.16829
        0.090      0.16871
        0.100      0.16928
        0.110      0.16998
        0.120      0.17087
        0.130      0.17206
        0.140      0.17353
        0.150      0.17529
        0.160      0.17748
        0.170      0.18009
        0.180      0.18310
        0.190      0.18661
        0.200      0.19066
        0.210      0.19513
        0.220      0.20017
        0.230      0.20572
        0.240      0.21188
        0.250      0.21848
        0.260      0.22550
        0.270      0.23288
        0.280      0.24061
        0.290      0.24857
        0.300      0.25650
        0.310      0.26430
        0.320      0.27178
        0.330      0.27877
        0.340      0.28501
        0.350      0.29033
        0.360      0.29431
        0.370      0.29675
        0.380      0.29754
        0.390      0.29634
        0.400      0.29289
        0.410      0.28720
        0.420      0.27889
        0.430      0.26805
        0.440      0.25475
        0.450      0.23911
        0.460      0.22130
        0.470      0.20159
        0.480      0.18048
        0.490      0.15845
        0.500      0.13620
        0.510      0.11429
        0.520      0.09346
        0.530      0.07443
        0.540      0.05797
        0.550      0.04457
        0.560      0.03487
        0.570      0.02922
        0.580      0.02776
        0.590      0.03049
        0.600      0.03706
        0.610      0.04706
        0.620      0.05967
        0.630      0.07389
        0.640      0.08853
        0.650      0.10232
        0.660      0.11410
        0.670      0.12263
        0.680      0.12696
        0.690      0.12642
        0.700      0.12072
        0.710      0.11012
        0.720      0.09516
        0.730      0.07712
        0.740      0.05750
        0.750      0.03827
        0.760      0.02157
        0.770      0.00940
        0.780      0.00371
        0.790      0.00607
        0.800      0.01717
        0.810      0.03718
        0.820      0.06523
        0.830      0.09974
        0.840      0.13841
        0.850      0.17808
        0.860      0.21578
        0.870      0.24845
        0.880      0.27328
        0.890      0.28852
        0.900      0.29353
        0.910      0.28882
        0.920      0.27614
        0.930      0.25858
        0.940      0.23957
        0.950      0.22319
        0.960      0.21280
        0.970      0.21125
        0.980      0.21971
        0.990      0.23775
        1.000      0.26327
        1.010      0.29230
        1.020      0.32023
        1.030      0.34190
        1.040      0.35268
        1.050      0.34933
        1.060      0.33064
        1.070      0.29815
        1.080      0.25519
        1.090      0.20735
        1.100      0.16116
        1.110      0.12285
        1.120      0.09746
        1.130      0.08744
        1.140      0.09230
        1.150      0.10837
        1.160      0.12978
        1.170      0.14918
        1.180      0.15960
        1.190      0.15606
        1.200      0.13675
        1.210      0.10375
        1.220      0.06300
        1.230      0.02276
        1.240     -0.00784
        1.250     -0.02090
        1.260     -0.01216
        1.270      0.01809
        1.280      0.06479
        1.290      0.11915
        1.300      0.17046
        1.310      0.20895
        1.320      0.22861
        1.330      0.22849
        1.340      0.21336
        1.350      0.19256
        1.360      0.17716
        1.370      0.17690
        1.380      0.19686
        1.390      0.23558
        1.400      0.28518
        1.410      0.33306
        1.420      0.36582
        1.430      0.37304
        1.440      0.35092
        1.450      0.30393
        1.460      0.24387
        1.470      0.18583
        1.480      0.14409
        1.490      0.12703
        1.500      0.13436
        1.510      0.15685
        1.520      0.17973
        1.530      0.18769
        1.540      0.17112
        1.550      0.12983
        1.560      0.07379
        1.570      0.02004
        1.580     -0.01339
        1.590     -0.01440
        1.600      0.01828
        1.610      0.07404
        1.620      0.13413
        1.630      0.17894
        1.640      0.19578
        1.650      0.18429
        1.660      0.15693
        1.670      0.13377
        1.680      0.13386
        1.690      0.16631
        1.700      0.22601
        1.710      0.29440
        1.720      0.34700
        1.730      0.36455
        1.740      0.34126
        1.750      0.28811
        1.760      0.22818
        1.770      0.18609
        1.780      0.17636
        1.790      0.19612
        1.800      0.22629
        1.810      0.24082
        1.820      0.22058
        1.830      0.16319
        1.840      0.08604
        1.850      0.01845
        1.860     -0.01275
        1.870      0.00307
        1.880      0.05444
        1.890      0.11357
        1.900      0.15110
        1.910      0.15197
        1.920      0.12444
        1.930      0.09524
        1.940      0.09486
        1.950      0.13893
        1.960      0.21788
        1.970      0.30058
        1.980      0.35124
        1.990      0.34936
        2.000      0.30242
        2.010      0.24129
        2.020      0.20216
        2.030      0.20421
        2.040      0.23775
        2.050      0.26976
        2.060      0.26538
        2.070      0.21124
        2.080      0.12540
        2.090      0.04816
        2.100      0.01665
        2.110      0.04082
        2.120      0.09670
        2.130      0.14204
        2.140      0.14506
        2.150      0.10656
        2.160      0.06065
        2.170      0.05131
        2.180      0.10047
        2.190      0.19169
        2.200      0.27893
        2.210      0.31819
        2.220      0.29833
        2.230      0.24855
        2.240      0.21646
        2.250      0.23158
        2.260      0.28180
        2.270      0.32125
        2.280      0.30537
        2.290      0.22677
        2.300      0.12353
        2.310      0.05266
        2.320      0.04705
        2.330      0.09118
        2.340      0.13378
        2.350      0.13031
        2.360      0.08061
        2.370      0.03009
        2.380      0.03306
        2.390      0.10554
        2.400      0.20944
        2.410      0.28118
        2.420      0.28377
        2.430      0.23737
        2.440      0.20104
        2.450      0.22004
        2.460      0.28416
        2.470      0.33529
        2.480      0.31838
        2.490      0.23260
        2.500      0.13475
        2.510      0.09017
        2.520      0.11435
        2.530      0.15996
        2.540      0.16163
        2.550      0.09989
        2.560      0.02254
        2.570      0.00172
        2.580      0.06533
        2.590      0.16860
        2.600      0.23498
        2.610      0.22903
        2.620      0.18923
        2.630      0.18753
        2.640      0.25321
        2.650      0.33853
        2.660      0.36336
        2.670      0.29597
        2.680      0.18775
        2.690      0.12364
        2.700      0.13751
        2.710      0.17919
        2.720      0.17111
        2.730      0.09437
        2.740      0.01330
        2.750      0.00911
        2.760      0.09177
        2.770      0.18614
        2.780      0.21182
        2.790      0.16987
        2.800      0.14035
        2.810      0.18996
        2.820      0.29252
        2.830      0.35344
        2.840      0.31477
        2.850      0.22089
        2.860      0.16853
        2.870      0.19498
        2.880      0.23573
        2.890      0.20280
        2.900      0.09475
        2.910      0.00548
        2.920      0.01747
        2.930      0.10584
        2.940      0.16835
        2.950      0.14958
        2.960      0.10803
        2.970      0.13994
        2.980      0.25279
        2.990      0.34654
        3.000      0.33212
        3.010      0.24101
        3.020      0.18533
        3.030      0.21591
        3.040      0.25920
        3.050      0.21693
        3.060      0.10060
        3.070      0.02435
        3.080      0.05992
        3.090      0.14323
        3.100      0.15960
        3.110      0.09847
        3.120      0.06809
        3.130      0.14769
        3.140      0.27338
        3.150      0.31818
        3.160      0.26034
        3.170      0.20822
        3.180      0.24483
        3.190      0.30687
        3.200      0.27327
        3.210      0.14231
        3.220      0.04445
        3.230      0.06674
        3.240      0.13597
        3.250      0.13007
        3.260      0.05975
        3.270      0.05406
        3.280      0.16604
        3.290      0.28395
        3.300      0.28584
        3.310      0.21401
        3.320      0.20635
        3.330      0.28446
        3.340      0.31822
        3.350      0.22603
        3.360      0.10622
        3.370      0.09400
        3.380      0.15870
        3.390      0.15657
        3.400      0.06243
        3.410      0.01641
        3.420      0.10746
        3.430      0.22929
        3.440      0.24290
        3.450      0.19026
        3.460      0.21635
        3.470      0.32067
        3.480      0.34582
        3.490      0.23090
        3.500      0.11742
        3.510      0.12837
        3.520      0.17760
        3.530      0.12589
        3.540      0.02507
        3.550      0.03861
        3.560      0.16466
        3.570      0.23079
        3.580      0.17890
        3.590      0.15709
        3.600      0.25651
        3.610      0.34309
        3.620      0.28231
        3.630      0.17122
        3.640      0.17057
        3.650      0.22592
        3.660      0.17133
        3.670      0.03818
        3.680      0.01577
        3.690      0.12513
        3.700      0.18508
        3.710      0.13694
        3.720      0.14254
        3.730      0.27244
        3.740      0.35374
        3.750      0.27098
        3.760      0.17378
        3.770      0.20357
        3.780      0.24087
        3.790      0.14308
        3.800      0.02982
        3.810      0.07109
        3.820      0.17063
        3.830      0.14836
        3.840      0.08329
        3.850      0.15859
        3.860      0.29844
        3.870      0.29905
        3.880      0.20991
        3.890      0.22531
        3.900      0.29442
        3.910      0.22133
        3.920      0.06617
        3.930      0.05015
        3.940      0.13910
        3.950      0.12786
        3.960      0.05903
        3.970      0.13340
        3.980      0.28501
        3.990      0.28901
        4.000      0.19931
        4.010      0.22722
