        0.000      0.62318
        0.010      0.62324
        0.020      0.62325
        0.030      0.62325
        0.040      0.62323
        0.050      0.62334
        0.060      0.62344
        0.070      0.62360
        0.080      0.62381
        0.090      0.62411
        0.100      0.62453
        0.110      0.62510
        0.120      0.62580
        0.130      0.62666
        0.140      0.62771
        0.150      0.62910
        0.160      0.63079
        0.170      0.63268
        0.180      0.63495
        0.190      0.63758
        0.200      0.64056
        0.210      0.64388
        0.220      0.64758
        0.230      0.65167
        0.240      0.65614
        0.250      0.66090
        0.260      0.66598
        0.270      0.67122
        0.280      0.67662
        0.290      0.68202
        0.300      0.68739
        0.310      0.69254
        0.320      0.69728
        0.330      0.70138
        0.340      0.70479
        0.350      0.70722
        0.360      0.70847
        0.370      0.70833
        0.380      0.70647
        0.390      0.70285
        0.400      0.69728
        0.410      0.68949
        0.420      0.67960
        0.430      0.66744
        0.440      0.65304
        0.450      0.63650
        0.460      0.61812
        0.470      0.59809
        0.480      0.57684
        0.490      0.55472
        0.500      0.53242
        0.510      0.51040
        0.520      0.48932
        0.530      0.46977
        0.540      0.45235
        0.550      0.43777
        0.560      0.42628
        0.570      0.41832
        0.580      0.41402
        0.590      0.41335
        0.600      0.41613
        0.610      0.42185
        0.620      0.42991
        0.630      0.43946
        0.640      0.44961
        0.650      0.45913
        0.660      0.46708
        0.670      0.47235
        0.680      0.47424
        0.690      0.47225
        0.700      0.46596
        0.710      0.45567
        0.720      0.44190
        0.730      0.42566
        0.740      0.40834
        0.750      0.39156
        0.760      0.37711
        0.770      0.36683
        0.780      0.36233
        0.790      0.36484
        0.800      0.37511
        0.810      0.39306
        0.820      0.41831
        0.830      0.44916
        0.840      0.48383
        0.850      0.51976
        0.860      0.55424
        0.870      0.58455
        0.880      0.60850
        0.890      0.62460
        0.900      0.63208
        0.910      0.63158
        0.920      0.62460
        0.930      0.61349
        0.940      0.60130
        0.950      0.59148
        0.960      0.58685
        0.970      0.58960
        0.980      0.60085
        0.990      0.62001
        1.000      0.64522
        1.010      0.67309
        1.020      0.69944
        1.030      0.71996
        1.040      0.73054
        1.050      0.72838
        1.060      0.71255
        1.070      0.68410
        1.080      0.64606
        1.090      0.60341
        1.100      0.56149
        1.110      0.52581
        1.120      0.50078
        1.130      0.48848
        1.140      0.48861
        1.150      0.49824
        1.160      0.51232
        1.170      0.52471
        1.180      0.52946
        1.190      0.52249
        1.200      0.50227
        1.210      0.47081
        1.220      0.43293
        1.230      0.39596
        1.240      0.36764
        1.250      0.35465
        1.260      0.36075
        1.270      0.38592
        1.280      0.42560
        1.290      0.47236
        1.300      0.51716
        1.310      0.55169
        1.320      0.57067
        1.330      0.57338
        1.340      0.56387
        1.350      0.54992
        1.360      0.54099
        1.370      0.54524
        1.380      0.56690
        1.390      0.60465
        1.400      0.65138
        1.410      0.69639
        1.420      0.72777
        1.430      0.73675
        1.440      0.71984
        1.450      0.68088
        1.460      0.62972
        1.470      0.57943
        1.480      0.54226
        1.490      0.52536
        1.500      0.52872
        1.510      0.54451
        1.520      0.56035
        1.530      0.56350
        1.540      0.54568
        1.550      0.50690
        1.560      0.45577
        1.570      0.40695
        1.580      0.37565
        1.590      0.37231
        1.600      0.39798
        1.610      0.44366
        1.620      0.49347
        1.630      0.53054
        1.640      0.54441
        1.650      0.53467
        1.660      0.51205
        1.670      0.49373
        1.680      0.49604
        1.690      0.52681
        1.700      0.58161
        1.710      0.64439
        1.720      0.69423
        1.730      0.71424
        1.740      0.69922
        1.750      0.65824
        1.760      0.61068
        1.770      0.57715
        1.780      0.56989
        1.790      0.58634
        1.800      0.61012
        1.810      0.61947
        1.820      0.59805
        1.830      0.54429
        1.840      0.47344
        1.850      0.41078
        1.860      0.37948
        1.870      0.38894
        1.880      0.42948
        1.890      0.47763
        1.900      0.50835
        1.910      0.50870
        1.920      0.48570
        1.930      0.46216
        1.940      0.46382
        1.950      0.50385
        1.960      0.57392
        1.970      0.64753
        1.980      0.69381
        1.990      0.69533
        2.000      0.65826
        2.010      0.60889
        2.020      0.57798
        2.030      0.58187
        2.040      0.61192
        2.050      0.64001
        2.060      0.63623
        2.070      0.58918
        2.080      0.51451
        2.090      0.44646
        2.100      0.41674
        2.110      0.43386
        2.120      0.47758
        2.130      0.51205
        2.140      0.51047
        2.150      0.47395
        2.160      0.43180
        2.170      0.42202
        2.180      0.46361
        2.190      0.54268
        2.200      0.61985
        2.210      0.65750
        2.220      0.64568
        2.230      0.60892
        2.240      0.58714
        2.250      0.60485
        2.260      0.65110
        2.270      0.68620
        2.280      0.67226
        2.290      0.60304
        2.300      0.51168
        2.310      0.44719
        2.320      0.43850
        2.330      0.47247
        2.340      0.50586
        2.350      0.50086
        2.360      0.45705
        2.370      0.41316
        2.380      0.41513
        2.390      0.47662
        2.400      0.56492
        2.410      0.62589
        2.420      0.62825
        2.430      0.58945
        2.440      0.56032
        2.450      0.57953
        2.460      0.63833
        2.470      0.68641
        2.480      0.67632
        2.490      0.60668
        2.500      0.52530
        2.510      0.48741
        2.520      0.50619
        2.530      0.54138
        2.540      0.53756
        2.550      0.47903
        2.560      0.40748
        2.570      0.38510
        2.580      0.43635
        2.590      0.52344
        2.600      0.58117
        2.610      0.57892
        2.620      0.54899
        2.630      0.55219
        2.640      0.61274
        2.650      0.68918
        2.660      0.71254
        2.670      0.65582
        2.680      0.56323
        2.690      0.50761
        2.700      0.51805
        2.710      0.55247
        2.720      0.54469
        2.730      0.47837
        2.740      0.40820
        2.750      0.40312
        2.760      0.47113
        2.770      0.54831
        2.780      0.56659
        2.790      0.52775
        2.800      0.50084
        2.810      0.54387
        2.820      0.63456
        2.830      0.69198
        2.840      0.66558
        2.850      0.59203
        2.860      0.55230
        2.870      0.57694
        2.880      0.61041
        2.890      0.57827
        2.900      0.48031
        2.910      0.39818
        2.920      0.40342
        2.930      0.47565
        2.940      0.52791
        2.950      0.51283
        2.960      0.47935
        2.970      0.50893
        2.980      0.60716
        2.990      0.68828
        3.000      0.67647
        3.010      0.59925
        3.020      0.55286
        3.030      0.58094
        3.040      0.62045
        3.050      0.58696
        3.060      0.48972
        3.070      0.42506
        3.080      0.45348
        3.090      0.52016
        3.100      0.52824
        3.110      0.46978
        3.120      0.43902
        3.130      0.50474
        3.140      0.61332
        3.150      0.65625
        3.160      0.61369
        3.170      0.57641
        3.180      0.61326
        3.190      0.66847
        3.200      0.63851
        3.210      0.52297
        3.220      0.43487
        3.230      0.45004
        3.240      0.50691
        3.250      0.50161
        3.260      0.44240
        3.270      0.43823
        3.280      0.53324
        3.290      0.63183
        3.300      0.63079
        3.310      0.56761
        3.320      0.56167
        3.330      0.63196
        3.340      0.66667
        3.350      0.59452
        3.360      0.49725
        3.370      0.48850
        3.380      0.54102
        3.390      0.53303
        3.400      0.44484
        3.410      0.39868
        3.420      0.47220
        3.430      0.57599
        3.440      0.59100
        3.450      0.55156
        3.460      0.57945
        3.470      0.67241
        3.480      0.69489
        3.490      0.59538
        3.500      0.49647
        3.510      0.50434
        3.520      0.54650
        3.530      0.50388
        3.540      0.41943
        3.550      0.43092
        3.560      0.53545
        3.570      0.58644
        3.580      0.53607
        3.590      0.51359
        3.600      0.59919
        3.610      0.67863
        3.620      0.63540
        3.630      0.54920
        3.640      0.55378
        3.650      0.60053
        3.660      0.54853
        3.670      0.42707
        3.680      0.40112
        3.690      0.49086
        3.700      0.54238
        3.710      0.50449
        3.720      0.51295
        3.730      0.62582
        3.740      0.69476
        3.750      0.62231
        3.760      0.53830
        3.770      0.56516
        3.780      0.60078
        3.790      0.52229
        3.800      0.42931
        3.810      0.46430
        3.820      0.54409
        3.830      0.51667
        3.840      0.45293
        3.850      0.51278
        3.860      0.63367
        3.870      0.64119
        3.880      0.57456
        3.890      0.59541
        3.900      0.65686
        3.910      0.59104
        3.920      0.45249
        3.930      0.43343
        3.940      0.50724
        3.950      0.49926
        3.960      0.44347
        3.970      0.50814
        3.980      0.63524
        3.990      0.63368
        4.000      0.55309
        4.010      0.57739
