        0.000      0.47923
        0.010      0.47918
        0.020      0.47916
        0.030      0.47916
        0.040      0.47925
        0.050      0.47926
        0.060      0.47937
        0.070      0.47953
        0.080      0.47981
        0.090      0.48014
        0.100      0.48065
        0.110      0.48119
        0.120      0.48199
        0.130      0.48299
        0.140      0.48421
        0.150      0.48576
        0.160      0.48744
        0.170      0.48966
        0.180      0.49210
        0.190      0.49504
        0.200      0.49834
        0.210      0.50210
        0.220      0.50612
        0.230      0.51070
        0.240      0.51564
        0.250      0.52096
        0.260      0.52665
        0.270      0.53258
        0.280      0.53867
        0.290      0.54490
        0.300      0.55103
        0.310      0.55693
        0.320      0.56251
        0.330      0.56751
        0.340      0.57177
        0.350      0.57501
        0.360      0.57706
        0.370      0.57766
        0.380      0.57659
        0.390      0.57355
        0.400      0.56856
        0.410      0.56126
        0.420      0.55175
        0.430      0.53986
        0.440      0.52560
        0.450      0.50918
        0.460      0.49079
        0.470      0.47060
        0.480      0.44919
        0.490      0.42682
        0.500      0.40426
        0.510      0.38201
        0.520      0.36071
        0.530      0.34107
        0.540      0.32368
        0.550      0.30916
        0.560      0.29803
        0.570      0.29044
        0.580      0.28681
        0.590      0.28694
        0.600      0.29071
        0.610      0.29756
        0.620      0.30685
        0.630      0.31762
        0.640      0.32895
        0.650      0.33966
        0.660      0.34857
        0.670      0.35484
        0.680      0.35742
        0.690      0.35575
        0.700      0.34968
        0.710      0.33926
        0.720      0.32510
        0.730      0.30845
        0.740      0.29050
        0.750      0.27305
        0.760      0.25807
        0.770      0.24749
        0.780      0.24282
        0.790      0.24556
        0.800      0.25642
        0.810      0.27542
        0.820      0.30196
        0.830      0.33437
        0.840      0.37076
        0.850      0.40838
        0.860      0.44429
        0.870      0.47591
        0.880      0.50065
        0.890      0.51707
        0.900      0.52433
        0.910      0.52308
        0.920      0.51480
        0.930      0.50211
        0.940      0.48824
        0.950      0.47670
        0.960      0.47053
        0.970      0.47215
        0.980      0.48264
        0.990      0.50152
        1.000      0.52675
        1.010      0.55488
        1.020      0.58154
        1.030      0.60210
        1.040      0.61241
        1.050      0.60948
        1.060      0.59226
        1.070      0.56194
        1.080      0.52190
        1.090      0.47701
        1.100      0.43308
        1.110      0.39603
        1.120      0.37018
        1.130      0.35789
        1.140      0.35896
        1.150      0.37002
        1.160      0.38585
        1.170      0.39983
        1.180      0.40592
        1.190      0.39968
        1.200      0.37938
        1.210      0.34715
        1.220      0.30826
        1.230      0.27024
        1.240      0.24127
        1.250      0.22848
        1.260      0.23573
        1.270      0.26280
        1.280      0.30519
        1.290      0.35496
        1.300      0.40237
        1.310      0.43892
        1.320      0.45894
        1.330      0.46158
        1.340      0.45114
        1.350      0.43592
        1.360      0.42574
        1.370      0.42930
        1.380      0.45102
        1.390      0.48953
        1.400      0.53754
        1.410      0.58360
        1.420      0.61545
        1.430      0.62365
        1.440      0.60479
        1.450      0.56284
        1.460      0.50822
        1.470      0.45478
        1.480      0.41534
        1.490      0.39760
        1.500      0.40134
        1.510      0.41839
        1.520      0.43561
        1.530      0.43947
        1.540      0.42138
        1.550      0.38120
        1.560      0.32808
        1.570      0.27732
        1.580      0.24523
        1.590      0.24258
        1.600      0.27066
        1.610      0.31981
        1.620      0.37334
        1.630      0.41356
        1.640      0.42909
        1.650      0.41969
        1.660      0.39661
        1.670      0.37777
        1.680      0.38031
        1.690      0.41266
        1.700      0.46982
        1.710      0.53503
        1.720      0.58626
        1.730      0.60574
        1.740      0.58810
        1.750      0.54298
        1.760      0.49099
        1.770      0.45407
        1.780      0.44518
        1.790      0.46160
        1.800      0.48638
        1.810      0.49634
        1.820      0.47433
        1.830      0.41862
        1.840      0.34505
        1.850      0.28031
        1.860      0.24862
        1.870      0.25978
        1.880      0.30378
        1.890      0.35561
        1.900      0.38884
        1.910      0.39001
        1.920      0.36649
        1.930      0.34214
        1.940      0.34424
        1.950      0.38671
        1.960      0.46074
        1.970      0.53820
        1.980      0.58676
        1.990      0.58778
        2.000      0.54787
        2.010      0.49477
        2.020      0.46089
        2.030      0.46342
        2.040      0.49360
        2.050      0.52174
        2.060      0.51667
        2.070      0.46620
        2.080      0.38694
        2.090      0.31503
        2.100      0.28394
        2.110      0.30281
        2.120      0.35010
        2.130      0.38806
        2.140      0.38812
        2.150      0.35163
        2.160      0.30921
        2.170      0.30044
        2.180      0.34562
        2.190      0.42976
        2.200      0.51137
        2.210      0.55071
        2.220      0.53719
        2.230      0.49690
        2.240      0.47206
        2.250      0.48869
        2.260      0.53548
        2.270      0.57098
        2.280      0.55530
        2.290      0.48188
        2.300      0.38548
        2.310      0.31787
        2.320      0.30911
        2.330      0.34556
        2.340      0.38138
        2.350      0.37670
        2.360      0.33123
        2.370      0.28583
        2.380      0.28900
        2.390      0.35496
        2.400      0.44949
        2.410      0.51526
        2.420      0.51905
        2.430      0.47908
        2.440      0.44849
        2.450      0.46803
        2.460      0.52836
        2.470      0.57676
        2.480      0.56344
        2.490      0.48753
        2.500      0.39949
        2.510      0.35811
        2.520      0.37742
        2.530      0.41481
        2.540      0.41209
        2.550      0.35233
        2.560      0.27906
        2.570      0.25775
        2.580      0.31372
        2.590      0.40705
        2.600      0.46881
        2.610      0.46686
        2.620      0.43521
        2.630      0.43806
        2.640      0.50095
        2.650      0.58039
        2.660      0.60383
        2.670      0.54293
        2.680      0.44417
        2.690      0.38442
        2.700      0.39451
        2.710      0.42987
        2.720      0.42077
        2.730      0.35046
        2.740      0.27654
        2.750      0.27186
        2.760      0.34508
        2.770      0.42867
        2.780      0.45068
        2.790      0.41245
        2.800      0.38629
        2.810      0.43275
        2.820      0.52807
        2.830      0.58698
        2.840      0.55650
        2.850      0.47563
        2.860      0.43066
        2.870      0.45432
        2.880      0.48850
        2.890      0.45476
        2.900      0.35268
        2.910      0.26759
        2.920      0.27479
        2.930      0.35236
        2.940      0.40860
        2.950      0.39356
        2.960      0.35907
        2.970      0.39104
        2.980      0.49529
        2.990      0.58160
        3.000      0.56962
        3.010      0.48791
        3.020      0.43783
        3.030      0.46533
        3.040      0.50434
        3.050      0.46645
        3.060      0.36167
        3.070      0.29231
        3.080      0.32243
        3.090      0.39433
        3.100      0.40565
        3.110      0.34748
        3.120      0.31830
        3.130      0.39009
        3.140      0.50570
        3.150      0.55054
        3.160      0.50385
        3.170      0.46198
        3.180      0.49794
        3.190      0.55397
        3.200      0.52124
        3.210      0.39930
        3.220      0.30662
        3.230      0.32298
        3.240      0.38319
        3.250      0.37771
        3.260      0.31570
        3.270      0.31224
        3.280      0.41426
        3.290      0.52075
        3.300      0.52228
        3.310      0.45760
        3.320      0.45153
        3.330      0.52374
        3.340      0.55694
        3.350      0.47676
        3.360      0.37062
        3.370      0.35910
        3.380      0.41435
        3.390      0.40765
        3.400      0.31771
        3.410      0.27239
        3.420      0.35264
        3.430      0.46379
        3.440      0.48006
        3.450      0.43804
        3.460      0.46642
        3.470      0.56310
        3.480      0.58573
        3.490      0.48013
        3.500      0.37488
        3.510      0.38194
        3.520      0.42480
        3.530      0.37825
        3.540      0.28840
        3.550      0.30092
        3.560      0.41341
        3.570      0.47084
        3.580      0.42202
        3.590      0.40159
        3.600      0.49263
        3.610      0.57466
        3.620      0.52519
        3.630      0.42973
        3.640      0.43081
        3.650      0.47837
        3.660      0.42407
        3.670      0.29818
        3.680      0.27328
        3.690      0.36971
        3.700      0.42512
        3.710      0.38569
        3.720      0.39514
        3.730      0.51498
        3.740      0.58878
        3.750      0.51314
        3.760      0.42409
        3.770      0.45014
        3.780      0.48426
        3.790      0.39788
        3.800      0.29723
        3.810      0.33369
        3.820      0.42012
        3.830      0.39555
        3.840      0.33320
        3.850      0.39993
        3.860      0.52846
        3.870      0.53484
        3.880      0.46126
        3.890      0.47932
        3.900      0.54142
        3.910      0.47149
        3.920      0.32602
        3.930      0.30675
        3.940      0.38486
        3.950      0.37620
        3.960      0.31751
        3.970      0.38698
        3.980      0.52382
        3.990      0.52586
        4.000      0.44337
        4.010      0.46858
