        0.000      7.63657
        0.010      7.61422
        0.020      7.54710
        0.030      7.43514
        0.040      7.27868
        0.050      7.07733
        0.060      6.83138
        0.070      6.54085
        0.080      6.20591
        0.090      5.82667
        0.100      5.40350
        0.110      4.93693
        0.120      4.42728
        0.130      3.87528
        0.140      3.28186
        0.150      2.64809
        0.160      1.97546
        0.170      1.26551
        0.180      0.52023
        0.190     -0.25785
        0.200     -1.06611
        0.210     -1.90122
        0.220     -2.75961
        0.230     -3.63701
        0.240     -4.52870
        0.250     -5.42933
        0.260     -6.33292
        0.270     -7.23301
        0.280     -8.12232
        0.290     -8.99315
        0.300     -9.83685
        0.310    -10.64450
        0.320    -11.40632
        0.330    -12.11228
        0.340    -12.75166
        0.350    -13.31347
        0.360    -13.78606
        0.370    -14.15817
        0.380    -14.41803
        0.390    -14.55417
        0.400    -14.55540
        0.410    -14.41103
        0.420    -14.11094
        0.430    -13.64613
        0.440    -13.00880
        0.450    -12.19250
        0.460    -11.19264
        0.470    -10.00663
        0.480     -8.63424
        0.490     -7.07800
        0.500     -5.34306
        0.510     -3.43783
        0.520     -1.37402
        0.530      0.83303
        0.540      3.16449
        0.550      5.59774
        0.560      8.10660
        0.570     10.66111
        0.580     13.22820
        0.590     15.77152
        0.600     18.25212
        0.610     20.62879
        0.620     22.85896
        0.630     24.89921
        0.640     26.70630
        0.650     28.23798
        0.660     29.45419
        0.670     30.31817
        0.680     30.79768
        0.690     30.86618
        0.700     30.50409
        0.710     29.69979
        0.720     28.45090
        0.730     26.76520
        0.740     24.66120
        0.750     22.16883
        0.760     19.32958
        0.770     16.19657
        0.780     12.83397
        0.790      9.31608
        0.800      5.72626
        0.810      2.15510
        0.820     -1.30155
        0.830     -4.54530
        0.840     -7.47800
        0.850    -10.00477
        0.860    -12.03758
        0.870    -13.49867
        0.880    -14.32385
        0.890    -14.46615
        0.900    -13.89845
        0.910    -12.61640
        0.920    -10.63996
        0.930     -8.01491
        0.940     -4.81274
        0.950     -1.13021
        0.960      2.91295
        0.970      7.17677
        0.980     11.50553
        0.990     15.73289
        1.000     19.68814
        1.010     23.20331
        1.020     26.12049
        1.030     28.29990
        1.040     29.62710
        1.050     30.02015
        1.060     29.43569
        1.070     27.87344
        1.080     25.37922
        1.090     22.04568
        1.100     18.01071
        1.110     13.45346
        1.120      8.58767
        1.130      3.65252
        1.140     -1.09835
        1.150     -5.40970
        1.160     -9.03882
        1.170    -11.76977
        1.180    -13.42739
        1.190    -13.88998
        1.200    -13.09958
        1.210    -11.06942
        1.220     -7.88710
        1.230     -3.71399
        1.240      1.22079
        1.250      6.63087
        1.260     12.18775
        1.270     17.53980
        1.280     22.33420
        1.290     26.24080
        1.300     28.97560
        1.310     30.32338
        1.320     30.15621
        1.330     28.44756
        1.340     25.27985
        1.350     20.84415
        1.360     15.43222
        1.370      9.41935
        1.380      3.24080
        1.390     -2.63888
        1.400     -7.76108
        1.410    -11.70942
        1.420    -14.14572
        1.430    -14.84145
        1.440    -13.70224
        1.450    -10.78238
        1.460     -6.28756
        1.470     -0.56448
        1.480      5.92240
        1.490     12.62631
        1.500     18.96322
        1.510     24.36260
        1.520     28.32059
        1.530     30.44975
        1.540     30.52078
        1.550     28.49144
        1.560     24.51918
        1.570     18.95444
        1.580     12.31485
        1.590      5.24053
        1.600     -1.56551
        1.610     -7.40676
        1.620    -11.66613
        1.630    -13.87423
        1.640    -13.76585
        1.650    -11.31729
        1.660     -6.75874
        1.670     -0.55979
        1.680      6.61370
        1.690     13.96676
        1.700     20.66130
        1.710     25.91162
        1.720     29.07868
        1.730     29.75183
        1.740     27.80749
        1.750     23.43573
        1.760     17.12975
        1.770      9.63712
        1.780      1.87620
        1.790     -5.17327
        1.800    -10.59375
        1.810    -13.65116
        1.820    -13.89918
        1.830    -11.24965
        1.840     -5.99898
        1.850      1.19656
        1.860      9.39645
        1.870     17.49468
        1.880     24.36715
        1.890     29.02980
        1.900     30.78316
        1.910     29.32420
        1.920     24.80507
        1.930     17.82803
        1.940      9.37305
        1.950      0.66603
        1.960     -6.99714
        1.970    -12.44534
        1.980    -14.81659
        1.990    -13.70338
        2.000     -9.23236
        2.010     -2.06279
        2.020      6.70015
        2.030     15.67025
        2.040     23.39604
        2.050     28.59896
        2.060     30.39126
        2.070     28.43812
        2.080     23.03203
        2.090     15.06294
        2.100      5.88277
        2.110     -2.91574
        2.120     -9.77342
        2.130    -13.44353
        2.140    -13.22684
        2.150     -9.11601
        2.160     -1.81933
        2.170      7.34796
        2.180     16.69062
        2.190     24.44125
        2.200     29.09485
        2.210     29.70645
        2.220     26.09224
        2.230     18.89017
        2.240      9.46070
        2.250     -0.36002
        2.260     -8.61236
        2.270    -13.60476
        2.280    -14.26727
        2.290    -10.39100
        2.300     -2.69920
        2.310      7.27402
        2.320     17.48074
        2.330     25.77692
        2.340     30.37761
        2.350     30.25135
        2.360     25.36654
        2.370     16.72753
        2.380      6.18369
        2.390     -3.95776
        2.400    -11.43551
        2.410    -14.54679
        2.420    -12.55094
        2.430     -5.86583
        2.440      3.99796
        2.450     14.76129
        2.460     23.89416
        2.470     29.21103
        2.480     29.40479
        2.490     24.38630
        2.500     15.33882
        2.510      4.46066
        2.520     -5.55330
        2.530    -12.17340
        2.540    -13.67863
        2.550     -9.61738
        2.560     -0.95895
        2.570     10.11788
        2.580     20.75721
        2.590     28.15646
        2.600     30.30758
        2.610     26.55347
        2.620     17.80214
        2.630      6.32644
        2.640     -4.81321
        2.650    -12.58299
        2.660    -14.81047
        2.670    -10.80954
        2.680     -1.61106
        2.690     10.28115
        2.700     21.56104
        2.710     29.03916
        2.720     30.55912
        2.730     25.64361
        2.740     15.67243
        2.750      3.52165
        2.760     -7.24921
        2.770    -13.44068
        2.780    -13.17853
        2.790     -6.51030
        2.800      4.56671
        2.810     16.67446
        2.820     26.06691
        2.830     29.78714
        2.840     26.61188
        2.850     17.47896
        2.860      5.24058
        2.870     -6.20167
        2.880    -13.12852
        2.890    -13.21634
        2.900     -6.33202
        2.910      5.36554
        2.920     18.08132
        2.930     27.60435
        2.940     30.70674
        2.950     26.25465
        2.960     15.64465
        2.970      2.39078
        2.980     -9.02608
        2.990    -14.67979
        3.000    -12.57219
        3.010     -3.37534
        3.020      9.74633
        3.030     22.20136
        3.040     29.57709
        3.050     29.22301
        3.060     21.24213
        3.070      8.50706
        3.080     -4.33646
        3.090    -12.54656
        3.100    -13.04353
        3.110     -5.59559
        3.120      7.03579
        3.130     20.08106
        3.140     28.53945
        3.150     29.09456
        3.160     21.43147
        3.170      8.42700
        3.180     -4.90079
        3.190    -13.31210
        3.200    -13.40996
        3.210     -5.03168
        3.220      8.60942
        3.230     22.13493
        3.240     30.11956
        3.250     29.28815
        3.260     19.89481
        3.270      5.69254
        3.280     -7.53978
        3.290    -14.35067
        3.300    -11.89301
        3.310     -1.16704
        3.320     13.33252
        3.330     25.46270
        3.340     30.03128
        3.350     25.04782
        3.360     12.64456
        3.370     -1.77891
        3.380    -11.86563
        3.390    -13.09512
        3.400     -4.83116
        3.410      9.31300
        3.420     23.01382
        3.430     30.04079
        3.440     27.09256
        3.450     15.37003
        3.460      0.12386
        3.470    -11.67713
        3.480    -14.53795
        3.490     -7.02723
        3.500      7.47000
        3.510     22.24745
        3.520     30.37947
        3.530     28.00093
        3.540     16.20301
        3.550      0.59365
        3.560    -11.33240
        3.570    -13.79973
        3.580     -5.59941
        3.590      9.24581
        3.600     23.38968
        3.610     29.76392
        3.620     25.12215
        3.630     11.73897
        3.640     -3.64026
        3.650    -13.15150
        3.660    -11.82086
        3.670     -0.18573
        3.680     15.86710
        3.690     28.05057
        3.700     29.95318
        3.710     20.43783
        3.720      4.34831
        3.730     -9.92908
        3.740    -14.84593
        3.750     -7.73175
        3.760      7.68772
        3.770     23.19124
        3.780     30.43727
        3.790     25.49974
        3.800     11.07612
        3.810     -4.90166
        3.820    -13.58186
        3.830    -10.10916
        3.840      3.59662
        3.850     19.81837
        3.860     29.32523
        3.870     26.60673
        3.880     13.09315
        3.890     -3.54151
        3.900    -13.69262
        3.910    -11.36250
        3.920      2.27237
        3.930     19.40715
        3.940     30.06100
        3.950     27.91819
        3.960     14.12824
        3.970     -3.24745
        3.980    -13.92789
        3.990    -11.53655
        4.000      2.50206
        4.010     19.71418
