        0.000      8.61074
        0.010      8.57880
        0.020      8.48344
        0.030      8.32468
        0.040      8.10245
        0.050      7.81672
        0.060      7.46791
        0.070      7.05558
        0.080      6.58037
        0.090      6.04243
        0.100      5.44224
        0.110      4.78025
        0.120      4.05762
        0.130      3.27493
        0.140      2.43387
        0.150      1.53563
        0.160      0.58252
        0.170     -0.42317
        0.180     -1.47860
        0.190     -2.58027
        0.200     -3.72423
        0.210     -4.90582
        0.220     -6.11997
        0.230     -7.36047
        0.240     -8.62061
        0.250     -9.89268
        0.260    -11.16820
        0.270    -12.43804
        0.280    -13.69186
        0.290    -14.91829
        0.300    -16.10566
        0.310    -17.24079
        0.320    -18.31002
        0.330    -19.29889
        0.340    -20.19234
        0.350    -20.97455
        0.360    -21.62939
        0.370    -22.14056
        0.380    -22.49150
        0.390    -22.66587
        0.400    -22.64807
        0.410    -22.42257
        0.420    -21.97551
        0.430    -21.29390
        0.440    -20.36687
        0.450    -19.18530
        0.460    -17.74282
        0.470    -16.03585
        0.480    -14.06414
        0.490    -11.83122
        0.500     -9.34479
        0.510     -6.61658
        0.520     -3.66372
        0.530     -0.50779
        0.540      2.82434
        0.550      6.30044
        0.560      9.88312
        0.570     13.53003
        0.580     17.19397
        0.590     20.82323
        0.600     24.36242
        0.610     27.75318
        0.620     30.93478
        0.630     33.84566
        0.640     36.42415
        0.650     38.61035
        0.660     40.34731
        0.670     41.58281
        0.680     42.27090
        0.690     42.37395
        0.700     41.86406
        0.710     40.72459
        0.720     38.95229
        0.730     36.55788
        0.740     33.56778
        0.750     30.02439
        0.760     25.98655
        0.770     21.52948
        0.780     16.74439
        0.790     11.73662
        0.800      6.62449
        0.810      1.53659
        0.820     -3.39113
        0.830     -8.01892
        0.840    -12.20749
        0.850    -15.82217
        0.860    -18.73775
        0.870    -20.84388
        0.880    -22.04921
        0.890    -22.28674
        0.900    -21.51772
        0.910    -19.73548
        0.920    -16.96790
        0.930    -13.27938
        0.940     -8.77065
        0.950     -3.57808
        0.960      2.12901
        0.970      8.15294
        0.980     14.27346
        0.990     20.25519
        1.000     25.85657
        1.010     30.83975
        1.020     34.98091
        1.030     38.08175
        1.040     39.97977
        1.050     40.55848
        1.060     39.75573
        1.070     37.57058
        1.080     34.06746
        1.090     29.37677
        1.100     23.69337
        1.110     17.27045
        1.120     10.41041
        1.130      3.45175
        1.140     -3.24644
        1.150     -9.32299
        1.160    -14.43393
        1.170    -18.27368
        1.180    -20.59417
        1.190    -21.22320
        1.200    -20.07894
        1.210    -17.18028
        1.220    -12.65193
        1.230     -6.72301
        1.240      0.28127
        1.250      7.95425
        1.260     15.82973
        1.270     23.40877
        1.280     30.19049
        1.290     35.70648
        1.300     39.55402
        1.310     41.42765
        1.320     41.14649
        1.330     38.67355
        1.340     34.12691
        1.350     27.77896
        1.360     20.04528
        1.370     11.46061
        1.380      2.64467
        1.390     -5.74114
        1.400    -13.04361
        1.410    -18.67008
        1.420    -22.13916
        1.430    -23.12571
        1.440    -21.49558
        1.450    -17.32664
        1.460    -10.91208
        1.470     -2.74567
        1.480      6.51137
        1.490     16.08068
        1.500     25.13091
        1.510     32.85022
        1.520     38.52134
        1.530     41.59271
        1.540     41.73734
        1.550     38.89418
        1.560     33.28585
        1.570     25.40932
        1.580     15.99887
        1.590      5.96286
        1.600     -3.70088
        1.610    -12.00383
        1.620    -18.07004
        1.630    -21.23315
        1.640    -21.11648
        1.650    -17.68559
        1.660    -11.26629
        1.670     -2.52375
        1.680      7.59915
        1.690     17.97644
        1.700     27.42181
        1.710     34.82360
        1.720     39.27802
        1.730     40.20567
        1.740     37.43340
        1.750     31.23233
        1.760     22.30241
        1.770     11.70321
        1.780      0.73585
        1.790     -9.21246
        1.800    -16.84314
        1.810    -21.11813
        1.820    -21.40733
        1.830    -17.58894
        1.840    -10.08612
        1.850      0.16763
        1.860     11.83594
        1.870     23.34797
        1.880     33.10757
        1.890     39.71787
        1.900     42.18608
        1.910     40.08284
        1.920     33.62489
        1.930     23.66865
        1.940     11.60753
        1.950     -0.81588
        1.960    -11.75843
        1.970    -19.55363
        1.980    -22.97325
        1.990    -21.43403
        2.000    -15.11168
        2.010     -4.93946
        2.020      7.51454
        2.030     20.28100
        2.040     31.29612
        2.050     38.74046
        2.060     41.34890
        2.070     38.64145
        2.080     31.02936
        2.090     19.77280
        2.100      6.78821
        2.110     -5.66549
        2.120    -15.37689
        2.130    -20.57741
        2.140    -20.27556
        2.150    -14.46130
        2.160     -4.13978
        2.170      8.82323
        2.180     22.02330
        2.190     32.95509
        2.200     39.48686
        2.210     40.28352
        2.220     35.09148
        2.230     24.82354
        2.240     11.41692
        2.250     -2.51859
        2.260    -14.20180
        2.270    -21.23580
        2.280    -22.10839
        2.290    -16.53093
        2.300     -5.53737
        2.310      8.68822
        2.320     23.23402
        2.330     35.05318
        2.340     41.61005
        2.350     41.43944
        2.360     34.49670
        2.370     22.20831
        2.380      7.20087
        2.390     -7.24842
        2.400    -17.92689
        2.410    -22.41360
        2.420    -19.65190
        2.430    -10.22768
        2.440      3.72274
        2.450     18.97138
        2.460     31.93160
        2.470     39.50184
        2.480     39.82302
        2.490     32.76260
        2.500     19.99262
        2.510      4.62631
        2.520     -9.51778
        2.530    -18.85483
        2.540    -20.94662
        2.550    -15.15581
        2.560     -2.86051
        2.570     12.84537
        2.580     27.90845
        2.590     38.35256
        2.600     41.33146
        2.610     35.91890
        2.620     23.41313
        2.630      7.05173
        2.640     -8.80964
        2.650    -19.85613
        2.660    -23.00096
        2.670    -17.27378
        2.680     -4.14676
        2.690     12.81467
        2.700     28.90647
        2.710     39.59231
        2.720     41.80512
        2.730     34.86407
        2.740     20.72642
        2.750      3.47489
        2.760    -11.83752
        2.770    -20.66825
        2.780    -20.35537
        2.790    -10.96278
        2.800      4.68096
        2.810     21.79061
        2.820     35.06090
        2.830     40.30616
        2.840     35.79773
        2.850     22.86782
        2.860      5.55944
        2.870    -10.59982
        2.880    -20.34334
        2.890    -20.38513
        2.900    -10.54653
        2.910      6.10063
        2.920     24.16531
        2.930     37.66862
        2.940     42.03004
        2.950     35.64408
        2.960     20.50049
        2.970      1.59779
        2.980    -14.69090
        2.990    -22.77849
        3.000    -19.81692
        3.010     -6.75401
        3.020     11.91573
        3.030     29.66477
        3.040     40.21560
        3.050     39.79295
        3.060     28.53354
        3.070     10.50906
        3.080     -7.68942
        3.090    -19.33383
        3.100    -20.05499
        3.110     -9.52497
        3.120      8.33793
        3.130     26.76937
        3.140     38.68230
        3.150     39.38565
        3.160     28.45155
        3.170      9.97882
        3.180     -8.90491
        3.190    -20.77007
        3.200    -20.81205
        3.210     -8.82006
        3.220     10.62738
        3.230     29.88390
        3.240     41.24215
        3.250     40.05217
        3.260     26.67789
        3.270      6.45302
        3.280    -12.41110
        3.290    -22.16565
        3.300    -18.75653
        3.310     -3.58845
        3.320     16.97143
        3.330     34.20879
        3.340     40.74821
        3.350     33.75186
        3.360     16.23193
        3.370     -4.15970
        3.380    -18.41063
        3.390    -20.11353
        3.400     -8.37311
        3.410     11.67781
        3.420     31.06332
        3.430     40.94617
        3.440     36.65482
        3.450     19.91645
        3.460     -1.78990
        3.470    -18.55299
        3.480    -22.56948
        3.490    -11.82199
        3.500      8.85994
        3.510     29.93243
        3.520     41.54720
        3.530     38.20947
        3.540     21.46732
        3.550     -0.71559
        3.560    -17.69596
        3.570    -21.27109
        3.580     -9.71736
        3.590     11.26839
        3.600     31.27756
        3.610     40.29625
        3.620     33.72665
        3.630     14.79403
        3.640     -6.94195
        3.650    -20.33964
        3.660    -18.36061
        3.670     -1.78597
        3.680     21.01661
        3.690     38.27979
        3.700     40.90683
        3.710     27.29700
        3.720      4.34801
        3.730    -16.00848
        3.740    -23.03259
        3.750    -12.92085
        3.760      9.03133
        3.770     31.13108
        3.780     41.51161
        3.790     34.58063
        3.800     14.15799
        3.810     -8.49993
        3.820    -20.83000
        3.830    -15.94258
        3.840      3.43769
        3.850     26.36508
        3.860     39.75710
        3.870     35.82221
        3.880     16.61940
        3.890     -6.94722
        3.900    -21.25826
        3.910    -17.83138
        3.920      1.62957
        3.930     26.01998
        3.940     41.15934
        3.950     38.08237
        3.960     18.43156
        3.970     -6.33219
        3.980    -21.59347
        3.990    -18.27735
        4.000      1.61529
        4.010     26.06593
