        0.000      8.18750
        0.010      8.16027
        0.020      8.07838
        0.030      7.94180
        0.040      7.75057
        0.050      7.50470
        0.060      7.20443
        0.070      6.84975
        0.080      6.44073
        0.090      5.97792
        0.100      5.46129
        0.110      4.89173
        0.120      4.26964
        0.130      3.59603
        0.140      2.87193
        0.150      2.09869
        0.160      1.27817
        0.170      0.41224
        0.180     -0.49651
        0.190     -1.44528
        0.200     -2.43065
        0.210     -3.44857
        0.220     -4.49457
        0.230     -5.56344
        0.240     -6.64947
        0.250     -7.74603
        0.260     -8.84594
        0.270     -9.94101
        0.280    -11.02258
        0.290    -12.08098
        0.300    -13.10596
        0.310    -14.08627
        0.320    -15.01020
        0.330    -15.86544
        0.340    -16.63871
        0.350    -17.31664
        0.360    -17.88525
        0.370    -18.33039
        0.380    -18.63802
        0.390    -18.79405
        0.400    -18.78471
        0.410    -18.59713
        0.420    -18.21898
        0.430    -17.63928
        0.440    -16.84842
        0.450    -15.83864
        0.460    -14.60438
        0.470    -13.14273
        0.480    -11.45328
        0.490     -9.53901
        0.500     -7.40652
        0.510     -5.06601
        0.520     -2.53208
        0.530      0.17677
        0.540      3.03730
        0.550      6.02192
        0.560      9.09853
        0.570     12.23057
        0.580     15.37742
        0.590     18.49480
        0.600     21.53506
        0.610     24.44779
        0.620     27.18097
        0.630     29.68152
        0.640     31.89655
        0.650     33.77434
        0.660     35.26608
        0.670     36.32674
        0.680     36.91690
        0.690     37.00413
        0.700     36.56438
        0.710     35.58353
        0.720     34.05865
        0.730     31.99907
        0.740     29.42739
        0.750     26.38032
        0.760     22.90836
        0.770     19.07624
        0.780     14.96243
        0.790     10.65765
        0.800      6.26369
        0.810      1.89119
        0.820     -2.34294
        0.830     -6.31838
        0.840     -9.91529
        0.850    -13.01770
        0.860    -15.51815
        0.870    -17.32143
        0.880    -18.34918
        0.890    -18.54370
        0.900    -17.87184
        0.910    -16.32787
        0.920    -13.93590
        0.930    -10.75144
        0.940     -6.86147
        0.950     -2.38370
        0.960      2.53620
        0.970      7.72779
        0.980     13.00113
        0.990     18.15364
        1.000     22.97713
        1.010     27.26675
        1.020     30.82987
        1.030     33.49580
        1.040     35.12473
        1.050     35.61650
        1.060     34.91780
        1.070     33.02813
        1.080     30.00298
        1.090     25.95507
        1.100     21.05239
        1.110     15.51309
        1.120      9.59757
        1.130      3.59747
        1.140     -2.17793
        1.150     -7.41776
        1.160    -11.82593
        1.170    -15.13928
        1.180    -17.14433
        1.190    -17.69279
        1.200    -16.71418
        1.210    -14.22477
        1.220    -10.33179
        1.230     -5.23239
        1.240      0.79352
        1.250      7.39639
        1.260     14.17489
        1.270     20.69977
        1.280     26.54023
        1.290     31.29320
        1.300     34.61213
        1.310     36.23434
        1.320     36.00400
        1.330     33.88922
        1.340     29.99136
        1.350     24.54447
        1.360     17.90567
        1.370     10.53447
        1.380      2.96354
        1.390     -4.23886
        1.400    -10.51137
        1.410    -15.34479
        1.420    -18.32529
        1.430    -19.17364
        1.440    -17.77451
        1.450    -14.19454
        1.460     -8.68571
        1.470     -1.67230
        1.480      6.27752
        1.490     14.49483
        1.500     22.26512
        1.510     28.89055
        1.520     33.75471
        1.530     36.38353
        1.540     36.49596
        1.550     34.03981
        1.560     29.20670
        1.570     22.42430
        1.580     14.32429
        1.590      5.68827
        1.600     -2.62530
        1.610     -9.76602
        1.620    -14.98016
        1.630    -17.69447
        1.640    -17.58480
        1.650    -14.62168
        1.660     -9.08559
        1.670     -1.54893
        1.680      7.17646
        1.690     16.12125
        1.700     24.26403
        1.710     30.64713
        1.720     34.49205
        1.730     35.29921
        1.740     32.91880
        1.750     27.58353
        1.760     19.89557
        1.770     10.76694
        1.780      1.31773
        1.790     -7.25753
        1.800    -13.84032
        1.810    -17.53645
        1.820    -17.80282
        1.830    -14.53371
        1.840     -8.09251
        1.850      0.71804
        1.860     10.74857
        1.870     20.64787
        1.880     29.04274
        1.890     34.73137
        1.900     36.85970
        1.910     35.05814
        1.920     29.51306
        1.930     20.96090
        1.940     10.60000
        1.950     -0.07098
        1.960     -9.46734
        1.970    -16.15630
        1.980    -19.08260
        1.990    -17.74591
        2.000    -12.29867
        2.010     -3.54489
        2.020      7.16623
        2.030     18.14074
        2.040     27.60419
        2.050     33.99266
        2.060     36.21914
        2.070     33.87209
        2.080     27.30648
        2.090     17.60716
        2.100      6.42352
        2.110     -4.30058
        2.120    -12.66215
        2.130    -17.13953
        2.140    -16.87923
        2.150    -11.87265
        2.160     -2.98434
        2.170      8.18033
        2.180     19.55237
        2.190     28.97580
        2.200     34.61546
        2.210     35.32109
        2.220     30.87235
        2.230     22.05239
        2.240     10.52584
        2.250     -1.46331
        2.260    -11.52234
        2.270    -17.58795
        2.280    -18.35717
        2.290    -13.57928
        2.300     -4.14178
        2.310      8.07809
        2.320     20.57664
        2.330     30.73334
        2.340     36.36705
        2.350     36.21753
        2.360     30.24613
        2.370     19.67997
        2.380      6.77841
        2.390     -5.63946
        2.400    -14.81032
        2.410    -18.65208
        2.420    -16.25684
        2.430     -8.13067
        2.440      3.88623
        2.450     17.01444
        2.460     28.16677
        2.470     34.67451
        2.480     34.93916
        2.490     28.84836
        2.500     17.84276
        2.510      4.60279
        2.520     -7.58466
        2.530    -15.63381
        2.540    -17.44591
        2.550    -12.47165
        2.560     -1.89611
        2.570     11.61934
        2.580     24.58754
        2.590     33.58738
        2.600     36.16931
        2.610     31.53492
        2.620     20.79882
        2.630      6.74321
        2.640     -6.88814
        2.650    -16.38568
        2.660    -19.09488
        2.670    -14.18007
        2.680     -2.90522
        2.690     11.66564
        2.700     25.48852
        2.710     34.66325
        2.720     36.55259
        2.730     30.57143
        2.740     18.40382
        2.750      3.56199
        2.760     -9.60682
        2.770    -17.19468
        2.780    -16.91146
        2.790     -8.81265
        2.800      4.66692
        2.810     19.40793
        2.820     30.84266
        2.830     35.36661
        2.840     31.48990
        2.850     20.35815
        2.860      5.45104
        2.870     -8.47295
        2.880    -16.87917
        2.890    -16.93724
        2.900     -8.49085
        2.910      5.81918
        2.920     21.35595
        2.930     32.97596
        2.940     36.73817
        2.950     31.26059
        2.960     18.25338
        2.970      2.01420
        2.980    -11.97700
        2.990    -18.91751
        3.000    -16.36048
        3.010     -5.12338
        3.020     10.92765
        3.030     26.17966
        3.040     35.23591
        3.050     34.85190
        3.060     25.14754
        3.070      9.62706
        3.080     -6.03853
        3.090    -16.06023
        3.100    -16.67840
        3.110     -7.61015
        3.120      7.77359
        3.130     23.65237
        3.140     33.92637
        3.150     34.55530
        3.160     25.16539
        3.170      9.27814
        3.180     -6.97614
        3.190    -17.20345
        3.200    -17.26522
        3.210     -6.97453
        3.220      9.73438
        3.230     26.28616
        3.240     36.05136
        3.250     35.02964
        3.260     23.53308
        3.270      6.14889
        3.280    -10.06039
        3.290    -18.43057
        3.300    -15.47674
        3.310     -2.41145
        3.320     15.28366
        3.330     30.10962
        3.340     35.72239
        3.350     29.68394
        3.360     14.58946
        3.370     -2.97497
        3.380    -15.25305
        3.390    -16.73015
        3.400     -6.63378
        3.410     10.62140
        3.420     27.31390
        3.430     35.83942
        3.440     32.17558
        3.450     17.80234
        3.460     -0.85350
        3.470    -15.27079
        3.480    -18.73755
        3.490     -9.51401
        3.500      8.25206
        3.510     26.35643
        3.520     36.33089
        3.530     33.44986
        3.540     19.04486
        3.550     -0.03393
        3.560    -14.63101
        3.570    -17.68985
        3.580     -7.72876
        3.590     10.34834
        3.600     27.58166
        3.610     35.35020
        3.620     29.69495
        3.630     13.39117
        3.640     -5.33284
        3.650    -16.88601
        3.660    -15.20726
        3.670     -0.96390
        3.680     18.64838
        3.690     33.50709
        3.700     35.78531
        3.710     24.10272
        3.720      4.38804
        3.730    -13.10090
        3.740    -19.13142
        3.750    -10.43516
        3.760      8.43407
        3.770     27.42321
        3.780     36.33013
        3.790     30.34838
        3.800     12.76584
        3.810     -6.73344
        3.820    -17.34077
        3.830    -13.12768
        3.840      3.56270
        3.850     23.31249
        3.860     34.86161
        3.870     31.49829
        3.880     14.98521
        3.890     -5.30061
        3.900    -17.63814
        3.910    -14.72129
        3.920      1.99347
        3.930     22.95930
        3.940     35.97960
        3.950     33.34111
        3.960     16.45396
        3.970     -4.82617
        3.980    -17.93050
        3.990    -15.05742
        4.000      2.06620
        4.010     23.09759
