        0.000      0.46492
        0.010      0.46487
        0.020      0.46485
        0.030      0.46487
        0.040      0.46487
        0.050      0.46502
        0.060      0.46508
        0.070      0.46527
        0.080      0.46551
        0.090      0.46587
        0.100      0.46634
        0.110      0.46701
        0.120      0.46781
        0.130      0.46887
        0.140      0.47008
        0.150      0.47172
        0.160      0.47366
        0.170      0.47589
        0.180      0.47845
        0.190      0.48145
        0.200      0.48488
        0.210      0.48878
        0.220      0.49310
        0.230      0.49789
        0.240      0.50311
        0.250      0.50870
        0.260      0.51471
        0.270      0.52088
        0.280      0.52732
        0.290      0.53386
        0.300      0.54029
        0.310      0.54654
        0.320      0.55241
        0.330      0.55770
        0.340      0.56214
        0.350      0.56552
        0.360      0.56763
        0.370      0.56821
        0.380      0.56714
        0.390      0.56395
        0.400      0.55861
        0.410      0.55098
        0.420      0.54098
        0.430      0.52847
        0.440      0.51344
        0.450      0.49610
        0.460      0.47668
        0.470      0.45550
        0.480      0.43295
        0.490      0.40942
        0.500      0.38567
        0.510      0.36222
        0.520      0.33983
        0.530      0.31917
        0.540      0.30086
        0.550      0.28563
        0.560      0.27399
        0.570      0.26609
        0.580      0.26235
        0.590      0.26254
        0.600      0.26655
        0.610      0.27390
        0.620      0.28373
        0.630      0.29520
        0.640      0.30716
        0.650      0.31855
        0.660      0.32807
        0.670      0.33462
        0.680      0.33739
        0.690      0.33562
        0.700      0.32918
        0.710      0.31814
        0.720      0.30322
        0.730      0.28552
        0.740      0.26648
        0.750      0.24801
        0.760      0.23212
        0.770      0.22080
        0.780      0.21580
        0.790      0.21857
        0.800      0.22978
        0.810      0.24975
        0.820      0.27750
        0.830      0.31159
        0.840      0.34987
        0.850      0.38936
        0.860      0.42716
        0.870      0.46025
        0.880      0.48624
        0.890      0.50339
        0.900      0.51096
        0.910      0.50946
        0.920      0.50064
        0.930      0.48723
        0.940      0.47248
        0.950      0.46024
        0.960      0.45377
        0.970      0.45552
        0.980      0.46655
        0.990      0.48644
        1.000      0.51313
        1.010      0.54286
        1.020      0.57107
        1.030      0.59282
        1.040      0.60372
        1.050      0.60062
        1.060      0.58248
        1.070      0.55063
        1.080      0.50845
        1.090      0.46110
        1.100      0.41484
        1.110      0.37579
        1.120      0.34870
        1.130      0.33593
        1.140      0.33714
        1.150      0.34900
        1.160      0.36585
        1.170      0.38080
        1.180      0.38743
        1.190      0.38097
        1.200      0.35982
        1.210      0.32602
        1.220      0.28515
        1.230      0.24519
        1.240      0.21475
        1.250      0.20123
        1.260      0.20889
        1.270      0.23753
        1.280      0.28213
        1.290      0.33454
        1.300      0.38437
        1.310      0.42267
        1.320      0.44347
        1.330      0.44595
        1.340      0.43467
        1.350      0.41818
        1.360      0.40716
        1.370      0.41066
        1.380      0.43341
        1.390      0.47385
        1.400      0.52437
        1.410      0.57290
        1.420      0.60650
        1.430      0.61520
        1.440      0.59539
        1.450      0.55137
        1.460      0.49389
        1.470      0.43772
        1.480      0.39640
        1.490      0.37792
        1.500      0.38213
        1.510      0.40037
        1.520      0.41874
        1.530      0.42303
        1.540      0.40402
        1.550      0.36170
        1.560      0.30564
        1.570      0.25208
        1.580      0.21823
        1.590      0.21543
        1.600      0.24492
        1.610      0.29675
        1.620      0.35313
        1.630      0.39547
        1.640      0.41182
        1.650      0.40183
        1.660      0.37732
        1.670      0.35741
        1.680      0.36002
        1.690      0.39397
        1.700      0.45417
        1.710      0.52281
        1.720      0.57665
        1.730      0.59700
        1.740      0.57813
        1.750      0.53045
        1.760      0.47544
        1.770      0.43645
        1.780      0.42711
        1.790      0.44455
        1.800      0.47096
        1.810      0.48178
        1.820      0.45885
        1.830      0.40036
        1.840      0.32320
        1.850      0.25520
        1.860      0.22216
        1.870      0.23421
        1.880      0.28073
        1.890      0.33537
        1.900      0.37025
        1.910      0.37125
        1.920      0.34594
        1.930      0.31980
        1.940      0.32164
        1.950      0.36598
        1.960      0.44379
        1.970      0.52542
        1.980      0.57645
        1.990      0.57755
        2.000      0.53554
        2.010      0.47975
        2.020      0.44417
        2.030      0.44716
        2.040      0.47919
        2.050      0.50911
        2.060      0.50380
        2.070      0.45058
        2.080      0.36696
        2.090      0.29110
        2.100      0.25836
        2.110      0.27835
        2.120      0.32833
        2.130      0.36850
        2.140      0.36879
        2.150      0.33041
        2.160      0.28574
        2.170      0.27650
        2.180      0.32414
        2.190      0.41268
        2.200      0.49844
        2.210      0.53947
        2.220      0.52483
        2.230      0.48177
        2.240      0.45519
        2.250      0.47262
        2.260      0.52196
        2.270      0.55962
        2.280      0.54343
        2.290      0.46645
        2.300      0.36532
        2.310      0.29459
        2.320      0.28583
        2.330      0.32460
        2.340      0.36249
        2.350      0.35741
        2.360      0.30913
        2.370      0.26075
        2.380      0.26366
        2.390      0.33297
        2.400      0.43253
        2.410      0.50176
        2.420      0.50567
        2.430      0.46352
        2.440      0.43140
        2.450      0.45213
        2.460      0.51584
        2.470      0.56694
        2.480      0.55272
        2.490      0.47238
        2.500      0.37939
        2.510      0.33574
        2.520      0.35632
        2.530      0.39615
        2.540      0.39368
        2.550      0.33102
        2.560      0.25411
        2.570      0.23196
        2.580      0.29112
        2.590      0.38935
        2.600      0.45405
        2.610      0.45125
        2.620      0.41719
        2.630      0.41949
        2.640      0.48554
        2.650      0.56927
        2.660      0.59428
        2.670      0.53038
        2.680      0.42681
        2.690      0.36435
        2.700      0.37545
        2.710      0.41308
        2.720      0.40353
        2.730      0.32915
        2.740      0.25082
        2.750      0.24565
        2.760      0.32269
        2.770      0.41087
        2.780      0.43407
        2.790      0.39380
        2.800      0.36637
        2.810      0.41547
        2.820      0.51592
        2.830      0.57778
        2.840      0.54502
        2.850      0.45928
        2.860      0.41155
        2.870      0.43662
        2.880      0.47316
        2.890      0.43816
        2.900      0.33115
        2.910      0.24207
        2.920      0.25014
        2.930      0.33215
        2.940      0.39117
        2.950      0.37457
        2.960      0.33724
        2.970      0.37024
        2.980      0.47993
        2.990      0.57087
        3.000      0.55836
        3.010      0.47262
        3.020      0.42030
        3.030      0.44982
        3.040      0.49118
        3.050      0.45103
        3.060      0.34024
        3.070      0.26682
        3.080      0.29858
        3.090      0.37460
        3.100      0.38682
        3.110      0.32584
        3.120      0.29539
        3.130      0.37113
        3.140      0.49274
        3.150      0.53936
        3.160      0.48926
        3.170      0.44436
        3.180      0.48208
        3.190      0.54148
        3.200      0.50755
        3.210      0.37972
        3.220      0.28293
        3.230      0.30082
        3.240      0.36444
        3.250      0.35833
        3.260      0.29209
        3.270      0.28767
        3.280      0.39483
        3.290      0.50696
        3.300      0.50884
        3.310      0.44089
        3.320      0.43491
        3.330      0.51136
        3.340      0.54622
        3.350      0.46118
        3.360      0.34874
        3.370      0.33659
        3.380      0.39519
        3.390      0.38876
        3.400      0.29454
        3.410      0.24733
        3.420      0.33224
        3.430      0.44901
        3.440      0.46523
        3.450      0.41987
        3.460      0.44902
        3.470      0.55082
        3.480      0.57507
        3.490      0.46436
        3.500      0.35435
        3.510      0.36254
        3.520      0.40807
        3.530      0.35853
        3.540      0.26296
        3.550      0.27572
        3.560      0.39420
        3.570      0.45493
        3.580      0.40373
        3.590      0.38256
        3.600      0.47877
        3.610      0.56497
        3.620      0.51199
        3.630      0.41052
        3.640      0.41144
        3.650      0.46212
        3.660      0.40580
        3.670      0.27394
        3.680      0.24848
        3.690      0.35047
        3.700      0.40820
        3.710      0.36547
        3.720      0.37429
        3.730      0.50024
        3.740      0.57827
        3.750      0.49906
        3.760      0.40593
        3.770      0.43414
        3.780      0.47021
        3.790      0.37863
        3.800      0.27182
        3.810      0.31005
        3.820      0.40147
        3.830      0.37609
        3.840      0.31090
        3.850      0.38159
        3.860      0.51691
        3.870      0.52259
        3.880      0.44372
        3.890      0.46227
        3.900      0.52809
        3.910      0.45531
        3.920      0.30307
        3.930      0.28378
        3.940      0.36644
        3.950      0.35656
        3.960      0.29334
        3.970      0.36583
        3.980      0.51005
        3.990      0.51249
        4.000      0.42616
        4.010      0.45335
