        0.000      7.49853
        0.010      7.47709
        0.020      7.41240
        0.030      7.30489
        0.040      7.15422
        0.050      6.96060
        0.060      6.72406
        0.070      6.44474
        0.080      6.12257
        0.090      5.75794
        0.100      5.35100
        0.110      4.90219
        0.120      4.41191
        0.130      3.88102
        0.140      3.31026
        0.150      2.70072
        0.160      2.05381
        0.170      1.37093
        0.180      0.65411
        0.190     -0.09430
        0.200     -0.87182
        0.210     -1.67527
        0.220     -2.50114
        0.230     -3.34513
        0.240     -4.20311
        0.250     -5.06968
        0.260     -5.93915
        0.270     -6.80533
        0.280     -7.66128
        0.290     -8.49949
        0.300     -9.31176
        0.310    -10.08938
        0.320    -10.82311
        0.330    -11.50320
        0.340    -12.11925
        0.350    -12.66075
        0.360    -13.11679
        0.370    -13.47615
        0.380    -13.72772
        0.390    -13.86044
        0.400    -13.86352
        0.410    -13.72668
        0.420    -13.44022
        0.430    -12.99543
        0.440    -12.38481
        0.450    -11.60224
        0.460    -10.64318
        0.470     -9.50526
        0.480     -8.18818
        0.490     -6.69433
        0.500     -5.02857
        0.510     -3.19912
        0.520     -1.21726
        0.530      0.90240
        0.540      3.14170
        0.550      5.47894
        0.560      7.88883
        0.570     10.34282
        0.580     12.80892
        0.590     15.25223
        0.600     17.63533
        0.610     19.91860
        0.620     22.06112
        0.630     24.02116
        0.640     25.75710
        0.650     27.22836
        0.660     28.39651
        0.670     29.22604
        0.680     29.68617
        0.690     29.75126
        0.700     29.40244
        0.710     28.62871
        0.720     27.42765
        0.730     25.80678
        0.740     23.78395
        0.750     21.38794
        0.760     18.65870
        0.770     15.64721
        0.780     12.41521
        0.790      9.03421
        0.800      5.58431
        0.810      2.15266
        0.820     -1.16865
        0.830     -4.28500
        0.840     -7.10192
        0.850     -9.52824
        0.860    -11.47938
        0.870    -12.88045
        0.880    -13.66994
        0.890    -13.80263
        0.900    -13.25253
        0.910    -12.01543
        0.920    -10.11069
        0.930     -7.58233
        0.940     -4.49925
        0.950     -0.95451
        0.960      2.93664
        0.970      7.03964
        0.980     11.20446
        0.990     15.27127
        1.000     19.07575
        1.010     22.45642
        1.020     25.26141
        1.030     27.35622
        1.040     28.63092
        1.050     29.00669
        1.060     28.44184
        1.070     26.93617
        1.080     24.53382
        1.090     21.32393
        1.100     17.43917
        1.110     13.05193
        1.120      8.36777
        1.130      3.61680
        1.140     -0.95686
        1.150     -5.10779
        1.160     -8.60238
        1.170    -11.23292
        1.180    -12.83091
        1.190    -13.27916
        1.200    -12.52195
        1.210    -10.57176
        1.220     -7.51299
        1.230     -3.50070
        1.240      1.24485
        1.250      6.44823
        1.260     11.79355
        1.270     16.94261
        1.280     21.55618
        1.290     25.31666
        1.300     27.95102
        1.310     29.25203
        1.320     29.09667
        1.330     27.45932
        1.340     24.41904
        1.350     20.15951
        1.360     14.96099
        1.370      9.18417
        1.380      3.24750
        1.390     -2.40260
        1.400     -7.32528
        1.410    -11.12026
        1.420    -13.46237
        1.430    -14.13195
        1.440    -13.03819
        1.450    -10.23321
        1.460     -5.91469
        1.470     -0.41591
        1.480      5.81674
        1.490     12.25759
        1.500     18.34525
        1.510     23.53132
        1.520     27.33142
        1.530     29.37326
        1.540     29.43648
        1.550     27.48061
        1.560     23.65716
        1.570     18.30329
        1.580     11.91681
        1.590      5.11339
        1.600     -1.43093
        1.610     -7.04639
        1.620    -11.13948
        1.630    -13.25902
        1.640    -13.14996
        1.650    -10.78957
        1.660     -6.39953
        1.670     -0.43156
        1.680      6.47372
        1.690     13.55138
        1.700     19.99531
        1.710     25.04946
        1.720     28.09895
        1.730     28.74861
        1.740     26.87967
        1.750     22.67461
        1.760     16.60781
        1.770      9.39832
        1.780      1.92951
        1.790     -4.85612
        1.800    -10.07581
        1.810    -13.02335
        1.820    -13.26905
        1.830    -10.72783
        1.840     -5.68437
        1.850      1.23045
        1.860      9.11244
        1.870     16.89814
        1.880     23.50669
        1.890     27.99173
        1.900     29.68076
        1.910     28.28221
        1.920     23.94226
        1.930     17.23963
        1.940      9.11655
        1.950      0.75134
        1.960     -6.61021
        1.970    -11.84246
        1.980    -14.11705
        1.990    -13.04248
        2.000     -8.74092
        2.010     -1.84659
        2.020      6.57777
        2.030     15.19941
        2.040     22.62285
        2.050     27.61912
        2.060     29.33500
        2.070     27.44909
        2.080     22.24311
        2.090     14.57326
        2.100      5.73988
        2.110     -2.72505
        2.120     -9.32203
        2.130    -12.85194
        2.140    -12.64225
        2.150     -8.68589
        2.160     -1.66412
        2.170      7.15814
        2.180     16.15022
        2.190     23.61210
        2.200     28.09584
        2.210     28.69201
        2.220     25.22311
        2.230     18.30174
        2.240      9.23572
        2.250     -0.20946
        2.260     -8.14931
        2.270    -12.95669
        2.280    -13.60195
        2.290     -9.88335
        2.300     -2.49564
        2.310      7.08670
        2.320     16.89492
        2.330     24.86767
        2.340     29.28889
        2.350     29.16683
        2.360     24.47104
        2.370     16.16735
        2.380      6.03377
        2.390     -3.71124
        2.400    -10.89369
        2.410    -13.87678
        2.420    -11.94899
        2.430     -5.51300
        2.440      3.97769
        2.450     14.33073
        2.460     23.11269
        2.470     28.22209
        2.480     28.40230
        2.490     23.56841
        2.500     14.85908
        2.510      4.38918
        2.520     -5.24907
        2.530    -11.62233
        2.540    -13.07493
        2.550     -9.17218
        2.560     -0.84581
        2.570      9.80897
        2.580     20.04576
        2.590     27.16905
        2.600     29.24732
        2.610     25.64755
        2.620     17.24184
        2.630      6.21452
        2.640     -4.49270
        2.650    -11.96309
        2.660    -14.10781
        2.670    -10.26664
        2.680     -1.42985
        2.690      9.99612
        2.700     20.83325
        2.710     28.01556
        2.720     29.47031
        2.730     24.73900
        2.740     15.14878
        2.750      3.46536
        2.760     -6.88844
        2.770    -12.83603
        2.780    -12.57564
        2.790     -6.15363
        2.800      4.50830
        2.810     16.16049
        2.820     25.19925
        2.830     28.77998
        2.840     25.72569
        2.850     16.93822
        2.860      5.16116
        2.870     -5.85249
        2.880    -12.52457
        2.890    -12.61913
        2.900     -6.00696
        2.910      5.23686
        2.920     17.46345
        2.930     26.62362
        2.940     29.61304
        2.950     25.34076
        2.960     15.14873
        2.970      2.41463
        2.980     -8.55426
        2.990    -13.98389
        3.000    -11.95422
        3.010     -3.11194
        3.020      9.50029
        3.030     21.46844
        3.040     28.55066
        3.050     28.19982
        3.060     20.51624
        3.070      8.26319
        3.080     -4.09120
        3.090    -11.98668
        3.100    -12.46146
        3.110     -5.29279
        3.120      6.86335
        3.130     19.41929
        3.140     27.56460
        3.150     28.10806
        3.160     20.74476
        3.170      8.23984
        3.180     -4.58157
        3.190    -12.67973
        3.200    -12.78593
        3.210     -4.74152
        3.220      8.36566
        3.230     21.36511
        3.240     29.04054
        3.250     28.24275
        3.260     19.21566
        3.270      5.56741
        3.280     -7.14624
        3.290    -13.68442
        3.300    -11.31118
        3.310     -0.99017
        3.320     12.95493
        3.330     24.61651
        3.340     29.00223
        3.350     24.19961
        3.360     12.26094
        3.370     -1.61969
        3.380    -11.32764
        3.390    -12.51465
        3.400     -4.56803
        3.410      9.03798
        3.420     22.22202
        3.430     28.99151
        3.440     26.16971
        3.450     14.90857
        3.460      0.25450
        3.470    -11.09300
        3.480    -13.85005
        3.490     -6.63843
        3.500      7.28943
        3.510     21.48745
        3.520     29.29808
        3.530     27.00576
        3.540     15.66023
        3.550      0.65385
        3.560    -10.80686
        3.570    -13.16907
        3.580     -5.27169
        3.590      9.01478
        3.600     22.62366
        3.610     28.75582
        3.620     24.28861
        3.630     11.41004
        3.640     -3.39151
        3.650    -12.55094
        3.660    -11.28248
        3.670     -0.10074
        3.680     15.33483
        3.690     27.05562
        3.700     28.89536
        3.710     19.75864
        3.720      4.30039
        3.730     -9.41823
        3.740    -14.14136
        3.750     -7.30224
        3.760      7.51725
        3.770     22.41372
        3.780     29.36897
        3.790     24.61031
        3.800     10.73322
        3.810     -4.63396
        3.820    -12.97884
        3.830     -9.63248
        3.840      3.55827
        3.850     19.17071
        3.860     28.32527
        3.870     25.71939
        3.880     12.72563
        3.890     -3.27736
        3.900    -13.05165
        3.910    -10.82604
        3.920      2.27228
        3.930     18.74109
        3.940     28.98429
        3.950     26.92867
        3.960     13.67827
        3.970     -3.01730
        3.980    -13.27466
        3.990    -10.96512
        4.000      2.53890
        4.010     19.08761
