        0.000      8.20170
        0.010      8.17362
        0.020      8.08921
        0.030      7.94849
        0.040      7.75133
        0.050      7.49808
        0.060      7.18847
        0.070      6.82284
        0.080      6.40145
        0.090      5.92436
        0.100      5.39192
        0.110      4.80485
        0.120      4.16364
        0.130      3.46939
        0.140      2.72318
        0.150      1.92621
        0.160      1.08046
        0.170      0.18804
        0.180     -0.74858
        0.190     -1.72644
        0.200     -2.74186
        0.210     -3.79107
        0.220     -4.86913
        0.230     -5.97082
        0.240     -7.09008
        0.250     -8.22023
        0.260     -9.35372
        0.270    -10.48231
        0.280    -11.59698
        0.290    -12.68770
        0.300    -13.74406
        0.310    -14.75435
        0.320    -15.70656
        0.330    -16.58785
        0.340    -17.38468
        0.350    -18.08327
        0.360    -18.66925
        0.370    -19.12802
        0.380    -19.44503
        0.390    -19.60582
        0.400    -19.59619
        0.410    -19.40283
        0.420    -19.01309
        0.430    -18.41563
        0.440    -17.60061
        0.450    -16.55998
        0.460    -15.28812
        0.470    -13.78168
        0.480    -12.04056
        0.490    -10.06783
        0.500     -7.87012
        0.510     -5.45814
        0.520     -2.84681
        0.530     -0.05519
        0.540      2.89279
        0.550      5.96859
        0.560      9.13913
        0.570     12.36686
        0.580     15.60989
        0.590     18.82250
        0.600     21.95564
        0.610     24.95735
        0.620     27.77396
        0.630     30.35089
        0.640     32.63346
        0.650     34.56855
        0.660     36.10578
        0.670     37.19883
        0.680     37.80696
        0.690     37.89673
        0.700     37.44345
        0.710     36.43252
        0.720     34.86093
        0.730     32.73832
        0.740     30.08809
        0.750     26.94775
        0.760     23.36965
        0.770     19.42051
        0.780     15.18096
        0.790     10.74470
        0.800      6.21661
        0.810      1.71063
        0.820     -2.65251
        0.830     -6.74913
        0.840    -10.45554
        0.850    -13.65236
        0.860    -16.22857
        0.870    -18.08630
        0.880    -19.14479
        0.890    -19.34448
        0.900    -18.65134
        0.910    -17.05937
        0.920    -14.59353
        0.930    -11.31099
        0.940     -7.30149
        0.950     -2.68614
        0.960      2.38467
        0.970      7.73532
        0.980     13.17023
        0.990     18.48042
        1.000     23.45145
        1.010     27.87220
        1.020     31.54409
        1.030     34.29116
        1.040     35.96946
        1.050     36.47565
        1.060     35.75501
        1.070     33.80673
        1.080     30.68819
        1.090     26.51541
        1.100     21.46166
        1.110     15.75167
        1.120      9.65398
        1.130      3.46908
        1.140     -2.48442
        1.150     -7.88581
        1.160    -12.42996
        1.170    -15.84574
        1.180    -17.91294
        1.190    -18.47870
        1.200    -17.47039
        1.210    -14.90477
        1.220    -10.89239
        1.230     -5.63629
        1.240      0.57500
        1.250      7.38107
        1.260     14.36837
        1.270     21.09448
        1.280     27.11534
        1.290     32.01546
        1.300     35.43762
        1.310     37.11107
        1.320     36.87506
        1.330     34.69678
        1.340     30.68049
        1.350     25.06755
        1.360     18.22589
        1.370     10.62910
        1.380      2.82617
        1.390     -4.59715
        1.400    -11.06240
        1.410    -16.04459
        1.420    -19.11724
        1.430    -19.99248
        1.440    -18.55137
        1.450    -14.86269
        1.460     -9.18591
        1.470     -1.95842
        1.480      6.23422
        1.490     14.70247
        1.500     22.70997
        1.510     29.53754
        1.520     34.54982
        1.530     37.25815
        1.540     37.37310
        1.550     34.84075
        1.560     29.85878
        1.570     22.86796
        1.580     14.51950
        1.590      5.61897
        1.600     -2.94893
        1.610    -10.30755
        1.620    -15.68024
        1.630    -18.47602
        1.640    -18.36102
        1.650    -15.30489
        1.660     -9.59682
        1.670     -1.82694
        1.680      7.16781
        1.690     16.38833
        1.700     24.78184
        1.710     31.36110
        1.720     35.32386
        1.730     36.15511
        1.740     33.70053
        1.750     28.20009
        1.760     20.27453
        1.770     10.86399
        1.780      1.12302
        1.790     -7.71712
        1.800    -14.50367
        1.810    -18.31482
        1.820    -18.59074
        1.830    -15.22251
        1.840     -8.58462
        1.850      0.49578
        1.860     10.83392
        1.870     21.03718
        1.880     29.69029
        1.890     35.55455
        1.900     37.74973
        1.910     35.89474
        1.920     30.18165
        1.930     21.36937
        1.940     10.69289
        1.950     -0.30338
        1.960     -9.98614
        1.970    -16.87894
        1.980    -19.89420
        1.990    -18.51629
        2.000    -12.90237
        2.010     -3.88096
        2.020      7.15720
        2.030     18.46651
        2.040     28.21805
        2.050     34.80001
        2.060     37.09232
        2.070     34.67094
        2.080     27.90172
        2.090     17.90312
        2.100      6.37525
        2.110     -4.67840
        2.120    -13.29634
        2.130    -17.91010
        2.140    -17.64012
        2.150    -12.47761
        2.160     -3.31385
        2.170      8.19634
        2.180     19.92030
        2.190     29.63551
        2.200     35.45035
        2.210     36.17907
        2.220     31.59439
        2.230     22.50357
        2.240     10.62218
        2.250     -1.73659
        2.260    -12.10646
        2.270    -18.36064
        2.280    -19.15604
        2.290    -14.23405
        2.300     -4.50929
        2.310      8.08358
        2.320     20.96404
        2.330     31.43135
        2.340     37.23757
        2.350     37.08381
        2.360     30.93039
        2.370     20.04200
        2.380      6.74725
        2.390     -6.04855
        2.400    -15.49739
        2.410    -19.45378
        2.420    -16.98232
        2.430     -8.60486
        2.440      3.78154
        2.450     17.31226
        2.460     28.80519
        2.470     35.51001
        2.480     35.77952
        2.490     29.49825
        2.500     18.15143
        2.510      4.50206
        2.520     -8.06172
        2.530    -16.35935
        2.540    -18.22748
        2.550    -13.10001
        2.560     -2.19839
        2.570     11.73425
        2.580     25.10342
        2.590     34.38281
        2.600     37.04728
        2.610     32.27367
        2.620     21.21039
        2.630      6.72489
        2.640     -7.32441
        2.650    -17.11414
        2.660    -19.90818
        2.670    -14.84507
        2.680     -3.22735
        2.690     11.78726
        2.700     26.03092
        2.710     35.48412
        2.720     37.42910
        2.730     31.26307
        2.740     18.72202
        2.750      3.42606
        2.760    -10.14426
        2.770    -17.96126
        2.780    -17.66498
        2.790     -9.31325
        2.800      4.58371
        2.810     19.77959
        2.820     31.56610
        2.830     36.22803
        2.840     32.22992
        2.850     20.75305
        2.860      5.38449
        2.870     -8.97077
        2.880    -17.63842
        2.890    -17.70086
        2.900     -8.99679
        2.910      5.75204
        2.920     21.76638
        2.930     33.74486
        2.940     37.62531
        2.950     31.98317
        2.960     18.58057
        2.970      1.84682
        2.980    -12.57069
        2.990    -19.72224
        3.000    -17.08631
        3.010     -5.50567
        3.020     11.03514
        3.030     26.75120
        3.040     36.08070
        3.050     35.68037
        3.060     25.67448
        3.070      9.67539
        3.080     -6.47141
        3.090    -16.79921
        3.100    -17.43306
        3.110     -8.08196
        3.120      7.77880
        3.130     24.14947
        3.140     34.74217
        3.150     35.39207
        3.160     25.71379
        3.170      9.33698
        3.180     -7.41928
        3.190    -17.96431
        3.200    -18.03196
        3.210     -7.42911
        3.220      9.78964
        3.230     26.84747
        3.240     36.91174
        3.250     35.85960
        3.260     24.01279
        3.270      6.09906
        3.280    -10.60281
        3.290    -19.22488
        3.300    -16.17636
        3.310     -2.70791
        3.320     15.53004
        3.330     30.80827
        3.340     36.58871
        3.350     30.35935
        3.360     14.79621
        3.370     -3.31131
        3.380    -15.96825
        3.390    -17.49054
        3.400     -7.08205
        3.410     10.70652
        3.420     27.91589
        3.430     36.70776
        3.440     32.93542
        3.450     18.12359
        3.460     -1.10393
        3.470    -15.96458
        3.480    -19.54024
        3.490    -10.03742
        3.500      8.26929
        3.510     26.92458
        3.520     37.20129
        3.530     34.22950
        3.540     19.38229
        3.550     -0.27974
        3.560    -15.32013
        3.570    -18.46684
        3.580     -8.19400
        3.590     10.44240
        3.600     28.20643
        3.610     36.21209
        3.620     30.37921
        3.630     13.56951
        3.640     -5.73475
        3.650    -17.64700
        3.660    -15.91945
        3.670     -1.23955
        3.680     18.97595
        3.690     34.29362
        3.700     36.64581
        3.710     24.60928
        3.720      4.29407
        3.730    -13.72809
        3.740    -19.94202
        3.750    -10.97959
        3.760      8.46550
        3.770     28.03213
        3.780     37.20622
        3.790     31.03536
        3.800     12.90982
        3.810     -7.18818
        3.820    -18.11799
        3.830    -13.76999
        3.840      3.43924
        3.850     23.80103
        3.860     35.70820
        3.870     32.24215
        3.880     15.21984
        3.890     -5.69288
        3.900    -18.41418
        3.910    -15.41253
        3.920      1.81154
        3.930     23.41865
        3.940     36.83823
        3.950     34.12055
        3.960     16.71900
        3.970     -5.20864
        3.980    -18.70913
        3.990    -15.74303
        4.000      1.90797
        4.010     23.58286
