        0.000      0.12422
        0.010      0.12424
        0.020      0.12427
        0.030      0.12430
        0.040      0.12439
        0.050      0.12438
        0.060      0.12447
        0.070      0.12475
        0.080      0.12506
        0.090      0.12543
        0.100      0.12618
        0.110      0.12690
        0.120      0.12790
        0.130      0.12924
        0.140      0.13079
        0.150      0.13283
        0.160      0.13527
        0.170      0.13816
        0.180      0.14149
        0.190      0.14544
        0.200      0.14989
        0.210      0.15489
        0.220      0.16057
        0.230      0.16680
        0.240      0.17359
        0.250      0.18103
        0.260      0.18892
        0.270      0.19730
        0.280      0.20606
        0.290      0.21504
        0.300      0.22418
        0.310      0.23311
        0.320      0.24187
        0.330      0.25022
        0.340      0.25773
        0.350      0.26429
        0.360      0.26957
        0.370      0.27341
        0.380      0.27541
        0.390      0.27532
        0.400      0.27295
        0.410      0.26822
        0.420      0.26085
        0.430      0.25097
        0.440      0.23838
        0.450      0.22325
        0.460      0.20606
        0.470      0.18685
        0.480      0.16608
        0.490      0.14455
        0.500      0.12260
        0.510      0.10113
        0.520      0.08071
        0.530      0.06231
        0.540      0.04649
        0.550      0.03412
        0.560      0.02541
        0.570      0.02124
        0.580      0.02137
        0.590      0.02595
        0.600      0.03451
        0.610      0.04666
        0.620      0.06148
        0.630      0.07799
        0.640      0.09479
        0.650      0.11076
        0.660      0.12448
        0.670      0.13455
        0.680      0.14013
        0.690      0.14048
        0.700      0.13529
        0.710      0.12463
        0.720      0.10937
        0.730      0.09059
        0.740      0.07015
        0.750      0.04987
        0.760      0.03230
        0.770      0.01937
        0.780      0.01323
        0.790      0.01549
        0.800      0.02685
        0.810      0.04753
        0.820      0.07671
        0.830      0.11252
        0.840      0.15260
        0.850      0.19374
        0.860      0.23257
        0.870      0.26578
        0.880      0.29061
        0.890      0.30522
        0.900      0.30874
        0.910      0.30181
        0.920      0.28643
        0.930      0.26581
        0.940      0.24364
        0.950      0.22408
        0.960      0.21111
        0.970      0.20751
        0.980      0.21471
        0.990      0.23227
        1.000      0.25789
        1.010      0.28756
        1.020      0.31620
        1.030      0.33857
        1.040      0.34970
        1.050      0.34612
        1.060      0.32665
        1.070      0.29265
        1.080      0.24801
        1.090      0.19847
        1.100      0.15093
        1.110      0.11193
        1.120      0.08696
        1.130      0.07831
        1.140      0.08551
        1.150      0.10485
        1.160      0.12967
        1.170      0.15223
        1.180      0.16516
        1.190      0.16305
        1.200      0.14405
        1.210      0.11043
        1.220      0.06826
        1.230      0.02644
        1.240     -0.00534
        1.250     -0.01874
        1.260     -0.00927
        1.270      0.02293
        1.280      0.07225
        1.290      0.12945
        1.300      0.18300
        1.310      0.22272
        1.320      0.24208
        1.330      0.24016
        1.340      0.22218
        1.350      0.19786
        1.360      0.17928
        1.370      0.17671
        1.380      0.19554
        1.390      0.23452
        1.400      0.28505
        1.410      0.33412
        1.420      0.36733
        1.430      0.37389
        1.440      0.34980
        1.450      0.29980
        1.460      0.23627
        1.470      0.17558
        1.480      0.13257
        1.490      0.11627
        1.500      0.12612
        1.510      0.15231
        1.520      0.17879
        1.530      0.18967
        1.540      0.17424
        1.550      0.13230
        1.560      0.07446
        1.570      0.01899
        1.580     -0.01522
        1.590     -0.01523
        1.600      0.02024
        1.610      0.07981
        1.620      0.14369
        1.630      0.19100
        1.640      0.20810
        1.650      0.19494
        1.660      0.16453
        1.670      0.13834
        1.680      0.13650
        1.690      0.16910
        1.700      0.23041
        1.710      0.30073
        1.720      0.35445
        1.730      0.37096
        1.740      0.34428
        1.750      0.28636
        1.760      0.22188
        1.770      0.17696
        1.780      0.16715
        1.790      0.18923
        1.800      0.22290
        1.810      0.24049
        1.820      0.22116
        1.830      0.16268
        1.840      0.08313
        1.850      0.01367
        1.860     -0.01724
        1.870      0.00143
        1.880      0.05741
        1.890      0.12118
        1.900      0.16130
        1.910      0.16198
        1.920      0.13173
        1.930      0.09949
        1.940      0.09749
        1.950      0.14246
        1.960      0.22428
        1.970      0.31003
        1.980      0.36154
        1.990      0.35744
        2.000      0.30567
        2.010      0.23946
        2.020      0.19709
        2.030      0.19920
        2.040      0.23527
        2.050      0.27017
        2.060      0.26677
        2.070      0.21058
        2.080      0.12121
        2.090      0.04111
        2.100      0.00967
        2.110      0.03741
        2.120      0.09861
        2.130      0.14823
        2.140      0.15237
        2.150      0.11202
        2.160      0.06331
        2.170      0.05291
        2.180      0.10441
        2.190      0.19998
        2.200      0.29076
        2.210      0.33004
        2.220      0.30627
        2.230      0.25082
        2.240      0.21452
        2.250      0.22911
        2.260      0.28171
        2.270      0.32363
        2.280      0.30764
        2.290      0.22557
        2.300      0.11788
        2.310      0.04496
        2.320      0.04162
        2.330      0.09079
        2.340      0.13801
        2.350      0.13563
        2.360      0.08339
        2.370      0.02984
        2.380      0.03263
        2.390      0.10903
        2.400      0.21840
        2.410      0.29309
        2.420      0.29401
        2.430      0.24279
        2.440      0.20234
        2.450      0.22097
        2.460      0.28799
        2.470      0.34132
        2.480      0.32289
        2.490      0.23182
        2.500      0.12852
        2.510      0.08249
        2.520      0.11032
        2.530      0.16094
        2.540      0.16483
        2.550      0.10109
        2.560      0.02058
        2.570     -0.00040
        2.580      0.06783
        2.590      0.17729
        2.600      0.24664
        2.610      0.23809
        2.620      0.19335
        2.630      0.18900
        2.640      0.25670
        2.650      0.34565
        2.660      0.37090
        2.670      0.29903
        2.680      0.18466
        2.690      0.11796
        2.700      0.13455
        2.710      0.18095
        2.720      0.17407
        2.730      0.09381
        2.740      0.00875
        2.750      0.00542
        2.760      0.09386
        2.770      0.19425
        2.780      0.22107
        2.790      0.17551
        2.800      0.14284
        2.810      0.19417
        2.820      0.30137
        2.830      0.36412
        2.840      0.32099
        2.850      0.21979
        2.860      0.16387
        2.870      0.19269
        2.880      0.23763
        2.890      0.20483
        2.900      0.09229
        2.910     -0.00030
        2.920      0.01466
        2.930      0.10993
        2.940      0.17650
        2.950      0.15564
        2.960      0.10985
        2.970      0.14191
        2.980      0.25989
        2.990      0.35770
        3.000      0.34079
        3.010      0.24298
        3.020      0.18367
        3.030      0.21671
        3.040      0.26368
        3.050      0.21964
        3.060      0.09707
        3.070      0.01748
        3.080      0.05690
        3.090      0.14699
        3.100      0.16541
        3.110      0.10077
        3.120      0.06843
        3.130      0.15238
        3.140      0.28445
        3.150      0.32972
        3.160      0.26552
        3.170      0.20790
        3.180      0.24578
        3.190      0.31185
        3.200      0.27723
        3.210      0.13988
        3.220      0.03819
        3.230      0.06454
        3.240      0.13989
        3.250      0.13437
        3.260      0.05937
        3.270      0.05259
        3.280      0.17073
        3.290      0.29476
        3.300      0.29531
        3.310      0.21753
        3.320      0.20848
        3.330      0.29085
        3.340      0.32614
        3.350      0.22780
        3.360      0.10075
        3.370      0.08922
        3.380      0.15996
        3.390      0.15970
        3.400      0.06126
        3.410      0.01365
        3.420      0.11104
        3.430      0.23979
        3.440      0.25202
        3.450      0.19327
        3.460      0.21857
        3.470      0.32801
        3.480      0.35419
        3.490      0.23247
        3.500      0.11340
        3.510      0.12717
        3.520      0.18137
        3.530      0.12735
        3.540      0.02061
        3.550      0.03553
        3.560      0.16975
        3.570      0.23972
        3.580      0.18366
        3.590      0.15959
        3.600      0.26410
        3.610      0.35455
        3.620      0.28798
        3.630      0.16871
        3.640      0.16839
        3.650      0.22877
        3.660      0.17296
        3.670      0.03364
        3.680      0.01222
        3.690      0.12979
        3.700      0.19304
        3.710      0.14000
        3.720      0.14372
        3.730      0.27981
        3.740      0.36482
        3.750      0.27611
        3.760      0.17312
        3.770      0.20598
        3.780      0.24653
        3.790      0.14314
        3.800      0.02345
        3.810      0.06855
        3.820      0.17563
        3.830      0.15255
        3.840      0.08358
        3.850      0.16324
        3.860      0.31045
        3.870      0.30847
        3.880      0.21110
        3.890      0.22626
        3.900      0.30016
        3.910      0.22402
        3.920      0.06145
        3.930      0.04710
        3.940      0.14351
        3.950      0.13167
        3.960      0.05743
        3.970      0.13523
        3.980      0.29517
        3.990      0.29812
        4.000      0.20198
        4.010      0.23154
