        0.000      7.74941
        0.010      7.72809
        0.020      7.66350
        0.030      7.55585
        0.040      7.40533
        0.050      7.21169
        0.060      6.97520
        0.070      6.69577
        0.080      6.37369
        0.090      6.00889
        0.100      5.60183
        0.110      5.15291
        0.120      4.66252
        0.130      4.13155
        0.140      3.56067
        0.150      2.95085
        0.160      2.30358
        0.170      1.62034
        0.180      0.90304
        0.190      0.15415
        0.200     -0.62397
        0.210     -1.42812
        0.220     -2.25476
        0.230     -3.09982
        0.240     -3.95877
        0.250     -4.82651
        0.260     -5.69734
        0.270     -6.56493
        0.280     -7.42240
        0.290     -8.26230
        0.300     -9.07644
        0.310     -9.85609
        0.320    -10.59204
        0.330    -11.27458
        0.340    -11.89326
        0.350    -12.43757
        0.360    -12.89642
        0.370    -13.25892
        0.380    -13.51377
        0.390    -13.64985
        0.400    -13.65645
        0.410    -13.52329
        0.420    -13.24070
        0.430    -12.79983
        0.440    -12.19331
        0.450    -11.41481
        0.460    -10.45994
        0.470     -9.32618
        0.480     -8.01328
        0.490     -6.52359
        0.500     -4.86212
        0.510     -3.03684
        0.520     -1.05907
        0.530      1.05658
        0.540      3.29194
        0.550      5.62534
        0.560      8.03160
        0.570     10.48201
        0.580     12.94470
        0.590     15.38478
        0.600     17.76476
        0.610     20.04529
        0.620     22.18520
        0.630     24.14284
        0.640     25.87658
        0.650     27.34586
        0.660     28.51215
        0.670     29.34022
        0.680     29.79897
        0.690     29.86297
        0.700     29.51332
        0.710     28.73893
        0.720     27.53751
        0.730     25.91652
        0.740     23.89377
        0.750     21.49812
        0.760     18.76956
        0.770     15.75901
        0.780     12.52830
        0.790      9.14889
        0.800      5.70092
        0.810      2.27163
        0.820     -1.04700
        0.830     -4.16023
        0.840     -6.97374
        0.850     -9.39625
        0.860    -11.34315
        0.870    -12.73968
        0.880    -13.52428
        0.890    -13.65171
        0.900    -13.09610
        0.910    -11.85328
        0.920     -9.94256
        0.930     -7.40816
        0.940     -4.31901
        0.950     -0.76830
        0.960      3.12863
        0.970      7.23711
        0.980     11.40697
        0.990     15.47815
        1.000     19.28632
        1.010     22.66969
        1.020     25.47643
        1.030     27.57183
        1.040     28.84587
        1.050     29.21980
        1.060     28.65196
        1.070     27.14219
        1.080     24.73477
        1.090     21.51895
        1.100     17.62758
        1.110     13.23328
        1.120      8.54182
        1.130      3.78353
        1.140     -0.79739
        1.150     -4.95524
        1.160     -8.45637
        1.170    -11.09295
        1.180    -12.69637
        1.190    -13.14945
        1.200    -12.39634
        1.210    -10.44961
        1.220     -7.39358
        1.230     -3.38330
        1.240      1.36099
        1.250      6.56389
        1.260     11.90950
        1.270     17.05969
        1.280     21.67525
        1.290     25.43847
        1.300     28.07632
        1.310     29.38171
        1.320     29.23143
        1.330     27.59987
        1.340     24.56604
        1.350     20.31347
        1.360     15.12232
        1.370      9.35310
        1.380      3.42408
        1.390     -2.21872
        1.400     -7.13467
        1.410    -10.92383
        1.420    -13.26140
        1.430    -13.92803
        1.440    -12.83310
        1.450    -10.02882
        1.460     -5.71286
        1.470     -0.21829
        1.480      6.00871
        1.490     12.44281
        1.500     18.52296
        1.510     23.70104
        1.520     27.49316
        1.530     29.52718
        1.540     29.58304
        1.550     27.62047
        1.560     23.79123
        1.570     18.43253
        1.580     12.04225
        1.590      5.23619
        1.600     -1.30956
        1.610     -6.92523
        1.620    -11.01748
        1.630    -13.13493
        1.640    -13.02277
        1.650    -10.65826
        1.660     -6.26306
        1.670     -0.28907
        1.680      6.62311
        1.690     13.70829
        1.700     20.16011
        1.710     25.22212
        1.720     28.27905
        1.730     28.93521
        1.740     27.07115
        1.750     22.86925
        1.760     16.80341
        1.770      9.59278
        1.780      2.12083
        1.790     -4.66982
        1.800     -9.89604
        1.810    -12.85112
        1.820    -13.10495
        1.830    -10.57198
        1.840     -5.53641
        1.850      1.37123
        1.860      9.24715
        1.870     17.02808
        1.880     23.63326
        1.890     28.11657
        1.900     29.80532
        1.910     28.40802
        1.920     24.07074
        1.930     17.37226
        1.940      9.25469
        1.950      0.89618
        1.960     -6.45780
        1.970    -11.68192
        1.980    -13.94856
        1.990    -12.86669
        2.000     -8.55911
        2.010     -1.66058
        2.020      6.76596
        2.030     15.38751
        2.040     22.80866
        2.050     27.80067
        2.060     29.51069
        2.070     27.61770
        2.080     22.40408
        2.090     14.72662
        2.100      5.88608
        2.110     -2.58506
        2.120     -9.18705
        2.130    -12.72064
        2.140    -12.51314
        2.150     -8.55743
        2.160     -1.53458
        2.170      7.29039
        2.180     16.28692
        2.190     23.75483
        2.200     28.24578
        2.210     28.85001
        2.220     25.38923
        2.230     18.47537
        2.240      9.41540
        2.250     -0.02573
        2.260     -7.96402
        2.270    -12.77263
        2.280    -13.42171
        2.290     -9.70917
        2.300     -2.32889
        2.310      7.24540
        2.320     17.04577
        2.330     25.01155
        2.340     29.42702
        2.350     29.30071
        2.360     24.60243
        2.370     16.29808
        2.380      6.16581
        2.390     -3.57610
        2.400    -10.75368
        2.410    -13.73055
        2.420    -11.79575
        2.430     -5.35237
        2.440      4.14532
        2.450     14.50443
        2.460     23.29070
        2.470     28.40218
        2.480     28.58191
        2.490     23.74498
        2.500     15.03049
        2.510      4.55404
        2.520     -5.09143
        2.530    -11.47199
        2.540    -12.93132
        2.550     -9.03412
        2.560     -0.71169
        2.570      9.94112
        2.580     20.17822
        2.590     27.30409
        2.600     29.38700
        2.610     25.79372
        2.620     17.39561
        2.630      6.37634
        2.640     -4.32335
        2.650    -11.78795
        2.660    -13.92948
        2.670    -10.08815
        2.680     -1.25420
        2.690     10.16653
        2.700     20.99705
        2.710     28.17223
        2.720     29.62007
        2.730     24.88271
        2.740     15.28774
        2.750      3.60139
        2.760     -6.75338
        2.770    -12.69993
        2.780    -12.43662
        2.790     -6.00998
        2.800      4.65806
        2.810     16.31732
        2.820     25.36333
        2.830     28.95040
        2.840     25.90039
        2.850     17.11445
        2.860      5.33588
        2.870     -5.68191
        2.880    -12.36028
        2.890    -12.46225
        2.900     -5.85770
        2.910      5.37943
        2.920     17.60115
        2.930     26.75875
        2.940     29.74816
        2.950     25.47833
        2.960     15.29098
        2.970      2.56346
        2.980     -8.39790
        2.990    -13.82024
        3.000    -11.78472
        3.010     -2.93903
        3.020      9.67379
        3.030     21.63976
        3.040     28.71767
        3.050     28.36097
        3.060     20.67089
        3.070      8.41159
        3.080     -3.94810
        3.090    -11.84735
        3.100    -12.32407
        3.110     -5.15521
        3.120      7.00345
        3.130     19.56432
        3.140     27.71650
        3.150     28.26763
        3.160     20.91147
        3.170      8.41167
        3.180     -4.40762
        3.190    -12.50724
        3.200    -12.61815
        3.210     -4.58062
        3.220      8.51892
        3.230     21.51149
        3.240     29.18175
        3.250     28.38099
        3.260     19.35345
        3.270      5.70722
        3.280     -7.00206
        3.290    -13.53425
        3.300    -11.15442
        3.310     -0.82724
        3.320     13.12263
        3.330     24.78679
        3.340     29.17235
        3.350     24.36690
        3.360     12.42314
        3.370     -1.46375
        3.380    -11.17816
        3.390    -12.37097
        3.400     -4.42854
        3.410      9.17568
        3.420     22.36104
        3.430     29.13482
        3.440     26.31964
        3.450     15.06632
        3.460      0.41953
        3.470    -10.92285
        3.480    -13.67847
        3.490     -6.46932
        3.500      7.45327
        3.510     21.64462
        3.520     29.44868
        3.530     27.15091
        3.540     15.80173
        3.550      0.79392
        3.560    -10.66582
        3.570    -13.02494
        3.580     -5.12271
        3.590      9.16980
        3.600     22.78508
        3.610     28.92253
        3.620     24.45805
        3.630     11.57890
        3.640     -3.22637
        3.650    -12.39193
        3.660    -11.13077
        3.670      0.04421
        3.680     15.47506
        3.690     27.19423
        3.700     29.03575
        3.710     19.90375
        3.720      4.45235
        3.730     -9.25880
        3.740    -13.97593
        3.750     -7.13387
        3.760      7.68502
        3.770     22.57809
        3.780     29.52827
        3.790     24.76381
        3.800     10.88130
        3.810     -4.49004
        3.820    -12.83725
        3.830     -9.49107
        3.840      3.70200
        3.850     19.31946
        3.860     28.48097
        3.870     25.88219
        3.880     12.89349
        3.890     -3.10804
        3.900    -12.88500
        3.910    -10.66549
        3.920      2.42520
        3.930     18.88720
        3.940     29.12599
        3.950     27.06903
        3.960     13.82046
        3.970     -2.87053
        3.980    -13.12166
        3.990    -10.80593
        4.000      2.70266
        4.010     19.25364
