        0.000      0.30714
        0.010      0.30690
        0.020      0.30705
        0.030      0.30698
        0.040      0.30703
        0.050      0.30726
        0.060      0.30748
        0.070      0.30747
        0.080      0.30779
        0.090      0.30823
        0.100      0.30904
        0.110      0.30995
        0.120      0.31084
        0.130      0.31231
        0.140      0.31394
        0.150      0.31608
        0.160      0.31862
        0.170      0.32164
        0.180      0.32513
        0.190      0.32913
        0.200      0.33385
        0.210      0.33919
        0.220      0.34497
        0.230      0.35148
        0.240      0.35864
        0.250      0.36650
        0.260      0.37495
        0.270      0.38376
        0.280      0.39308
        0.290      0.40258
        0.300      0.41237
        0.310      0.42204
        0.320      0.43152
        0.330      0.44070
        0.340      0.44903
        0.350      0.45658
        0.360      0.46306
        0.370      0.46778
        0.380      0.47097
        0.390      0.47200
        0.400      0.47089
        0.410      0.46738
        0.420      0.46137
        0.430      0.45283
        0.440      0.44152
        0.450      0.42792
        0.460      0.41212
        0.470      0.39442
        0.480      0.37518
        0.490      0.35515
        0.500      0.33476
        0.510      0.31478
        0.520      0.29602
        0.530      0.27903
        0.540      0.26493
        0.550      0.25401
        0.560      0.24693
        0.570      0.24422
        0.580      0.24600
        0.590      0.25196
        0.600      0.26217
        0.610      0.27578
        0.620      0.29209
        0.630      0.31001
        0.640      0.32827
        0.650      0.34539
        0.660      0.36027
        0.670      0.37152
        0.680      0.37823
        0.690      0.37973
        0.700      0.37543
        0.710      0.36578
        0.720      0.35110
        0.730      0.33305
        0.740      0.31335
        0.750      0.29377
        0.760      0.27664
        0.770      0.26416
        0.780      0.25841
        0.790      0.26097
        0.800      0.27259
        0.810      0.29338
        0.820      0.32259
        0.830      0.35840
        0.840      0.39823
        0.850      0.43900
        0.860      0.47717
        0.870      0.50975
        0.880      0.53368
        0.890      0.54733
        0.900      0.54964
        0.910      0.54157
        0.920      0.52470
        0.930      0.50264
        0.940      0.47882
        0.950      0.45769
        0.960      0.44320
        0.970      0.43794
        0.980      0.44364
        0.990      0.45965
        1.000      0.48411
        1.010      0.51265
        1.020      0.54046
        1.030      0.56209
        1.040      0.57273
        1.050      0.56893
        1.060      0.54954
        1.070      0.51582
        1.080      0.47158
        1.090      0.42281
        1.100      0.37618
        1.110      0.33840
        1.120      0.31444
        1.130      0.30712
        1.140      0.31566
        1.150      0.33617
        1.160      0.36212
        1.170      0.38559
        1.180      0.39948
        1.190      0.39802
        1.200      0.37953
        1.210      0.34630
        1.220      0.30444
        1.230      0.26274
        1.240      0.23113
        1.250      0.21773
        1.260      0.22735
        1.270      0.25944
        1.280      0.30882
        1.290      0.36588
        1.300      0.41908
        1.310      0.45836
        1.320      0.47703
        1.330      0.47421
        1.340      0.45509
        1.350      0.42952
        1.360      0.40964
        1.370      0.40561
        1.380      0.42322
        1.390      0.46076
        1.400      0.51021
        1.410      0.55810
        1.420      0.59029
        1.430      0.59582
        1.440      0.57114
        1.450      0.52097
        1.460      0.45755
        1.470      0.39720
        1.480      0.35517
        1.490      0.34041
        1.500      0.35203
        1.510      0.38002
        1.520      0.40846
        1.530      0.42096
        1.540      0.40700
        1.550      0.36639
        1.560      0.30964
        1.570      0.25508
        1.580      0.22155
        1.590      0.22208
        1.600      0.25796
        1.610      0.31785
        1.620      0.38168
        1.630      0.42842
        1.640      0.44494
        1.650      0.43060
        1.660      0.39905
        1.670      0.37148
        1.680      0.36833
        1.690      0.39961
        1.700      0.45959
        1.710      0.52871
        1.720      0.58111
        1.730      0.59630
        1.740      0.56838
        1.750      0.50954
        1.760      0.44454
        1.770      0.39973
        1.780      0.39060
        1.790      0.41376
        1.800      0.44896
        1.810      0.46794
        1.820      0.45023
        1.830      0.39290
        1.840      0.31467
        1.850      0.24642
        1.860      0.21674
        1.870      0.23673
        1.880      0.29375
        1.890      0.35821
        1.900      0.39872
        1.910      0.39923
        1.920      0.36854
        1.930      0.33542
        1.940      0.33250
        1.950      0.37645
        1.960      0.45697
        1.970      0.54133
        1.980      0.59104
        1.990      0.58514
        2.000      0.53155
        2.010      0.46376
        2.020      0.42063
        2.030      0.42258
        2.040      0.45912
        2.050      0.49509
        2.060      0.49301
        2.070      0.43827
        2.080      0.35035
        2.090      0.27183
        2.100      0.24213
        2.110      0.27154
        2.120      0.33406
        2.130      0.38456
        2.140      0.38887
        2.150      0.34817
        2.160      0.29872
        2.170      0.28774
        2.180      0.33869
        2.190      0.43354
        2.200      0.52341
        2.210      0.56140
        2.220      0.53613
        2.230      0.47886
        2.240      0.44140
        2.250      0.45521
        2.260      0.50755
        2.270      0.54958
        2.280      0.53374
        2.290      0.45196
        2.300      0.34498
        2.310      0.27325
        2.320      0.27169
        2.330      0.32316
        2.340      0.37203
        2.350      0.37088
        2.360      0.31927
        2.370      0.26607
        2.380      0.26900
        2.390      0.34544
        2.400      0.45403
        2.410      0.52744
        2.420      0.52641
        2.430      0.47299
        2.440      0.43071
        2.450      0.44813
        2.460      0.51444
        2.470      0.56772
        2.480      0.54923
        2.490      0.45841
        2.500      0.35595
        2.510      0.31136
        2.520      0.34100
        2.530      0.39329
        2.540      0.39817
        2.550      0.33493
        2.560      0.25443
        2.570      0.23386
        2.580      0.30262
        2.590      0.41250
        2.600      0.48144
        2.610      0.47190
        2.620      0.42580
        2.630      0.42012
        2.640      0.48671
        2.650      0.57460
        2.660      0.59851
        2.670      0.52549
        2.680      0.41043
        2.690      0.34419
        2.700      0.36227
        2.710      0.41058
        2.720      0.40553
        2.730      0.32681
        2.740      0.24297
        2.750      0.24071
        2.760      0.33009
        2.770      0.43054
        2.780      0.45626
        2.790      0.40898
        2.800      0.37457
        2.810      0.42456
        2.820      0.53109
        2.830      0.59297
        2.840      0.54901
        2.850      0.44727
        2.860      0.39155
        2.870      0.42161
        2.880      0.46749
        2.890      0.43537
        2.900      0.32313
        2.910      0.23122
        2.920      0.24728
        2.930      0.34419
        2.940      0.41172
        2.950      0.39081
        2.960      0.34446
        2.970      0.37598
        2.980      0.49308
        2.990      0.58938
        3.000      0.57023
        3.010      0.47032
        3.020      0.41012
        3.030      0.44358
        3.040      0.49195
        3.050      0.44912
        3.060      0.32785
        3.070      0.24988
        3.080      0.29111
        3.090      0.38233
        3.100      0.40057
        3.110      0.33482
        3.120      0.30139
        3.130      0.38492
        3.140      0.51668
        3.150      0.56122
        3.160      0.49560
        3.170      0.43719
        3.180      0.47501
        3.190      0.54113
        3.200      0.50625
        3.210      0.36841
        3.220      0.26736
        3.230      0.29546
        3.240      0.37292
        3.250      0.36876
        3.260      0.29445
        3.270      0.28804
        3.280      0.40637
        3.290      0.52925
        3.300      0.52749
        3.310      0.44707
        3.320      0.43661
        3.330      0.51895
        3.340      0.55467
        3.350      0.45678
        3.360      0.33085
        3.370      0.32100
        3.380      0.39328
        3.390      0.39350
        3.400      0.29433
        3.410      0.24638
        3.420      0.34439
        3.430      0.47361
        3.440      0.48539
        3.450      0.42564
        3.460      0.45021
        3.470      0.55891
        3.480      0.58400
        3.490      0.46060
        3.500      0.34095
        3.510      0.35606
        3.520      0.41251
        3.530      0.36023
        3.540      0.25480
        3.550      0.27097
        3.560      0.40589
        3.570      0.47470
        3.580      0.41602
        3.590      0.38997
        3.600      0.49399
        3.610      0.58429
        3.620      0.51734
        3.630      0.39829
        3.640      0.39923
        3.650      0.46085
        3.660      0.40468
        3.670      0.26492
        3.680      0.24400
        3.690      0.36327
        3.700      0.42753
        3.710      0.37436
        3.720      0.37783
        3.730      0.51343
        3.740      0.59663
        3.750      0.50527
        3.760      0.40055
        3.770      0.43413
        3.780      0.47643
        3.790      0.37449
        3.800      0.25652
        3.810      0.30357
        3.820      0.41127
        3.830      0.38671
        3.840      0.31579
        3.850      0.39489
        3.860      0.54211
        3.870      0.53962
        3.880      0.44164
        3.890      0.45716
        3.900      0.53137
        3.910      0.45443
        3.920      0.29085
        3.930      0.27765
        3.940      0.37624
        3.950      0.36597
        3.960      0.29246
        3.970      0.37079
        3.980      0.53005
        3.990      0.53010
        4.000      0.43092
        4.010      0.45980
