        0.000      0.16021
        0.010      0.16006
        0.020      0.16005
        0.030      0.16017
        0.040      0.16018
        0.050      0.16026
        0.060      0.16040
        0.070      0.16064
        0.080      0.16082
        0.090      0.16129
        0.100      0.16203
        0.110      0.16278
        0.120      0.16380
        0.130      0.16517
        0.140      0.16673
        0.150      0.16886
        0.160      0.17128
        0.170      0.17420
        0.180      0.17757
        0.190      0.18149
        0.200      0.18597
        0.210      0.19108
        0.220      0.19680
        0.230      0.20311
        0.240      0.21009
        0.250      0.21760
        0.260      0.22571
        0.270      0.23421
        0.280      0.24301
        0.290      0.25211
        0.300      0.26135
        0.310      0.27053
        0.320      0.27943
        0.330      0.28795
        0.340      0.29576
        0.350      0.30258
        0.360      0.30802
        0.370      0.31207
        0.380      0.31440
        0.390      0.31457
        0.400      0.31248
        0.410      0.30795
        0.420      0.30100
        0.430      0.29128
        0.440      0.27919
        0.450      0.26450
        0.460      0.24747
        0.470      0.22867
        0.480      0.20826
        0.490      0.18708
        0.500      0.16550
        0.510      0.14434
        0.520      0.12440
        0.530      0.10626
        0.540      0.09089
        0.550      0.07880
        0.560      0.07058
        0.570      0.06660
        0.580      0.06710
        0.590      0.07207
        0.600      0.08110
        0.610      0.09352
        0.620      0.10865
        0.630      0.12546
        0.640      0.14258
        0.650      0.15882
        0.660      0.17269
        0.670      0.18305
        0.680      0.18888
        0.690      0.18936
        0.700      0.18440
        0.710      0.17392
        0.720      0.15869
        0.730      0.14014
        0.740      0.11976
        0.750      0.09977
        0.760      0.08212
        0.770      0.06940
        0.780      0.06331
        0.790      0.06558
        0.800      0.07701
        0.810      0.09769
        0.820      0.12678
        0.830      0.16263
        0.840      0.20263
        0.850      0.24366
        0.860      0.28232
        0.870      0.31536
        0.880      0.33997
        0.890      0.35421
        0.900      0.35747
        0.910      0.35031
        0.920      0.33452
        0.930      0.31344
        0.940      0.29088
        0.950      0.27106
        0.960      0.25772
        0.970      0.25376
        0.980      0.26051
        0.990      0.27781
        1.000      0.30307
        1.010      0.33250
        1.020      0.36095
        1.030      0.38313
        1.040      0.39414
        1.050      0.39052
        1.060      0.37107
        1.070      0.33719
        1.080      0.29271
        1.090      0.24336
        1.100      0.19601
        1.110      0.15736
        1.120      0.13261
        1.130      0.12430
        1.140      0.13188
        1.150      0.15148
        1.160      0.17673
        1.170      0.19957
        1.180      0.21270
        1.190      0.21080
        1.200      0.19192
        1.210      0.15841
        1.220      0.11638
        1.230      0.07465
        1.240      0.04295
        1.250      0.02955
        1.260      0.03914
        1.270      0.07124
        1.280      0.12063
        1.290      0.17775
        1.300      0.23127
        1.310      0.27085
        1.320      0.29005
        1.330      0.28794
        1.340      0.26960
        1.350      0.24503
        1.360      0.22608
        1.370      0.22309
        1.380      0.24170
        1.390      0.28018
        1.400      0.33048
        1.410      0.37918
        1.420      0.41220
        1.430      0.41844
        1.440      0.39420
        1.450      0.34410
        1.460      0.28060
        1.470      0.21988
        1.480      0.17722
        1.490      0.16121
        1.500      0.17147
        1.510      0.19802
        1.520      0.22509
        1.530      0.23632
        1.540      0.22123
        1.550      0.17968
        1.560      0.12215
        1.570      0.06683
        1.580      0.03289
        1.590      0.03309
        1.600      0.06861
        1.610      0.12831
        1.620      0.19218
        1.630      0.23938
        1.640      0.25640
        1.650      0.24300
        1.660      0.21225
        1.670      0.18572
        1.680      0.18359
        1.690      0.21587
        1.700      0.27679
        1.710      0.34686
        1.720      0.40021
        1.730      0.41637
        1.740      0.38946
        1.750      0.33123
        1.760      0.26658
        1.770      0.22167
        1.780      0.21203
        1.790      0.23435
        1.800      0.26834
        1.810      0.28622
        1.820      0.26726
        1.830      0.20906
        1.840      0.12983
        1.850      0.06074
        1.860      0.03010
        1.870      0.04909
        1.880      0.10541
        1.890      0.16932
        1.900      0.20953
        1.910      0.21024
        1.920      0.17990
        1.930      0.14750
        1.940      0.14527
        1.950      0.19004
        1.960      0.27154
        1.970      0.35686
        1.980      0.40807
        1.990      0.40355
        2.000      0.35142
        2.010      0.28470
        2.020      0.24206
        2.030      0.24423
        2.040      0.28025
        2.050      0.31536
        2.060      0.31233
        2.070      0.25649
        2.080      0.16739
        2.090      0.08780
        2.100      0.05671
        2.110      0.08487
        2.120      0.14636
        2.130      0.19628
        2.140      0.20044
        2.150      0.16001
        2.160      0.11111
        2.170      0.10063
        2.180      0.15203
        2.190      0.24741
        2.200      0.33799
        2.210      0.37706
        2.220      0.35292
        2.230      0.29696
        2.240      0.26039
        2.250      0.27482
        2.260      0.32741
        2.270      0.36932
        2.280      0.35330
        2.290      0.27129
        2.300      0.16373
        2.310      0.09103
        2.320      0.08804
        2.330      0.13788
        2.340      0.18544
        2.350      0.18338
        2.360      0.13128
        2.370      0.07781
        2.380      0.08078
        2.390      0.15717
        2.400      0.26642
        2.410      0.34084
        2.420      0.34133
        2.430      0.28951
        2.440      0.24870
        2.450      0.26700
        2.460      0.33383
        2.470      0.38711
        2.480      0.36859
        2.490      0.27748
        2.500      0.17440
        2.510      0.12871
        2.520      0.15692
        2.530      0.20801
        2.540      0.21205
        2.550      0.14852
        2.560      0.06792
        2.570      0.04718
        2.580      0.11549
        2.590      0.22504
        2.600      0.29430
        2.610      0.28569
        2.620      0.24055
        2.630      0.23593
        2.640      0.30333
        2.650      0.39208
        2.660      0.41701
        2.670      0.34475
        2.680      0.23024
        2.690      0.16365
        2.700      0.18059
        2.710      0.22732
        2.720      0.22085
        2.730      0.14099
        2.740      0.05619
        2.750      0.05312
        2.760      0.14183
        2.770      0.24231
        2.780      0.26886
        2.790      0.22290
        2.800      0.18989
        2.810      0.24089
        2.820      0.34787
        2.830      0.41048
        2.840      0.36717
        2.850      0.26588
        2.860      0.20992
        2.870      0.23904
        2.880      0.28420
        2.890      0.25142
        2.900      0.13908
        2.910      0.04654
        2.920      0.06183
        2.930      0.15749
        2.940      0.22423
        2.950      0.20346
        2.960      0.15757
        2.970      0.18943
        2.980      0.30727
        2.990      0.40477
        3.000      0.38730
        3.010      0.28897
        3.020      0.22942
        3.030      0.26263
        3.040      0.30982
        3.050      0.26603
        3.060      0.14372
        3.070      0.06446
        3.080      0.10444
        3.090      0.19463
        3.100      0.21303
        3.110      0.14824
        3.120      0.11566
        3.130      0.19956
        3.140      0.33161
        3.150      0.37668
        3.160      0.31213
        3.170      0.25437
        3.180      0.29220
        3.190      0.35826
        3.200      0.32355
        3.210      0.18599
        3.220      0.08450
        3.230      0.11115
        3.240      0.18711
        3.250      0.18181
        3.260      0.10705
        3.270      0.10041
        3.280      0.21861
        3.290      0.34250
        3.300      0.34240
        3.310      0.26403
        3.320      0.25461
        3.330      0.33700
        3.340      0.37241
        3.350      0.27415
        3.360      0.14726
        3.370      0.13610
        3.380      0.20728
        3.390      0.20707
        3.400      0.10843
        3.410      0.06077
        3.420      0.15834
        3.430      0.28728
        3.440      0.29941
        3.450      0.24053
        3.460      0.26561
        3.470      0.37482
        3.480      0.40075
        3.490      0.27866
        3.500      0.15941
        3.510      0.17342
        3.520      0.22815
        3.530      0.17453
        3.540      0.06809
        3.550      0.08331
        3.560      0.21768
        3.570      0.28746
        3.580      0.23083
        3.590      0.20622
        3.600      0.31069
        3.610      0.40108
        3.620      0.33441
        3.630      0.21520
        3.640      0.21507
        3.650      0.27580
        3.660      0.21985
        3.670      0.08042
        3.680      0.05903
        3.690      0.17712
        3.700      0.24063
        3.710      0.18759
        3.720      0.19135
        3.730      0.32733
        3.740      0.41194
        3.750      0.32255
        3.760      0.21918
        3.770      0.25211
        3.780      0.29306
        3.790      0.19001
        3.800      0.07068
        3.810      0.11628
        3.820      0.22349
        3.830      0.20009
        3.840      0.13069
        3.850      0.21027
        3.860      0.35751
        3.870      0.35544
        3.880      0.25791
        3.890      0.27309
        3.900      0.34711
        3.910      0.27069
        3.920      0.10790
        3.930      0.09367
        3.940      0.19065
        3.950      0.17911
        3.960      0.10514
        3.970      0.18308
        3.980      0.34286
        3.990      0.34519
        4.000      0.24834
        4.010      0.27774
