        0.000      0.07405
        0.010      0.07405
        0.020      0.07407
        0.030      0.07404
        0.040      0.07412
        0.050      0.07417
        0.060      0.07435
        0.070      0.07453
        0.080      0.07487
        0.090      0.07533
        0.100      0.07587
        0.110      0.07668
        0.120      0.07764
        0.130      0.07901
        0.140      0.08064
        0.150      0.08254
        0.160      0.08498
        0.170      0.08776
        0.180      0.09105
        0.190      0.09486
        0.200      0.09923
        0.210      0.10415
        0.220      0.10971
        0.230      0.11590
        0.240      0.12252
        0.250      0.12978
        0.260      0.13758
        0.270      0.14572
        0.280      0.15422
        0.290      0.16295
        0.300      0.17189
        0.310      0.18063
        0.320      0.18904
        0.330      0.19693
        0.340      0.20429
        0.350      0.21040
        0.360      0.21529
        0.370      0.21866
        0.380      0.22033
        0.390      0.21984
        0.400      0.21717
        0.410      0.21185
        0.420      0.20409
        0.430      0.19359
        0.440      0.18044
        0.450      0.16490
        0.460      0.14708
        0.470      0.12730
        0.480      0.10609
        0.490      0.08387
        0.500      0.06143
        0.510      0.03935
        0.520      0.01838
        0.530     -0.00057
        0.540     -0.01697
        0.550     -0.02995
        0.560     -0.03898
        0.570     -0.04391
        0.580     -0.04441
        0.590     -0.04046
        0.600     -0.03237
        0.610     -0.02074
        0.620     -0.00641
        0.630      0.00964
        0.640      0.02605
        0.650      0.04156
        0.660      0.05488
        0.670      0.06464
        0.680      0.06983
        0.690      0.06985
        0.700      0.06431
        0.710      0.05342
        0.720      0.03784
        0.730      0.01893
        0.740     -0.00171
        0.750     -0.02207
        0.760     -0.03987
        0.770     -0.05285
        0.780     -0.05900
        0.790     -0.05687
        0.800     -0.04546
        0.810     -0.02479
        0.820      0.00446
        0.830      0.04044
        0.840      0.08060
        0.850      0.12190
        0.860      0.16098
        0.870      0.19448
        0.880      0.21967
        0.890      0.23476
        0.900      0.23874
        0.910      0.23238
        0.920      0.21756
        0.930      0.19745
        0.940      0.17587
        0.950      0.15702
        0.960      0.14466
        0.970      0.14170
        0.980      0.14942
        0.990      0.16755
        1.000      0.19354
        1.010      0.22369
        1.020      0.25279
        1.030      0.27538
        1.040      0.28656
        1.050      0.28311
        1.060      0.26358
        1.070      0.22955
        1.080      0.18469
        1.090      0.13479
        1.100      0.08678
        1.110      0.04749
        1.120      0.02187
        1.130      0.01274
        1.140      0.01945
        1.150      0.03813
        1.160      0.06239
        1.170      0.08452
        1.180      0.09704
        1.190      0.09460
        1.200      0.07536
        1.210      0.04137
        1.220     -0.00093
        1.230     -0.04288
        1.240     -0.07470
        1.250     -0.08820
        1.260     -0.07878
        1.270     -0.04671
        1.280      0.00272
        1.290      0.05987
        1.300      0.11357
        1.310      0.15348
        1.320      0.17319
        1.330      0.17162
        1.340      0.15408
        1.350      0.13034
        1.360      0.11219
        1.370      0.11015
        1.380      0.12961
        1.390      0.16909
        1.400      0.22029
        1.410      0.26987
        1.420      0.30353
        1.430      0.31046
        1.440      0.28663
        1.450      0.23680
        1.460      0.17338
        1.470      0.11250
        1.480      0.06917
        1.490      0.05240
        1.500      0.06162
        1.510      0.08713
        1.520      0.11298
        1.530      0.12303
        1.540      0.10703
        1.550      0.06457
        1.560      0.00626
        1.570     -0.04967
        1.580     -0.08419
        1.590     -0.08451
        1.600     -0.04932
        1.610      0.01006
        1.620      0.07401
        1.630      0.12134
        1.640      0.13874
        1.650      0.12586
        1.660      0.09592
        1.670      0.07017
        1.680      0.06895
        1.690      0.10195
        1.700      0.16375
        1.710      0.23467
        1.720      0.28885
        1.730      0.30589
        1.740      0.27977
        1.750      0.22226
        1.760      0.15796
        1.770      0.11316
        1.780      0.10321
        1.790      0.12491
        1.800      0.15811
        1.810      0.17515
        1.820      0.15538
        1.830      0.09639
        1.840      0.01638
        1.850     -0.05353
        1.860     -0.08502
        1.870     -0.06686
        1.880     -0.01128
        1.890      0.05200
        1.900      0.09193
        1.910      0.09256
        1.920      0.06255
        1.930      0.03046
        1.940      0.02875
        1.950      0.07412
        1.960      0.15626
        1.970      0.24253
        1.980      0.29472
        1.990      0.29136
        2.000      0.24044
        2.010      0.17480
        2.020      0.13283
        2.030      0.13500
        2.040      0.17093
        2.050      0.20558
        2.060      0.20178
        2.070      0.14518
        2.080      0.05527
        2.090     -0.02539
        2.100     -0.05750
        2.110     -0.03048
        2.120      0.03017
        2.130      0.07943
        2.140      0.08344
        2.150      0.04318
        2.160     -0.00543
        2.170     -0.01565
        2.180      0.03602
        2.190      0.13176
        2.200      0.22277
        2.210      0.26262
        2.220      0.23941
        2.230      0.18457
        2.240      0.14883
        2.250      0.16372
        2.260      0.21652
        2.270      0.25863
        2.280      0.24265
        2.290      0.16049
        2.300      0.05267
        2.310     -0.02077
        2.320     -0.02480
        2.330      0.02377
        2.340      0.07023
        2.350      0.06733
        2.360      0.01473
        2.370     -0.03901
        2.380     -0.03625
        2.390      0.04002
        2.400      0.14951
        2.410      0.22467
        2.420      0.22632
        2.430      0.17590
        2.440      0.13615
        2.450      0.15532
        2.460      0.22253
        2.470      0.27609
        2.480      0.25774
        2.490      0.16651
        2.500      0.06298
        2.510      0.01649
        2.520      0.04365
        2.530      0.09377
        2.540      0.09731
        2.550      0.03340
        2.560     -0.04725
        2.570     -0.06836
        2.580     -0.00046
        2.590      0.10878
        2.600      0.17809
        2.610      0.16995
        2.620      0.12551
        2.630      0.12169
        2.640      0.18969
        2.650      0.27909
        2.660      0.30495
        2.670      0.23360
        2.680      0.11954
        2.690      0.05280
        2.700      0.06890
        2.710      0.11461
        2.720      0.10710
        2.730      0.02631
        2.740     -0.05921
        2.750     -0.06317
        2.760      0.02493
        2.770      0.12531
        2.780      0.15243
        2.790      0.10753
        2.800      0.07550
        2.810      0.12713
        2.820      0.23458
        2.830      0.29760
        2.840      0.25487
        2.850      0.15401
        2.860      0.09803
        2.870      0.12662
        2.880      0.17116
        2.890      0.13819
        2.900      0.02560
        2.910     -0.06719
        2.920     -0.05275
        2.930      0.04195
        2.940      0.10810
        2.950      0.08711
        2.960      0.04139
        2.970      0.07366
        2.980      0.19189
        2.990      0.29020
        3.000      0.27416
        3.010      0.17714
        3.020      0.11826
        3.030      0.15128
        3.040      0.19784
        3.050      0.15332
        3.060      0.03032
        3.070     -0.04988
        3.080     -0.01108
        3.090      0.07844
        3.100      0.09695
        3.110      0.03274
        3.120      0.00078
        3.130      0.08470
        3.140      0.21681
        3.150      0.26237
        3.160      0.19855
        3.170      0.14126
        3.180      0.17920
        3.190      0.24535
        3.200      0.21092
        3.210      0.07379
        3.220     -0.02787
        3.230     -0.00220
        3.240      0.07246
        3.250      0.06632
        3.260     -0.00897
        3.270     -0.01589
        3.280      0.10202
        3.290      0.22632
        3.300      0.22766
        3.310      0.15086
        3.320      0.14237
        3.330      0.22478
        3.340      0.26001
        3.350      0.16158
        3.360      0.03423
        3.370      0.02205
        3.380      0.09230
        3.390      0.09200
        3.400     -0.00635
        3.410     -0.05375
        3.420      0.04328
        3.430      0.17181
        3.440      0.18407
        3.450      0.12563
        3.460      0.15116
        3.470      0.26076
        3.480      0.28752
        3.490      0.16651
        3.500      0.04777
        3.510      0.06120
        3.520      0.11463
        3.530      0.05998
        3.540     -0.04726
        3.550     -0.03295
        3.560      0.10089
        3.570      0.17124
        3.580      0.11609
        3.590      0.09265
        3.600      0.19741
        3.610      0.28788
        3.620      0.22146
        3.630      0.10214
        3.640      0.10152
        3.650      0.16163
        3.660      0.10588
        3.670     -0.03312
        3.680     -0.05486
        3.690      0.06212
        3.700      0.12490
        3.710      0.07176
        3.720      0.07556
        3.730      0.21170
        3.740      0.29734
        3.750      0.20960
        3.760      0.10736
        3.770      0.14006
        3.780      0.18009
        3.790      0.07624
        3.800     -0.04398
        3.810      0.00037
        3.820      0.10704
        3.830      0.08454
        3.840      0.01621
        3.850      0.09606
        3.860      0.24317
        3.870      0.24129
        3.880      0.14415
        3.890      0.15916
        3.900      0.23308
        3.910      0.15736
        3.920     -0.00479
        3.930     -0.01939
        3.940      0.07615
        3.950      0.06369
        3.960     -0.01094
        3.970      0.06653
        3.980      0.22669
        3.990      0.23057
        4.000      0.13556
        4.010      0.16553
