        0.000      8.00772
        0.010      7.98646
        0.020      7.92185
        0.030      7.81425
        0.040      7.66372
        0.050      7.47003
        0.060      7.23339
        0.070      6.95421
        0.080      6.63190
        0.090      6.26715
        0.100      5.85999
        0.110      5.41091
        0.120      4.92055
        0.130      4.38934
        0.140      3.81813
        0.150      3.20812
        0.160      2.56047
        0.170      1.87689
        0.180      1.15924
        0.190      0.40972
        0.200     -0.36900
        0.210     -1.17377
        0.220     -2.00110
        0.230     -2.84704
        0.240     -3.70707
        0.250     -4.57605
        0.260     -5.44818
        0.270     -6.31725
        0.280     -7.17638
        0.290     -8.01793
        0.300     -8.83398
        0.310     -9.61576
        0.320    -10.35407
        0.330    -11.03895
        0.340    -11.66024
        0.350    -12.20738
        0.360    -12.66933
        0.370    -13.03492
        0.380    -13.29308
        0.390    -13.43272
        0.400    -13.44306
        0.410    -13.31361
        0.420    -13.03492
        0.430    -12.59811
        0.440    -11.99564
        0.450    -11.22132
        0.460    -10.27072
        0.470     -9.14125
        0.480     -7.83271
        0.490     -6.34736
        0.500     -4.69015
        0.510     -2.86917
        0.520     -0.89556
        0.530      1.21594
        0.540      3.44723
        0.550      5.77674
        0.560      8.17920
        0.570     10.62592
        0.580     13.08513
        0.590     15.52195
        0.600     17.89887
        0.610     20.17641
        0.620     22.31361
        0.630     24.26871
        0.640     26.00016
        0.650     27.46739
        0.660     28.63190
        0.670     29.45833
        0.680     29.91571
        0.690     29.97851
        0.700     29.62793
        0.710     28.85284
        0.720     27.65103
        0.730     26.02985
        0.740     24.00727
        0.750     21.61206
        0.760     18.88416
        0.770     15.87468
        0.780     12.64530
        0.790      9.26756
        0.800      5.82164
        0.810      2.39468
        0.820     -0.92110
        0.830     -4.03118
        0.840     -6.84104
        0.850     -9.25959
        0.860    -11.20213
        0.870    -12.59394
        0.880    -13.37340
        0.890    -13.49540
        0.900    -12.93406
        0.910    -11.68526
        0.920     -9.76839
        0.930     -7.22774
        0.940     -4.13227
        0.950     -0.57528
        0.960      3.32775
        0.970      7.44190
        0.980     11.61703
        0.990     15.69280
        1.000     19.50475
        1.010     22.89101
        1.020     25.69953
        1.030     27.79563
        1.040     29.06913
        1.050     29.44131
        1.060     28.87042
        1.070     27.35643
        1.080     24.94377
        1.090     21.72185
        1.100     17.82369
        1.110     13.42210
        1.120      8.72303
        1.130      3.95709
        1.140     -0.63139
        1.150     -4.79655
        1.160     -8.30457
        1.170    -10.94748
        1.180    -12.55670
        1.190    -13.01484
        1.200    -12.26615
        1.210    -10.32314
        1.220     -7.27006
        1.230     -3.26190
        1.240      1.48102
        1.250      6.68341
        1.260     12.02933
        1.270     17.18066
        1.280     21.79815
        1.290     25.56422
        1.300     28.20576
        1.310     29.51557
        1.320     29.37053
        1.330     27.74490
        1.340     24.71769
        1.350     20.47231
        1.360     15.28876
        1.370      9.52740
        1.380      3.60621
        1.390     -2.02901
        1.400     -6.93793
        1.410    -10.72101
        1.420    -13.05397
        1.430    -13.71741
        1.440    -12.62105
        1.450     -9.81732
        1.460     -5.50372
        1.470     -0.01326
        1.480      6.20809
        1.490     12.63533
        1.500     18.70774
        1.510     23.87768
        1.520     27.66148
        1.530     29.68737
        1.540     29.73557
        1.550     27.76604
        1.560     23.93061
        1.570     18.56680
        1.580     12.17254
        1.590      5.36366
        1.600     -1.18368
        1.610     -6.79979
        1.620    -10.89124
        1.630    -13.00673
        1.640    -12.89152
        1.650    -10.52280
        1.660     -6.12241
        1.670     -0.14224
        1.680      6.77699
        1.690     13.86988
        1.700     20.32977
        1.710     25.39990
        1.720     28.46442
        1.730     29.12726
        1.740     27.26839
        1.750     23.06981
        1.760     17.00531
        1.770      9.79372
        1.780      2.31868
        1.790     -4.47691
        1.800     -9.70960
        1.810    -12.67236
        1.820    -12.93444
        1.830    -10.40994
        1.840     -5.38255
        1.850      1.51769
        1.860      9.38729
        1.870     17.16317
        1.880     23.76485
        1.890     28.24619
        1.900     29.93452
        1.910     28.53837
        1.920     24.20377
        1.930     17.50944
        1.940      9.39738
        1.950      1.04566
        1.960     -6.30061
        1.970    -11.51663
        1.980    -13.77512
        1.990    -12.68582
        2.000     -8.37202
        2.010     -1.46898
        2.020      6.95992
        2.030     15.58161
        2.040     23.00067
        2.050     27.98850
        2.060     29.69265
        2.070     27.79263
        2.080     22.57130
        2.090     14.88606
        2.100      6.03820
        2.110     -2.43943
        2.120     -9.04666
        2.130    -12.58411
        2.140    -12.37895
        2.150     -8.42404
        2.160     -1.40023
        2.170      7.42746
        2.180     16.42840
        2.190     23.90237
        2.200     28.40072
        2.210     29.01303
        2.220     25.56047
        2.230     18.65425
        2.240      9.60058
        2.250      0.16365
        2.260     -7.77297
        2.270    -12.58267
        2.280    -13.23552
        2.290     -9.52890
        2.300     -2.15605
        2.310      7.41017
        2.320     17.20263
        2.330     25.16126
        2.340     29.57081
        2.350     29.44010
        2.360     24.73918
        2.370     16.43409
        2.380      6.30299
        2.390     -3.43583
        2.400    -10.60861
        2.410    -13.57933
        2.420    -11.63739
        2.430     -5.18658
        2.440      4.31825
        2.450     14.68346
        2.460     23.47423
        2.470     28.58794
        2.480     28.76730
        2.490     23.92748
        2.500     15.20795
        2.510      4.72491
        2.520     -4.92790
        2.530    -11.31582
        2.540    -12.78197
        2.550     -8.89046
        2.560     -0.57216
        2.570     10.07855
        2.580     20.31583
        2.590     27.44426
        2.600     29.53191
        2.610     25.94509
        2.620     17.55470
        2.630      6.54352
        2.640     -4.14862
        2.650    -11.60731
        2.660    -13.74551
        2.670     -9.90401
        2.680     -1.07285
        2.690     10.34284
        2.700     21.16678
        2.710     28.33483
        2.720     29.77565
        2.730     25.03207
        2.740     15.43229
        2.750      3.74285
        2.760     -6.61290
        2.770    -12.55849
        2.780    -12.29230
        2.790     -5.86101
        2.800      4.81318
        2.810     16.47961
        2.820     25.53290
        2.830     29.12633
        2.840     26.08074
        2.850     17.29639
        2.860      5.51647
        2.870     -5.50549
        2.880    -12.19008
        2.890    -12.29961
        2.900     -5.70270
        2.910      5.52767
        2.920     17.74441
        2.930     26.89937
        2.940     29.88869
        2.950     25.62134
        2.960     15.43873
        2.970      2.71773
        2.980     -8.23602
        2.990    -13.65097
        3.000    -11.60958
        3.010     -2.76037
        3.020      9.85303
        3.030     21.81697
        3.040     28.89051
        3.050     28.52800
        3.060     20.83139
        3.070      8.56574
        3.080     -3.79933
        3.090    -11.70249
        3.100    -12.18126
        3.110     -5.01224
        3.120      7.14895
        3.130     19.71482
        3.140     27.87387
        3.150     28.43275
        3.160     21.08375
        3.170      8.58919
        3.180     -4.22796
        3.190    -12.32897
        3.200    -12.44458
        3.210     -4.41398
        3.220      8.67790
        3.230     21.66350
        3.240     29.32850
        3.250     28.52473
        3.260     19.49668
        3.270      5.85254
        3.280     -6.85239
        3.290    -13.37860
        3.300    -10.99215
        3.310     -0.65875
        3.320     13.29596
        3.330     24.96272
        3.340     29.34823
        3.350     24.53991
        3.360     12.59113
        3.370     -1.30204
        3.380    -11.02303
        3.390    -12.22170
        3.400     -4.28357
        3.410      9.31890
        3.420     22.50555
        3.430     29.28365
        3.440     26.47515
        3.450     15.22968
        3.460      0.59026
        3.470    -10.74706
        3.480    -13.50119
        3.490     -6.29442
        3.500      7.62275
        3.510     21.80748
        3.520     29.60493
        3.530     27.30165
        3.540     15.94877
        3.550      0.93953
        3.560    -10.51926
        3.570    -12.87527
        3.580     -4.96822
        3.590      9.33040
        3.600     22.95212
        3.610     29.09492
        3.620     24.63321
        3.630     11.75351
        3.640     -3.05548
        3.650    -12.22727
        3.660    -10.97339
        3.670      0.19473
        3.680     15.62084
        3.690     27.33839
        3.700     29.18165
        3.710     20.05445
        3.720      4.60997
        3.730     -9.09370
        3.740    -13.80478
        3.750     -6.95979
        3.760      7.85860
        3.770     22.74827
        3.780     29.69330
        3.790     24.92302
        3.800     11.03505
        3.810     -4.34049
        3.820    -12.69014
        3.830     -9.34416
        3.840      3.85128
        3.850     19.47381
        3.860     28.64231
        3.870     26.05066
        3.880     13.06707
        3.890     -2.93293
        3.900    -12.71256
        3.910    -10.49921
        3.920      2.58380
        3.930     19.03889
        3.940     29.27324
        3.950     27.21493
        3.960     13.96821
        3.970     -2.71815
        3.980    -12.96308
        3.990    -10.64122
        4.000      2.87210
        4.010     19.42537
