        0.000      7.49838
        0.005      7.48762
        0.010      7.45563
        0.015      7.40173
        0.020      7.32635
        0.025      7.22988
        0.030      7.11141
        0.035      6.97138
        0.040      6.81018
        0.045      6.62719
        0.050      6.42311
        0.055      6.19726
        0.060      5.95003
        0.065      5.68124
        0.070      5.39103
        0.075      5.07954
        0.080      4.74668
        0.085      4.39253
        0.090      4.01706
        0.095      3.62036
        0.100      3.20270
        0.105      2.76401
        0.110      2.30452
        0.115      1.82441
        0.120      1.32359
        0.125      0.80243
        0.130      0.26116
        0.135     -0.30039
        0.140     -0.88159
        0.145     -1.48211
        0.150     -2.10181
        0.155     -2.74038
        0.160     -3.39739
        0.165     -4.07239
        0.170     -4.76502
        0.175     -5.47465
        0.180     -6.20074
        0.185     -6.94283
        0.190     -7.70037
        0.195     -8.47256
        0.200     -9.25865
        0.205    -10.05773
        0.210    -10.86915
        0.215    -11.69186
        0.220    -12.52505
        0.225    -13.36752
        0.230    -14.21825
        0.235    -15.07606
        0.240    -15.93966
        0.245    -16.80790
        0.250    -17.67924
        0.255    -18.55233
        0.260    -19.42549
        0.265    -20.29734
        0.270    -21.16606
        0.275    -22.02991
        0.280    -22.88721
        0.285    -23.73582
        0.290    -24.57383
        0.295    -25.39919
        0.300    -26.20987
        0.305    -27.00352
        0.310    -27.77795
        0.315    -28.53081
        0.320    -29.25974
        0.325    -29.96226
        0.330    -30.63562
        0.335    -31.27743
        0.340    -31.88519
        0.345    -32.45608
        0.350    -32.98727
        0.355    -33.47612
        0.360    -33.92005
        0.365    -34.31610
        0.370    -34.66146
        0.375    -34.95351
        0.380    -35.18938
        0.385    -35.36636
        0.390    -35.48162
        0.395    -35.53262
        0.400    -35.51685
        0.405    -35.43150
        0.410    -35.27429
        0.415    -35.04276
        0.420    -34.73468
        0.425    -34.34803
        0.430    -33.88083
        0.435    -33.33111
        0.440    -32.69744
        0.445    -31.97829
        0.450    -31.17230
        0.455    -30.27876
        0.460    -29.29655
        0.465    -28.22550
        0.470    -27.06518
        0.475    -25.81579
        0.480    -24.47758
        0.485    -23.05128
        0.490    -21.53795
        0.495    -19.93916
        0.500    -18.25667
        0.505    -16.49220
        0.515    -12.72997
        0.525     -8.67777
        0.535     -4.36803
        0.545      0.15974
        0.555      4.85873
        0.565      9.67552
        0.575     14.54979
        0.585     19.41531
        0.595     24.19986
        0.605     28.82684
        0.615     33.21592
        0.625     37.28493
        0.635     40.95057
        0.645     44.13103
        0.655     46.74739
        0.665     48.72620
        0.675     50.00101
        0.685     50.51577
        0.695     50.22615
        0.705     49.10213
        0.715     47.13068
        0.725     44.31705
        0.735     40.68661
        0.745     36.28592
        0.755     31.18410
        0.765     25.47225
        0.775     19.26297
        0.785     12.68968
        0.795      5.90426
        0.805     -0.92593
        0.815     -7.62168
        0.825    -13.99627
        0.835    -19.86063
        0.845    -25.02935
        0.855    -29.32696
        0.865    -32.59418
        0.875    -34.69520
        0.885    -35.52401
        0.895    -35.01036
        0.905    -33.12504
        0.915    -29.88452
        0.925    -25.35358
        0.935    -19.64706
        0.945    -12.92823
        0.955     -5.40774
        0.965      2.66255
        0.975     10.99627
        0.985     19.28140
        0.995     27.19151
        1.005     34.39934
        1.015     40.58955
        1.025     45.47455
        1.035     48.80862
        1.045     50.40243
        1.055     50.13526
        1.065     47.96563
        1.075     43.93842
        1.085     38.18833
        1.095     30.93997
        1.105     22.50120
        1.115     13.25385
        1.125      3.63817
        1.135     -5.86677
        1.145    -14.76607
        1.155    -22.57474
        1.165    -28.84583
        1.175    -33.19779
        1.185    -35.33974
        1.195    -35.09471
        1.205    -32.41645
        1.215    -27.39973
        1.225    -20.28360
        1.235    -11.44453
        1.245     -1.38101
        1.255      9.31170
        1.265     19.97376
        1.275     29.92092
        1.285     38.48858
        1.295     45.07828
        1.305     49.20153
        1.315     50.52044
        1.325     48.87942
        1.335     44.32669
        1.345     37.12116
        1.355     27.72451
        1.365     16.77843
        1.375      5.06359
        1.385     -6.55127
        1.395    -17.17359
        1.405    -25.95571
        1.415    -32.16595
        1.425    -35.25280
        1.435    -34.90006
        1.445    -31.06486
        1.455    -23.99457
        1.465    -14.22024
        1.475     -2.52367
        1.485     10.11846
        1.495     22.61279
        1.505     33.84266
        1.515     42.76835
        1.525     48.52751
        1.535     50.52384
        1.545     48.49678
        1.555     42.56135
        1.565     33.21439
        1.575     21.30263
        1.585      7.95468
        1.595     -5.52089
        1.605    -17.76116
        1.615    -27.48741
        1.625    -33.64312
        1.635    -35.51528
        1.645    -32.82653
        1.655    -25.78398
        1.665    -15.07673
        1.675     -1.82008
        1.685     12.55133
        1.695     26.43449
        1.705     38.23469
        1.715     46.55176
        1.725     50.35285
        1.735     49.11073
        1.745     42.88753
        1.755     32.35145
        1.765     18.71858
        1.775      3.62357
        1.785    -11.06904
        1.795    -23.49345
        1.805    -32.02264
        1.815    -35.48922
        1.825    -33.35691
        1.835    -25.81671
        1.845    -13.78872
        1.855      1.17427
        1.865     17.07656
        1.875     31.73918
        1.885     43.09839
        1.895     49.50203
        1.905     49.96120
        1.915     44.31786
        1.925     33.29779
        1.935     18.43642
        1.945      1.87965
        1.955    -13.91711
        1.965    -26.55082
        1.975    -34.04202
        1.985    -35.15667
        1.995    -29.62598
        2.005    -18.22305
        2.015     -2.67608
        2.025     14.57741
        2.035     30.76270
        2.045     43.21315
        2.055     49.81568
        2.065     49.38420
        2.075     41.89106
        2.085     28.51174
        2.095     11.46196
        2.105     -6.35240
        2.115    -21.82292
        2.125    -32.18269
        2.135    -35.51299
        2.145    -31.11737
        2.155    -19.68879
        2.165     -3.22747
        2.175     15.28850
        2.185     32.42965
        2.195     44.94775
        2.205     50.40185
        2.215     47.65202
        2.225     37.12199
        2.235     20.76556
        2.245      1.72766
        2.255    -16.24401
        2.265    -29.53300
        2.275    -35.39157
        2.285    -32.52942
        2.295    -21.42394
        2.305     -4.27464
        2.315     15.40612
        2.325     33.49668
        2.335     46.12690
        2.345     50.51810
        2.355     45.61776
        2.365     32.38050
        2.375     13.61649
        2.385     -6.57876
        2.395    -23.70421
        2.405    -33.85970
        2.415    -34.65082
        2.425    -25.78366
        2.435     -9.19209
        2.445     11.34960
        2.455     31.06336
        2.465     45.27200
        2.475     50.52003
        2.485     45.44051
        2.495     31.14441
        2.505     11.01787
        2.515    -10.04974
        2.525    -26.83994
        2.535    -35.10371
        2.545    -32.66004
        2.555    -20.00813
        2.565     -0.27139
        2.575     21.53842
        2.585     39.77586
        2.595     49.62510
        2.605     48.39440
        2.615     36.28833
        2.625     16.42965
        2.635     -5.90860
        2.645    -24.68024
        2.655    -34.70512
        2.665    -33.12201
        2.675    -20.24573
        2.685      0.44016
        2.695     23.18454
        2.705     41.54903
        2.715     50.23263
        2.725     46.63085
        2.735     31.65992
        2.745      9.57646
        2.755    -13.19177
        2.765    -29.90126
        2.775    -35.49876
        2.785    -28.18637
        2.795    -10.04587
        2.805     13.50157
        2.815     35.27943
        2.825     48.53641
        2.835     49.05936
        2.845     36.55592
        2.855     14.84198
        2.865     -9.27418
        2.875    -28.10017
        2.885    -35.51851
        2.895    -29.00994
        2.905    -10.56310
        2.915     13.87546
        2.925     36.27694
        2.935     49.15983
        2.945     48.11238
        2.955     33.35372
        2.965      9.76657
        2.975    -14.66774
        2.985    -31.54551
        2.995    -34.94664
        3.005    -23.55724
        3.015     -1.23583
        3.025     24.23444
        3.035     43.82764
        3.045     50.47833
        3.055     41.67199
        3.065     20.45654
        3.075     -5.54569
        3.085    -26.83603
        3.095    -35.50832
        3.105    -28.22402
        3.115     -7.56241
        3.125     18.82245
        3.135     40.99167
        3.145     50.46265
        3.155     43.49130
        3.165     22.61989
        3.175     -4.17715
        3.185    -26.49010
        3.195    -35.51517
        3.205    -27.56847
        3.215     -5.66085
        3.225     21.56672
        3.235     43.20536
        3.245     50.44823
        3.255     40.22255
        3.265     16.56608
        3.275    -10.88908
        3.285    -30.79709
        3.295    -34.79264
        3.305    -21.06532
        3.315      4.74420
        3.325     31.78665
        3.335     48.53300
        3.345     47.71005
        3.355     29.52691
        3.365      1.73347
        3.375    -23.61433
        3.385    -35.36378
        3.395    -28.21370
        3.405     -5.18518
        3.415     23.56407
        3.425     45.16608
        3.435     49.80526
        3.445     35.23776
        3.455      7.96281
        3.465    -19.59269
        3.475    -34.70303
        3.485    -30.24996
        3.495     -8.15807
        3.505     21.33742
        3.515     44.36667
        3.525     49.94648
        3.535     35.27708
        3.545      7.24055
        3.555    -20.73846
        3.565    -35.08504
        3.575    -28.69518
        3.585     -4.54281
        3.595     25.59988
        3.605     46.83773
        3.615     48.52194
        3.625     29.65999
        3.635     -0.40552
        3.645    -26.53916
        3.655    -35.41142
        3.665    -22.35326
        3.675      6.08303
        3.685     35.31258
        3.695     50.15272
        3.705     42.74710
        3.715     16.81997
        3.725    -14.08453
        3.735    -33.60993
        3.745    -31.26293
        3.755     -8.14208
        3.765     23.45019
        3.775     46.47348
        3.785     48.34119
        3.795     27.88050
        3.805     -3.82505
        3.815    -29.34523
        3.825    -34.47027
        3.835    -16.19612
        3.845     15.39775
        3.855     42.60469
        3.865     49.99084
        3.875     33.21590
        3.885      1.70175
        3.895    -26.54793
        3.905    -35.19964
        3.915    -19.09777
        3.925     12.53997
        3.935     41.28563
        3.945     50.19900
        3.955     33.87291
        3.965      1.83871
        3.975    -26.88115
        3.985    -35.03027
        3.995    -17.55679
        4.005     15.12677
