        0.000      6.39758
        0.005      6.38703
        0.010      6.35475
        0.015      6.30096
        0.020      6.22564
        0.025      6.12878
        0.030      6.01062
        0.035      5.87057
        0.040      5.70950
        0.045      5.52647
        0.050      5.32208
        0.055      5.09634
        0.060      4.84917
        0.065      4.58032
        0.070      4.29028
        0.075      3.97886
        0.080      3.64609
        0.085      3.29188
        0.090      2.91639
        0.095      2.51973
        0.100      2.10203
        0.105      1.66338
        0.110      1.20389
        0.115      0.72383
        0.120      0.22310
        0.125     -0.29801
        0.130     -0.83942
        0.135     -1.40084
        0.140     -1.98176
        0.145     -2.58241
        0.150     -3.20206
        0.155     -3.84062
        0.160     -4.49745
        0.165     -5.17241
        0.170     -5.86490
        0.175     -6.57448
        0.180     -7.30059
        0.185     -8.04265
        0.190     -8.80011
        0.195     -9.57208
        0.200    -10.35803
        0.205    -11.15699
        0.210    -11.96822
        0.215    -12.79084
        0.220    -13.62394
        0.225    -14.46620
        0.230    -15.31676
        0.235    -16.17449
        0.240    -17.03803
        0.245    -17.90608
        0.250    -18.77726
        0.255    -19.65028
        0.260    -20.52323
        0.265    -21.39488
        0.270    -22.26348
        0.275    -23.12717
        0.280    -23.98413
        0.285    -24.83255
        0.290    -25.67048
        0.295    -26.49547
        0.300    -27.30607
        0.305    -28.09949
        0.310    -28.87368
        0.315    -29.62622
        0.320    -30.35487
        0.325    -31.05713
        0.330    -31.73034
        0.335    -32.37205
        0.340    -32.97951
        0.345    -33.55011
        0.350    -34.08121
        0.355    -34.57003
        0.360    -35.01377
        0.365    -35.40962
        0.370    -35.75487
        0.375    -36.04681
        0.380    -36.28245
        0.385    -36.45918
        0.390    -36.57446
        0.395    -36.62536
        0.400    -36.60941
        0.405    -36.52399
        0.410    -36.36671
        0.415    -36.13517
        0.420    -35.82713
        0.425    -35.44055
        0.430    -34.97342
        0.435    -34.42382
        0.440    -33.79017
        0.445    -33.07117
        0.450    -32.26535
        0.455    -31.37200
        0.460    -30.38994
        0.465    -29.31911
        0.470    -28.15903
        0.475    -26.90975
        0.480    -25.57176
        0.485    -24.14580
        0.490    -22.63292
        0.495    -21.03444
        0.500    -19.35207
        0.505    -17.58805
        0.515    -13.82645
        0.525     -9.77475
        0.535     -5.46550
        0.545     -0.93830
        0.555      3.76044
        0.565      8.57703
        0.575     13.45119
        0.585     18.31673
        0.595     23.10150
        0.605     27.72874
        0.615     32.11829
        0.625     36.18778
        0.635     39.85392
        0.645     43.03521
        0.655     45.65224
        0.665     47.63142
        0.675     48.90678
        0.685     49.42187
        0.695     49.13222
        0.705     48.00829
        0.715     46.03657
        0.725     43.22249
        0.735     39.59136
        0.745     35.19016
        0.755     30.08749
        0.765     24.37493
        0.775     18.16508
        0.785     11.59127
        0.795      4.80555
        0.805     -2.02481
        0.815     -8.72044
        0.825    -15.09474
        0.835    -20.95846
        0.845    -26.12650
        0.855    -30.42319
        0.865    -33.68970
        0.875    -35.79009
        0.885    -36.61837
        0.895    -36.10434
        0.905    -34.21918
        0.915    -30.97886
        0.925    -26.44840
        0.935    -20.74238
        0.945    -14.02430
        0.955     -6.50450
        0.965      1.56542
        0.975      9.89886
        0.985     18.18385
        0.995     26.09430
        1.005     33.30258
        1.015     39.49339
        1.025     44.37917
        1.035     47.71388
        1.045     49.30804
        1.055     49.04097
        1.065     46.87121
        1.075     42.84343
        1.085     37.09278
        1.095     29.84346
        1.105     21.40389
        1.115     12.15582
        1.125      2.53959
        1.135     -6.96546
        1.145    -15.86417
        1.155    -23.67217
        1.165    -29.94235
        1.175    -34.29336
        1.185    -36.43469
        1.195    -36.18921
        1.205    -33.51077
        1.215    -28.49450
        1.225    -21.37883
        1.235    -12.54053
        1.245     -2.47755
        1.255      8.21470
        1.265     18.87661
        1.275     28.82414
        1.285     37.39248
        1.295     43.98288
        1.305     48.10683
        1.315     49.42606
        1.325     47.78501
        1.335     43.23168
        1.345     36.02516
        1.355     26.62761
        1.365     15.68048
        1.375      3.96508
        1.385     -7.64983
        1.395    -18.27153
        1.405    -27.05280
        1.415    -33.26210
        1.425    -36.34807
        1.435    -35.99478
        1.445    -32.15958
        1.455    -25.08977
        1.465    -15.31597
        1.475     -3.62003
        1.485      9.02184
        1.495     21.51627
        1.505     32.74657
        1.515     41.67305
        1.525     47.43275
        1.535     49.42947
        1.545     47.40218
        1.555     41.46601
        1.565     32.11784
        1.575     20.20503
        1.585      6.85619
        1.595     -6.61959
        1.605    -18.85943
        1.615    -28.58470
        1.625    -34.73925
        1.635    -36.61049
        1.645    -33.92147
        1.655    -26.87904
        1.665    -16.17226
        1.675     -2.91627
        1.685     11.45504
        1.695     25.33845
        1.705     37.13926
        1.715     45.45700
        1.725     49.25851
        1.735     48.01618
        1.745     41.79218
        1.755     31.25476
        1.765     17.62069
        1.775      2.52496
        1.785    -12.16763
        1.795    -24.59125
        1.805    -33.11931
        1.815    -36.58472
        1.825    -34.45200
        1.835    -26.91179
        1.845    -14.88436
        1.855      0.07818
        1.865     15.98039
        1.875     30.64355
        1.885     42.00360
        1.895     48.40784
        1.905     48.86698
        1.915     43.22274
        1.925     32.20122
        1.935     17.33849
        1.945      0.78091
        1.955    -15.01564
        1.965    -27.64838
        1.975    -35.13833
        1.985    -36.25207
        1.995    -30.72116
        2.005    -19.31842
        2.015     -3.77194
        2.025     13.48140
        2.035     29.66720
        2.045     42.11849
        2.055     48.72158
        2.065     48.28969
        2.075     40.79552
        2.085     27.41455
        2.095     10.36342
        2.105     -7.45131
        2.115    -22.92122
        2.125    -33.27968
        2.135    -36.60883
        2.145    -32.21272
        2.155    -20.78433
        2.165     -4.32345
        2.175     14.19257
        2.185     31.33432
        2.195     43.85314
        2.205     49.30762
        2.215     46.55716
        2.225     36.02571
        2.235     19.66742
        2.245      0.62848
        2.255    -17.34297
        2.265    -30.63071
        2.275    -36.48795
        2.285    -33.62511
        2.295    -22.51954
        2.305     -5.37033
        2.315     14.31043
        2.325     32.40166
        2.335     45.03267
        2.345     49.42397
        2.355     44.52275
        2.365     31.28360
        2.375     12.51788
        2.385     -7.67790
        2.395    -24.80257
        2.405    -34.95658
        2.415    -35.74667
        2.425    -26.87909
        2.435    -10.28773
        2.445     10.25401
        2.455     29.96832
        2.465     44.17776
        2.475     49.42603
        2.485     44.34536
        2.495     30.04730
        2.505      9.91911
        2.515    -11.14889
        2.525    -27.93821
        2.535    -36.20039
        2.545    -33.75578
        2.555    -21.10362
        2.565     -1.36696
        2.575     20.44312
        2.585     38.68147
        2.595     48.53117
        2.605     47.29980
        2.615     35.19187
        2.625     15.33116
        2.635     -7.00788
        2.645    -25.77883
        2.655    -35.80211
        2.665    -34.21780
        2.675    -21.34122
        2.685     -0.65535
        2.695     22.08958
        2.705     40.45502
        2.715     49.13893
        2.725     45.53607
        2.735     30.56293
        2.745      8.47752
        2.755    -14.29109
        2.765    -30.99934
        2.775    -36.59527
        2.785    -29.28199
        2.795    -11.14127
        2.805     12.40651
        2.815     34.18519
        2.825     47.44284
        2.835     47.96508
        2.845     35.45960
        2.855     13.74342
        2.865    -10.37361
        2.875    -29.19857
        2.885    -36.61513
        2.895    -30.10556
        2.905    -11.65844
        2.915     12.78056
        2.925     35.18301
        2.935     48.06638
        2.945     47.01798
        2.955     32.25689
        2.965      8.66761
        2.975    -15.76713
        2.985    -32.64355
        2.995    -36.04301
        3.005    -24.65271
        3.015     -2.33095
        3.025     23.14009
        3.035     42.73418
        3.045     49.38475
        3.055     40.57638
        3.065     19.35818
        3.075     -6.64533
        3.085    -27.93490
        3.095    -36.60534
        3.105    -29.31987
        3.115     -8.65774
        3.125     17.72785
        3.135     39.89821
        3.145     49.36917
        3.155     42.39597
        3.165     21.52169
        3.175     -5.27691
        3.185    -27.58913
        3.195    -36.61239
        3.205    -28.66427
        3.215     -6.75605
        3.225     20.47234
        3.235     42.11204
        3.245     49.35469
        3.255     39.12666
        3.265     15.46741
        3.275    -11.98893
        3.285    -31.89571
        3.295    -35.88937
        3.305    -22.16094
        3.315      3.64931
        3.325     30.69274
        3.335     47.43990
        3.345     46.61563
        3.355     28.42945
        3.365      0.63365
        3.375    -24.71386
        3.385    -36.46138
        3.395    -29.30973
        3.405     -6.28029
        3.415     22.46994
        3.425     44.07296
        3.435     48.71145
        3.445     34.14105
        3.455      6.86332
        3.465    -20.69254
        3.475    -35.80116
        3.485    -31.34621
        3.495     -9.25334
        3.505     20.24316
        3.515     43.27355
        3.525     48.85276
        3.535     34.18043
        3.545      6.14086
        3.555    -21.83845
        3.565    -36.18303
        3.575    -29.79134
        3.585     -5.63788
        3.595     24.50600
        3.605     45.74489
        3.615     47.42795
        3.625     28.56256
        3.635     -1.50549
        3.645    -27.63871
        3.655    -36.50882
        3.665    -23.44911
        3.675      4.98842
        3.685     34.21949
        3.695     49.05992
        3.705     41.65182
        3.715     15.72100
        3.725    -15.18487
        3.735    -34.70873
        3.745    -32.35953
        3.755     -9.23720
        3.765     22.35648
        3.775     45.38093
        3.785     47.24720
        3.795     26.78279
        3.805     -4.92532
        3.815    -30.44477
        3.825    -35.56750
        3.835    -17.29157
        3.845     14.30377
        3.855     41.51209
        3.865     48.89755
        3.875     32.11901
        3.885      0.60175
        3.895    -27.64776
        3.905    -36.29703
        3.915    -20.19329
        3.925     11.44604
        3.935     40.19325
        3.945     49.10601
        3.955     32.77615
        3.965      0.73872
        3.975    -27.98108
        3.985    -36.12778
        3.995    -18.65230
        4.005     14.03318
