        0.000      7.49838
        0.005      7.48755
        0.010      7.45537
        0.015      7.40164
        0.020      7.32630
        0.025      7.22984
        0.030      7.11147
        0.035      6.97153
        0.040      6.81013
        0.045      6.62741
        0.050      6.42323
        0.055      6.19730
        0.060      5.94990
        0.065      5.68134
        0.070      5.39125
        0.075      5.07970
        0.080      4.74691
        0.085      4.39304
        0.090      4.01788
        0.095      3.62165
        0.100      3.20430
        0.105      2.76602
        0.110      2.30686
        0.115      1.82727
        0.120      1.32696
        0.125      0.80637
        0.130      0.26557
        0.135     -0.29500
        0.140     -0.87535
        0.145     -1.47499
        0.150     -2.09361
        0.155     -2.73085
        0.160     -3.38648
        0.165     -4.06004
        0.170     -4.75086
        0.175     -5.45894
        0.180     -6.18308
        0.185     -6.92330
        0.190     -7.67851
        0.195     -8.44801
        0.200     -9.23142
        0.205    -10.02758
        0.210    -10.83586
        0.215    -11.65530
        0.220    -12.48471
        0.225    -13.32315
        0.230    -14.16953
        0.235    -15.02288
        0.240    -15.88179
        0.245    -16.74462
        0.250    -17.61036
        0.255    -18.47734
        0.260    -19.34421
        0.265    -20.20916
        0.270    -21.07065
        0.275    -21.92667
        0.280    -22.77540
        0.285    -23.61538
        0.290    -24.44394
        0.295    -25.25941
        0.300    -26.05943
        0.305    -26.84194
        0.310    -27.60458
        0.315    -28.34497
        0.320    -29.06064
        0.325    -29.74911
        0.330    -30.40803
        0.335    -31.03450
        0.340    -31.62597
        0.345    -32.17985
        0.350    -32.69339
        0.355    -33.16370
        0.360    -33.58814
        0.365    -33.96376
        0.370    -34.28793
        0.375    -34.55787
        0.380    -34.77076
        0.385    -34.92365
        0.390    -35.01403
        0.395    -35.03917
        0.400    -34.99665
        0.405    -34.88370
        0.410    -34.69789
        0.415    -34.43689
        0.420    -34.09835
        0.425    -33.68047
        0.430    -33.18106
        0.435    -32.59830
        0.440    -31.93071
        0.445    -31.17689
        0.450    -30.33557
        0.455    -29.40569
        0.460    -28.38649
        0.465    -27.27770
        0.470    -26.07900
        0.475    -24.79045
        0.480    -23.41257
        0.485    -21.94610
        0.490    -20.39214
        0.495    -18.75221
        0.500    -17.02802
        0.505    -15.22223
        0.515    -11.37551
        0.525     -7.23724
        0.535     -2.84134
        0.545      1.77234
        0.555      6.55664
        0.565     11.45757
        0.575     16.41436
        0.585     21.35976
        0.595     26.22156
        0.605     30.92241
        0.615     35.38131
        0.625     39.51532
        0.635     43.24081
        0.645     46.47515
        0.655     49.13921
        0.665     51.15830
        0.675     52.46606
        0.685     53.00546
        0.695     52.73176
        0.705     51.61464
        0.715     49.64039
        0.725     46.81388
        0.735     43.16021
        0.745     38.72577
        0.755     33.57919
        0.765     27.81157
        0.775     21.53555
        0.785     14.88461
        0.795      8.01056
        0.805      1.08118
        0.815     -5.72400
        0.825    -12.21742
        0.835    -18.20960
        0.845    -23.51396
        0.855    -27.95393
        0.865    -31.36897
        0.875    -33.62172
        0.885    -34.60418
        0.895    -34.24400
        0.905    -32.50977
        0.915    -29.41515
        0.925    -25.02235
        0.935    -19.44314
        0.945    -12.83821
        0.955     -5.41504
        0.965      2.57694
        0.975     10.85322
        0.985     19.10388
        0.995     27.00332
        1.005     34.22441
        1.015     40.45140
        1.025     45.39566
        1.035     48.81042
        1.045     50.50448
        1.055     50.35527
        1.065     48.31951
        1.075     44.44022
        1.085     38.85008
        1.095     31.77138
        1.105     23.50954
        1.115     14.44319
        1.125      5.00974
        1.135     -4.31522
        1.145    -13.04041
        1.155    -20.68459
        1.165    -26.80432
        1.175    -31.02122
        1.185    -33.04776
        1.195    -32.70945
        1.205    -29.96232
        1.215    -24.90336
        1.225    -17.77281
        1.235     -8.94835
        1.245      1.07117
        1.255     11.69026
        1.265     22.24989
        1.275     32.06665
        1.285     40.47801
        1.295     46.88768
        1.305     50.81056
        1.315     51.91251
        1.325     50.04346
        1.335     45.25716
        1.345     37.81932
        1.355     28.19951
        1.365     17.04718
        1.375      5.15212
        1.385     -6.60908
        1.395    -17.33631
        1.405    -26.17675
        1.415    -32.39475
        1.425    -35.43853
        1.435    -34.99412
        1.445    -31.02309
        1.455    -23.77938
        1.465    -13.80105
        1.475     -1.87797
        1.485     11.00563
        1.495     23.74840
        1.505     35.22584
        1.515     44.39075
        1.525     50.37319
        1.535     52.57006
        1.545     50.71397
        1.555     44.91396
        1.565     35.66238
        1.575     23.80210
        1.585     10.45904
        1.595     -3.05936
        1.605    -15.39023
        1.615    -25.25342
        1.625    -31.58943
        1.635    -33.68084
        1.645    -31.24403
        1.655    -24.47771
        1.665    -14.06072
        1.675     -1.09636
        1.685     12.99491
        1.695     26.62543
        1.705     38.21630
        1.715     46.38208
        1.725     50.10161
        1.735     48.85467
        1.745     42.70458
        1.755     32.31386
        1.765     18.88818
        1.775      4.04835
        1.785    -10.35668
        1.795    -22.47671
        1.805    -30.69984
        1.815    -33.87253
        1.825    -31.47142
        1.835    -23.69895
        1.845    -11.48551
        1.855      3.60803
        1.865     19.57982
        1.875     34.24679
        1.885     45.54334
        1.895     51.81837
        1.905     52.08667
        1.915     46.19657
        1.925     34.88384
        1.935     19.69689
        1.945      2.79837
        1.955    -13.33649
        1.965    -26.28220
        1.975    -34.03492
        1.985    -35.33748
        1.995    -29.90217
        2.005    -18.49113
        2.015     -2.83241
        2.025     14.62584
        2.035     31.09026
        2.045     43.87010
        2.055     50.82699
        2.065     50.75061
        2.075     43.59182
        2.085     30.50689
        2.095     13.69598
        2.105     -3.94760
        2.115    -19.32500
        2.125    -29.67482
        2.135    -33.08065
        2.145    -28.84393
        2.155    -17.65163
        2.165     -1.49266
        2.175     16.67083
        2.185     33.43077
        2.195     45.56563
        2.205     50.66573
        2.215     47.62502
        2.225     36.89930
        2.235     20.46678
        2.245      1.48385
        2.255    -16.30715
        2.265    -29.31078
        2.275    -34.81056
        2.285    -31.55167
        2.295    -20.04600
        2.305     -2.52424
        2.315     17.47507
        2.325     35.80945
        2.335     48.59307
        2.345     53.03711
        2.355     48.08474
        2.365     34.69197
        2.375     15.67690
        2.385     -4.85026
        2.395    -22.36690
        2.405    -32.94382
        2.415    -34.15071
        2.425    -25.65127
        2.435     -9.33580
        2.445     11.05979
        2.455     30.78069
        2.465     45.15108
        2.475     50.69330
        2.485     46.00144
        2.495     32.14024
        2.505     12.45014
        2.515     -8.21967
        2.525    -24.68334
        2.535    -32.71650
        2.545    -30.15542
        2.555    -17.50835
        2.565      2.09980
        2.575     23.66470
        2.585     41.55714
        2.595     50.98745
        2.605     49.29997
        2.615     36.74529
        2.625     16.49991
        2.635     -6.10866
        2.645    -24.98996
        2.655    -34.94245
        2.665    -33.11498
        2.675    -19.86036
        2.685      1.28263
        2.695     24.50419
        2.705     43.31206
        2.715     52.36119
        2.725     49.01469
        2.735     34.16693
        2.745     12.06445
        2.755    -10.86447
        2.765    -27.86444
        2.775    -33.85908
        2.785    -27.01433
        2.795     -9.36324
        2.805     13.73349
        2.815     35.16585
        2.825     48.24277
        2.835     48.78808
        2.845     36.50816
        2.855     15.17913
        2.865     -8.45494
        2.875    -26.77249
        2.885    -33.72141
        2.895    -26.83518
        2.905     -8.14058
        2.915     16.39207
        2.925     38.72464
        2.935     51.38025
        2.945     49.96741
        2.955     34.74084
        2.965     10.63552
        2.975    -14.29949
        2.985    -31.58284
        2.995    -35.21920
        3.005    -23.84355
        3.015     -1.30807
        3.025     24.56224
        3.035     44.66629
        3.045     51.85400
        3.055     43.53377
        3.065     22.69308
        3.075     -3.08717
        3.085    -24.33118
        3.095    -33.13808
        3.105    -26.15659
        3.115     -5.93485
        3.125     19.92358
        3.135     41.55021
        3.145     50.54942
        3.155     43.26818
        3.165     22.31932
        3.175     -4.30048
        3.185    -26.21949
        3.195    -34.71592
        3.205    -26.20369
        3.215     -3.78425
        3.225     23.83034
        3.235     45.68313
        3.245     52.94200
        3.255     42.53215
        3.265     18.51200
        3.275     -9.44275
        3.285    -29.91878
        3.295    -34.46132
        3.305    -21.15639
        3.315      4.45165
        3.325     31.56726
        3.335     48.64696
        3.345     48.33926
        3.355     30.74421
        3.365      3.50415
        3.375    -21.41155
        3.385    -32.91002
        3.395    -25.72179
        3.405     -2.87328
        3.415     25.49925
        3.425     46.57707
        3.435     50.62222
        3.445     35.49530
        3.455      7.81463
        3.465    -19.88964
        3.475    -34.84734
        3.485    -29.97773
        3.495     -7.30836
        3.505     22.79897
        3.515     46.35939
        3.525     52.30305
        3.535     37.77751
        3.545      9.64592
        3.555    -18.65361
        3.565    -33.50087
        3.575    -27.71506
        3.585     -4.16120
        3.595     25.51867
        3.605     46.55148
        3.615     48.35183
        3.625     29.89727
        3.635      0.42139
        3.645    -25.08005
        3.655    -33.40561
        3.665    -19.98216
        3.675      8.58076
        3.685     37.67939
        3.695     52.14952
        3.705     44.19197
        3.715     17.62703
        3.725    -13.87006
        3.735    -33.79573
        3.745    -31.53755
        3.755     -8.16160
        3.765     23.95481
        3.775     47.62784
        3.785     50.11663
        3.795     30.12258
        3.805     -1.35223
        3.815    -26.91388
        3.825    -32.34509
        3.835    -14.59252
        3.845     16.35735
        3.855     42.93246
        3.865     49.85973
        3.875     32.94002
        3.885      1.64787
        3.895    -26.08169
        3.905    -34.06728
        3.915    -17.32285
        3.925     14.79425
        3.935     43.76517
        3.945     52.61015
        3.955     35.93416
        3.965      3.33143
        3.975    -26.06304
        3.985    -34.83596
        3.995    -17.75935
        4.005     14.88869
