        0.000      6.39758
        0.005      6.38703
        0.010      6.35485
        0.015      6.30115
        0.020      6.22566
        0.025      6.12898
        0.030      6.01069
        0.035      5.87082
        0.040      5.70953
        0.045      5.52648
        0.050      5.32216
        0.055      5.09635
        0.060      4.84934
        0.065      4.58052
        0.070      4.29061
        0.075      3.97927
        0.080      3.64628
        0.085      3.29221
        0.090      2.91695
        0.095      2.52070
        0.100      2.10330
        0.105      1.66496
        0.110      1.20578
        0.115      0.72593
        0.120      0.22554
        0.125     -0.29512
        0.130     -0.83620
        0.135     -1.39702
        0.140     -1.97749
        0.145     -2.57737
        0.150     -3.19638
        0.155     -3.83418
        0.160     -4.49017
        0.165     -5.16409
        0.170     -5.85554
        0.175     -6.56401
        0.180     -7.28884
        0.185     -8.02958
        0.190     -8.78536
        0.195     -9.55570
        0.200    -10.33999
        0.205    -11.13717
        0.210    -11.94642
        0.215    -12.76680
        0.220    -13.59759
        0.225    -14.43746
        0.230    -15.28539
        0.235    -16.14033
        0.240    -17.00087
        0.245    -17.86578
        0.250    -18.73355
        0.255    -19.60285
        0.260    -20.47223
        0.265    -21.33991
        0.270    -22.20419
        0.275    -23.06348
        0.280    -23.91582
        0.285    -24.75933
        0.290    -25.59202
        0.295    -26.41177
        0.300    -27.21640
        0.305    -28.00394
        0.310    -28.77188
        0.315    -29.51808
        0.320    -30.23986
        0.325    -30.93491
        0.330    -31.60071
        0.335    -32.23460
        0.340    -32.83401
        0.345    -33.39629
        0.350    -33.91861
        0.355    -34.39846
        0.360    -34.83281
        0.365    -35.21892
        0.370    -35.55417
        0.375    -35.83568
        0.380    -36.06069
        0.385    -36.22637
        0.390    -36.33015
        0.395    -36.36922
        0.400    -36.34121
        0.405    -36.24333
        0.410    -36.07322
        0.415    -35.82845
        0.420    -35.50698
        0.425    -35.10652
        0.430    -34.62516
        0.435    -34.06109
        0.440    -33.41273
        0.445    -32.67856
        0.450    -31.85737
        0.455    -30.94819
        0.460    -29.95010
        0.465    -28.86290
        0.470    -27.68614
        0.475    -26.42007
        0.480    -25.06493
        0.485    -23.62168
        0.490    -22.09109
        0.495    -20.47483
        0.500    -18.77474
        0.505    -16.99243
        0.515    -13.19455
        0.525     -9.10591
        0.535     -4.75935
        0.545     -0.19483
        0.555      4.54076
        0.565      9.39397
        0.575     14.30408
        0.585     19.20454
        0.595     24.02300
        0.605     28.68265
        0.615     33.10281
        0.625     37.20102
        0.635     40.89363
        0.645     44.09864
        0.655     46.73664
        0.665     48.73397
        0.675     50.02394
        0.685     50.54988
        0.695     50.26759
        0.705     49.14687
        0.715     47.17409
        0.725     44.35472
        0.735     40.71363
        0.745     36.29766
        0.755     31.17553
        0.765     25.43869
        0.775     19.19971
        0.785     12.59222
        0.795      5.76795
        0.805     -1.10533
        0.815     -7.84804
        0.825    -14.27329
        0.835    -20.19186
        0.845    -25.41766
        0.855    -29.77479
        0.865    -33.10343
        0.875    -35.26738
        0.885    -36.15976
        0.895    -35.70953
        0.905    -33.88662
        0.915    -30.70658
        0.925    -26.23310
        0.935    -20.57972
        0.945    -13.90909
        0.955     -6.43022
        0.965      1.60560
        0.975      9.91300
        0.985     18.18081
        0.995     26.08326
        1.005     33.29315
        1.015     39.49569
        1.025     44.40267
        1.035     47.76845
        1.045     49.40292
        1.055     49.18474
        1.065     47.07152
        1.075     43.10730
        1.085     37.42575
        1.095     30.25035
        1.105     21.88781
        1.115     12.71859
        1.125      3.18166
        1.135     -6.24516
        1.145    -15.06847
        1.155    -22.80513
        1.165    -29.00965
        1.175    -33.30201
        1.185    -35.39311
        1.195    -35.10705
        1.205    -32.39865
        1.215    -27.36396
        1.225    -20.24227
        1.235    -11.41053
        1.245     -1.36700
        1.255      9.29289
        1.265     19.90982
        1.275     29.80027
        1.285     38.30061
        1.295     44.81322
        1.305     48.85120
        1.315     50.07817
        1.325     48.34110
        1.335     43.69030
        1.345     36.38773
        1.355     26.89844
        1.365     15.86715
        1.375      4.07806
        1.385     -7.59703
        1.395    -18.26314
        1.405    -27.07081
        1.415    -33.28701
        1.425    -36.35990
        1.435    -35.97364
        1.445    -32.08642
        1.455    -24.94752
        1.465    -15.09005
        1.475     -3.29879
        1.485      9.44641
        1.495     22.04882
        1.505     33.38780
        1.515     42.41973
        1.525     48.27845
        1.535     50.36428
        1.545     48.41307
        1.555     42.53727
        1.565     33.23162
        1.575     21.34174
        1.585      7.99515
        1.595     -5.49968
        1.605    -17.77969
        1.615    -27.56540
        1.625    -33.79902
        1.635    -35.76556
        1.645    -33.18498
        1.655    -26.26005
        1.665    -15.67531
        1.675     -2.54071
        1.685     11.71554
        1.695     25.49599
        1.705     37.21149
        1.715     45.46682
        1.725     49.23263
        1.735     47.98423
        1.745     41.78431
        1.755     31.30044
        1.765     17.74632
        1.775      2.75296
        1.785    -11.82067
        1.795    -24.11513
        1.805    -32.51054
        1.815    -35.84659
        1.825    -33.59383
        1.835    -25.94911
        1.845    -13.83746
        1.855      1.18485
        1.865     17.11942
        1.875     31.78564
        1.885     43.11860
        1.895     49.46658
        1.905     49.84249
        1.915     44.09125
        1.925     32.94419
        1.935     17.94326
        1.945      1.24267
        1.955    -14.69367
        1.965    -27.45393
        1.975    -35.05018
        1.985    -36.24108
        1.995    -30.75179
        2.005    -19.35124
        2.015     -3.76650
        2.025     13.56294
        2.035     29.85738
        2.045     42.44169
        2.055     49.19262
        2.065     48.91332
        2.075     41.56618
        2.085     28.31743
        2.095     11.37540
        2.105     -6.36010
        2.115    -21.78550
        2.125    -32.13698
        2.135    -35.49763
        2.145    -31.17010
        2.155    -19.84388
        2.165     -3.51302
        2.175     14.85303
        2.185     31.83467
        2.195     44.19518
        2.205     49.50520
        2.215     46.63682
        2.225     36.02490
        2.235     19.63184
        2.245      0.60803
        2.255    -17.29898
        2.265    -30.47869
        2.275    -36.19419
        2.285    -33.16849
        2.295    -21.89305
        2.305     -4.58114
        2.315     15.24242
        2.325     33.44546
        2.335     46.14898
        2.345     50.56819
        2.355     45.64788
        2.365     32.34355
        2.375     13.47055
        2.385     -6.86700
        2.395    -24.15726
        2.405    -34.48728
        2.415    -35.44824
        2.425    -26.73011
        2.435    -10.25095
        2.445     10.22872
        2.455     29.93914
        2.465     44.20415
        2.475     49.56187
        2.485     44.63256
        2.495     30.51167
        2.505     10.56793
        2.515    -10.32637
        2.525    -26.96875
        2.535    -35.12417
        2.545    -32.62212
        2.555    -19.96697
        2.565     -0.28254
        2.575     21.42402
        2.585     39.51574
        2.595     49.18895
        2.605     47.76785
        2.615     35.47634
        2.625     15.45935
        2.635     -6.98973
        2.645    -25.80935
        2.655    -35.81252
        2.665    -34.14104
        2.675    -21.12097
        2.685     -0.25348
        2.695     22.68900
        2.705     41.24516
        2.715     50.09201
        2.725     46.60732
        2.735     31.69555
        2.745      9.60846
        2.755    -13.22503
        2.765    -30.05552
        2.775    -35.81893
        2.785    -28.70128
        2.795    -10.76213
        2.805     12.60282
        2.815     34.24190
        2.825     47.42397
        2.835     47.94695
        2.845     35.51948
        2.855     13.94749
        2.865     -9.97955
        2.875    -28.59522
        2.885    -35.81066
        2.895    -29.13315
        2.905    -10.57104
        2.915     13.91663
        2.925     36.29580
        2.935     49.08609
        2.945     47.88478
        2.955     32.92852
        2.965      9.12561
        2.975    -15.51244
        2.985    -32.55223
        2.995    -36.04868
        3.005    -24.67209
        3.015     -2.27723
        3.025     23.34236
        3.035     43.13662
        3.045     50.00768
        3.055     41.40788
        3.065     20.35743
        3.075     -5.54136
        3.085    -26.80244
        3.095    -35.52434
        3.105    -28.36416
        3.115     -7.88575
        3.125     18.28181
        3.135     40.23093
        3.145     49.51240
        3.155     42.41382
        3.165     21.50197
        3.175     -5.23826
        3.185    -27.40580
        3.195    -36.22380
        3.205    -28.04532
        3.215     -5.91913
        3.225     21.48152
        3.235     43.22253
        3.245     50.48117
        3.255     40.18151
        3.265     16.37234
        3.275    -11.29089
        3.285    -31.43079
        3.295    -35.64552
        3.305    -22.08665
        3.315      3.63878
        3.325     30.70046
        3.335     47.56638
        3.345     46.93824
        3.355     28.98798
        3.365      1.42507
        3.375    -23.73230
        3.385    -35.36301
        3.395    -28.18565
        3.405     -5.22603
        3.415     23.36918
        3.425     44.75567
        3.435     49.15192
        3.445     34.35693
        3.455      6.91677
        3.465    -20.70419
        3.475    -35.76487
        3.485    -31.15856
        3.495     -8.84259
        3.505     20.90277
        3.515     44.15984
        3.525     49.90252
        3.535     35.30235
        3.545      7.23178
        3.555    -20.87701
        3.565    -35.42805
        3.575    -29.28364
        3.585     -5.37138
        3.595     24.58764
        3.605     45.74014
        3.615     47.45692
        3.625     28.73884
        3.635     -1.10235
        3.645    -26.97911
        3.655    -35.61658
        3.665    -22.39324
        3.675      6.10862
        3.685     35.29279
        3.695     49.98320
        3.705     42.34914
        3.715     16.15977
        3.725    -14.98293
        3.735    -34.66724
        3.745    -32.36161
        3.755     -9.15334
        3.765     22.63486
        3.775     45.91504
        3.785     48.03914
        3.795     27.77897
        3.805     -3.82007
        3.815    -29.34677
        3.825    -34.59177
        3.835    -16.52964
        3.845     14.80358
        3.855     41.75903
        3.865     48.96179
        3.875     32.11932
        3.885      0.67537
        3.895    -27.38204
        3.905    -35.77048
        3.915    -19.40149
        3.925     12.44619
        3.935     41.29952
        3.945     50.19391
        3.955     33.72487
        3.965      1.45589
        3.975    -27.53656
        3.985    -35.93201
        3.995    -18.61583
        4.005     14.04539
