        0.000      7.49838
        0.005      7.46604
        0.010      7.36934
        0.015      7.20787
        0.020      6.98206
        0.025      6.69201
        0.030      6.33691
        0.035      5.91756
        0.040      5.43379
        0.045      4.88597
        0.050      4.27445
        0.055      3.59912
        0.060      2.86052
        0.065      2.05902
        0.070      1.19595
        0.075      0.27198
        0.080     -0.71252
        0.085     -1.75509
        0.090     -2.85488
        0.095     -4.00966
        0.100     -5.21725
        0.105     -6.47504
        0.110     -7.78015
        0.115     -9.12871
        0.120    -10.51681
        0.125    -11.94020
        0.130    -13.39389
        0.135    -14.87213
        0.140    -16.36874
        0.145    -17.87693
        0.150    -19.38917
        0.155    -20.89699
        0.160    -22.39213
        0.165    -23.86467
        0.170    -25.30433
        0.175    -26.70043
        0.180    -28.04127
        0.185    -29.31458
        0.190    -30.50796
        0.195    -31.60806
        0.200    -32.60107
        0.205    -33.47296
        0.210    -34.20947
        0.215    -34.79622
        0.220    -35.21860
        0.225    -35.46244
        0.230    -35.51383
        0.235    -35.35939
        0.240    -34.98608
        0.245    -34.38237
        0.250    -33.53762
        0.255    -32.44256
        0.260    -31.08985
        0.265    -29.47376
        0.270    -27.59084
        0.275    -25.44022
        0.280    -23.02401
        0.285    -20.34679
        0.290    -17.41675
        0.295    -14.24543
        0.300    -10.84803
        0.305     -7.24346
        0.310     -3.45465
        0.315      0.49164
        0.320      4.56435
        0.325      8.72881
        0.330     12.94666
        0.335     17.17561
        0.340     21.37040
        0.345     25.48289
        0.350     29.46211
        0.355     33.25579
        0.360     36.81029
        0.365     40.07182
        0.370     42.98650
        0.375     45.50252
        0.380     47.57001
        0.385     49.14302
        0.390     50.17978
        0.395     50.64471
        0.400     50.50854
        0.405     49.75079
        0.410     48.35925
        0.415     46.33232
        0.420     43.67901
        0.425     40.42016
        0.430     36.58856
        0.435     32.22981
        0.440     27.40146
        0.445     22.17406
        0.450     16.62950
        0.455     10.86072
        0.460      4.97039
        0.465     -0.93045
        0.470     -6.72490
        0.475    -12.29148
        0.480    -17.50730
        0.485    -22.25063
        0.490    -26.40417
        0.495    -29.85787
        0.500    -32.51245
        0.505    -34.28490
        0.515    -34.91764
        0.525    -31.46962
        0.535    -24.04632
        0.545    -13.19096
        0.555      0.11977
        0.565     14.53527
        0.575     28.44957
        0.585     40.17269
        0.595     48.14214
        0.605     51.15007
        0.615     48.55317
        0.625     40.43280
        0.635     27.66793
        0.645     11.89410
        0.655     -4.66523
        0.665    -19.48910
        0.675    -30.14116
        0.685    -34.69115
        0.695    -32.10438
        0.705    -22.51986
        0.715     -7.34745
        0.725     10.86922
        0.735     28.82904
        0.745     43.05141
        0.755     50.56457
        0.765     49.57250
        0.775     39.94773
        0.785     23.41526
        0.795      3.33721
        0.805    -15.90796
        0.815    -29.86052
        0.825    -35.04245
        0.835    -29.89713
        0.845    -15.34506
        0.855      5.24163
        0.865     26.72098
        0.875     43.41574
        0.885     50.62658
        0.895     46.02889
        0.905     30.52685
        0.915      8.24282
        0.925    -14.46251
        0.935    -30.75732
        0.945    -35.42882
        0.955    -26.65920
        0.965     -6.86716
        0.975     17.78258
        0.985     39.18680
        0.995     49.94894
        1.005     46.01963
        1.015     28.37492
        1.025      3.00844
        1.035    -20.94609
        1.045    -34.45039
        1.055    -32.04351
        1.065    -14.21768
        1.075     12.38851
        1.085     37.28666
        1.095     50.22316
        1.105     45.50298
        1.115     24.70733
        1.125     -3.54193
        1.135    -26.96401
        1.145    -34.92014
        1.155    -23.38105
        1.165      2.80466
        1.175     31.67896
        1.185     49.50571
        1.195     47.37083
        1.205     25.87963
        1.215     -4.61100
        1.225    -28.74459
        1.235    -33.86922
        1.245    -16.86681
        1.255     13.65441
        1.265     41.41250
        1.275     51.03592
        1.285     36.72741
        1.295      6.06422
        1.305    -23.67835
        1.315    -35.14278
        1.325    -21.19818
        1.335     10.24357
        1.345     40.31233
        1.355     50.33620
        1.365     33.58651
        1.375      0.14860
        1.385    -28.77620
        1.395    -34.21916
        1.405    -12.14100
        1.415     23.14633
        1.425     47.88203
        1.435     44.82806
        1.445     15.62763
        1.455    -19.50178
        1.465    -35.44278
        1.475    -20.22538
        1.485     15.57031
        1.495     45.71163
        1.505     47.43732
        1.515     19.00159
        1.525    -18.07618
        1.535    -34.87761
        1.545    -17.70218
        1.555     20.29729
        1.565     48.68029
        1.575     44.01999
        1.585      9.65918
        1.595    -26.01750
        1.605    -32.72544
        1.615     -4.27061
        1.625     35.10552
        1.635     50.87944
        1.645     28.58512
        1.655    -12.38919
        1.665    -35.14880
        1.675    -18.58010
        1.685     22.40956
        1.695     49.57381
        1.705     36.83343
        1.715     -4.21563
        1.725    -34.18463
        1.735    -23.53943
        1.745     17.74747
        1.755     48.78492
        1.765     38.07745
        1.775     -3.93285
        1.785    -34.19861
        1.795    -20.88170
        1.805     22.67777
        1.815     50.62831
        1.825     32.82824
        1.835    -11.89623
        1.845    -34.77408
        1.855    -10.12726
        1.865     35.14594
        1.875     50.23542
        1.885     17.56774
        1.895    -25.91143
        1.905    -29.91470
        1.915     10.64372
        1.925     48.21568
        1.935     37.78661
        1.945     -8.78778
        1.955    -35.45090
        1.965     -9.39445
        1.975     37.61280
        1.985     47.00197
        1.995      6.44868
        2.005    -33.08816
        2.015    -20.88143
        2.025     27.90095
        2.035     50.09673
        2.045     16.33014
        2.055    -29.03620
        2.065    -25.23326
        2.075     23.29191
        2.085     51.10997
        2.095     19.96535
        2.105    -27.52831
        2.115    -25.17984
        2.125     24.25278
        2.135     51.12517
        2.145     16.74427
        2.155    -30.03401
        2.165    -21.50237
        2.175     30.21407
        2.185     49.01207
        2.195      6.42253
        2.205    -34.48107
        2.215    -12.06185
        2.225     39.99925
        2.235     42.03145
        2.245     -9.58646
        2.255    -34.91936
        2.265      6.10898
        2.275     49.38015
        2.285     26.20439
        2.295    -26.60011
        2.305    -23.73895
        2.315     30.81597
        2.325     48.24950
        2.335     -0.38722
        2.345    -34.67073
        2.355      2.95885
        2.365     49.57380
        2.375     25.97106
        2.385    -28.20380
        2.395    -20.10885
        2.405     36.45605
        2.415     42.85455
        2.425    -12.78290
        2.435    -32.67484
        2.445     18.73234
        2.455     49.69641
        2.465      4.18507
        2.475    -35.54997
        2.485      3.39260
        2.495     50.10755
        2.505     18.36375
        2.515    -32.89743
        2.525     -7.33183
        2.535     47.51067
        2.545     27.74041
        2.555    -29.24268
        2.565    -14.01823
        2.575     44.29136
        2.585     32.15471
        2.595    -27.33021
        2.605    -17.42166
        2.615     42.32763
        2.625     32.63647
        2.635    -27.69433
        2.645    -17.23848
        2.655     43.10868
        2.665     30.32395
        2.675    -29.55619
        2.685    -12.69460
        2.695     46.58049
        2.705     24.83731
        2.715    -32.28609
        2.725     -3.82651
        2.735     50.30456
        2.745     14.50277
        2.755    -34.67904
        2.765      8.97025
        2.775     50.70885
        2.785     -1.09675
        2.795    -33.32662
        2.805     25.01381
        2.815     44.32093
        2.825    -18.97899
        2.835    -23.15092
        2.845     41.52177
        2.855     28.66378
        2.865    -32.42831
        2.875     -1.42638
        2.885     50.96942
        2.895      3.78461
        2.905    -33.14614
        2.915     26.90338
        2.925     43.08112
        2.935    -23.11256
        2.945    -14.87460
        2.955     48.07375
        2.965     14.44259
        2.975    -35.43785
        2.985     18.86173
        2.995     45.15832
        3.005    -21.16049
        3.015    -17.36149
        3.025     47.57533
        3.035     13.01602
        3.045    -34.76344
        3.055     24.34266
        3.065     42.35555
        3.075    -26.03655
        3.085     -7.19964
        3.095     51.10023
        3.105     -0.54827
        3.115    -29.80173
        3.125     38.60868
        3.135     26.81021
        3.145    -35.10493
        3.155     14.52243
        3.165     45.14942
        3.175    -24.23775
        3.185     -9.60075
        3.195     50.58020
        3.205     -4.16110
        3.215    -26.44657
        3.225     44.40500
        3.235     16.98746
        3.245    -34.07679
        3.255     30.67033
        3.265     33.65166
        3.275    -33.81195
        3.285     14.19202
        3.295     44.03980
        3.305    -27.97530
        3.315     -0.89313
        3.325     49.18123
        3.335    -18.83291
        3.345    -12.26758
        3.355     50.78339
        3.365     -8.86529
        3.375    -20.02105
        3.385     49.85954
        3.395     -0.42991
        3.405    -25.36679
        3.415     47.31396
        3.425      5.33330
        3.435    -29.06399
        3.445     44.54610
        3.455      8.70014
        3.465    -30.98077
        3.475     43.15809
        3.485     10.44630
        3.495    -30.94839
        3.505     43.70033
        3.515     10.35270
        3.525    -29.70418
        3.535     45.30496
        3.545      7.47050
        3.555    -27.86831
        3.565     47.07402
        3.575      1.58366
        3.585    -24.78931
        3.595     48.82706
        3.605     -6.32741
        3.615    -18.80272
        3.625     50.40588
        3.635    -14.97730
        3.645     -8.93143
        3.655     50.10489
        3.665    -23.81061
        3.675      4.11177
        3.685     45.14177
        3.695    -31.68449
        3.705     18.99862
        3.715     33.83978
        3.725    -35.53266
        3.735     34.15107
        3.745     16.83264
        3.755    -31.22663
        3.765     46.63894
        3.775     -3.30088
        3.785    -16.68935
        3.795     51.02063
        3.805    -22.53912
        3.815      5.88896
        3.825     41.97894
        3.835    -34.34815
        3.845     30.38007
        3.855     19.23333
        3.865    -31.01239
        3.875     47.66411
        3.885     -9.61995
        3.895     -9.24007
        3.905     47.90108
        3.915    -31.09074
        3.925     23.09262
        3.935     26.22195
        3.945    -31.91386
        3.955     47.58808
        3.965     -8.68903
        3.975     -7.58418
        3.985     46.07985
        3.995    -33.83450
        4.005     29.26161
