        0.000      7.49838
        0.005      7.33700
        0.010      6.85302
        0.015      6.04627
        0.020      4.91670
        0.025      3.46503
        0.030      1.69036
        0.035     -0.40621
        0.040     -2.82467
        0.045     -5.56378
        0.050     -8.62263
        0.055    -11.99975
        0.060    -15.69306
        0.065    -19.69989
        0.070    -24.01611
        0.075    -28.63780
        0.080    -33.55922
        0.085    -38.77399
        0.090    -44.27383
        0.095    -50.04948
        0.100    -56.08877
        0.105    -62.37953
        0.110    -68.90625
        0.115    -75.65119
        0.120    -82.59513
        0.125    -89.71526
        0.130    -96.98669
        0.135   -104.38116
        0.140   -111.86800
        0.145   -119.41274
        0.150   -126.97788
        0.155   -134.52258
        0.160   -142.00293
        0.165   -149.37056
        0.170   -156.57498
        0.175   -163.56142
        0.180   -170.27179
        0.185   -176.64578
        0.190   -182.61943
        0.195   -188.12668
        0.200   -193.09874
        0.205   -197.46541
        0.210   -201.15515
        0.215   -204.09583
        0.220   -206.21512
        0.225   -207.44151
        0.230   -207.70518
        0.235   -206.93895
        0.240   -205.07932
        0.245   -202.06700
        0.250   -197.84924
        0.255   -192.37988
        0.260   -185.62140
        0.265   -177.54588
        0.270   -168.13675
        0.275   -157.38951
        0.280   -145.31345
        0.285   -131.93314
        0.290   -117.28897
        0.295   -101.43882
        0.300    -84.45885
        0.305    -66.44398
        0.310    -47.50907
        0.315    -27.78857
        0.320     -7.43666
        0.325     13.37280
        0.330     34.44683
        0.335     55.57471
        0.340     76.52972
        0.345     97.07086
        0.350    116.94479
        0.355    135.88918
        0.360    153.63609
        0.365    169.91580
        0.370    184.46089
        0.375    197.01129
        0.380    207.31859
        0.385    215.15244
        0.390    220.30522
        0.395    222.59819
        0.400    221.88660
        0.405    218.06636
        0.410    211.07814
        0.415    200.91287
        0.420    187.61621
        0.425    171.29166
        0.430    152.10330
        0.435    130.27789
        0.440    106.10442
        0.445     79.93362
        0.450     52.17508
        0.455     23.29338
        0.460     -6.19834
        0.465    -35.74628
        0.470    -64.76363
        0.475    -92.64420
        0.480   -118.77353
        0.485   -142.54277
        0.490   -163.36438
        0.495   -180.68791
        0.500   -194.01614
        0.505   -202.92743
        0.515   -206.19983
        0.525   -189.06456
        0.535   -152.04811
        0.545    -97.86878
        0.555    -31.41434
        0.565     40.55876
        0.575    110.01841
        0.585    168.51794
        0.595    208.25116
        0.605    223.18393
        0.615    210.10561
        0.625    169.42390
        0.635    105.53044
        0.645     26.59754
        0.655    -56.26225
        0.665   -130.44412
        0.675   -183.76053
        0.685   -206.55193
        0.695   -193.63690
        0.705   -145.71127
        0.715    -69.82772
        0.725     21.28693
        0.735    111.12141
        0.745    182.27580
        0.755    219.90073
        0.765    215.02417
        0.775    167.01129
        0.785     84.48012
        0.795    -15.77026
        0.805   -111.85419
        0.815   -181.47009
        0.825   -207.21735
        0.835   -181.30502
        0.845   -108.34066
        0.855     -5.19778
        0.865    102.40055
        0.875    186.06465
        0.885    222.30911
        0.895    199.51985
        0.905    122.21329
        0.915     10.98463
        0.925   -102.37894
        0.935   -183.71895
        0.945   -206.95688
        0.955   -162.99654
        0.965    -63.94046
        0.975     59.36806
        0.985    166.40331
        0.995    220.19591
        1.005    200.51645
        1.015    112.24554
        1.025    -14.66675
        1.035   -134.56390
        1.045   -202.24229
        1.055   -190.37383
        1.065   -101.41467
        1.075     31.42442
        1.085    155.68999
        1.095    220.13004
        1.105    196.29434
        1.115     92.09097
        1.125    -49.39051
        1.135   -166.75063
        1.145   -206.77151
        1.155   -149.28455
        1.165    -18.54090
        1.175    125.65060
        1.185    214.61795
        1.195    203.82309
        1.205     96.29695
        1.215    -56.19815
        1.225   -176.88599
        1.235   -202.48123
        1.245   -117.37787
        1.255     35.36150
        1.265    174.30533
        1.275    222.61397
        1.285    151.32011
        1.295     -1.71329
        1.305   -150.14122
        1.315   -207.16460
        1.325   -137.11201
        1.335     20.42965
        1.345    171.07266
        1.355    221.46805
        1.365    137.98830
        1.375    -28.97246
        1.385   -173.44183
        1.395   -200.55376
        1.405    -90.09804
        1.415     86.33086
        1.425    209.91502
        1.435    194.50516
        1.445     48.32347
        1.455   -127.57383
        1.465   -207.58049
        1.475   -131.80156
        1.485     46.84954
        1.495    197.19283
        1.505    205.46930
        1.515     62.97254
        1.525   -122.73073
        1.535   -207.02951
        1.545   -121.37459
        1.555     68.45028
        1.565    210.22951
        1.575    186.87445
        1.585     15.10074
        1.595   -163.20596
        1.605   -196.59544
        1.615    -54.07841
        1.625    143.08630
        1.635    222.28101
        1.645    111.20280
        1.655    -93.26070
        1.665   -206.66206
        1.675   -123.40492
        1.685     81.92457
        1.695    218.05161
        1.705    154.61263
        1.715    -50.44883
        1.725   -200.23172
        1.735   -147.02007
        1.745     59.30618
        1.755    214.26297
        1.765    160.43582
        1.775    -49.96638
        1.785   -201.72148
        1.795   -135.56491
        1.805     81.80113
        1.815    221.11292
        1.825    131.73508
        1.835    -92.21527
        1.845   -206.88142
        1.855    -83.80953
        1.865    142.47243
        1.875    217.92616
        1.885     54.72423
        1.895   -162.46019
        1.905   -182.17133
        1.915     21.02481
        1.925    209.31587
        1.935    157.65782
        1.945    -74.71600
        1.955   -207.57936
        1.965    -76.86597
        1.975    158.49919
        1.985    205.66167
        1.995      3.01091
        2.005   -194.72527
        2.015   -133.85501
        2.025    109.77011
        2.035    220.33865
        2.045     51.05363
        2.055   -176.29851
        2.065   -157.80038
        2.075     84.34446
        2.085    222.98337
        2.095     66.92453
        2.105   -170.79874
        2.115   -159.17969
        2.125     88.00137
        2.135    222.48866
        2.145     50.86845
        2.155   -182.65251
        2.165   -139.51730
        2.175    119.60439
        2.185    214.13948
        2.195      1.74836
        2.205   -202.30745
        2.215    -89.82225
        2.225    170.71558
        2.235    180.94919
        2.245    -77.22722
        2.255   -204.16812
        2.265      0.58923
        2.275    216.41995
        2.285     99.98260
        2.295   -164.63110
        2.305   -150.87529
        2.315    121.43063
        2.325    208.22458
        2.335    -35.16726
        2.345   -206.66510
        2.355    -18.39994
        2.365    214.92076
        2.375     97.32233
        2.385   -173.04166
        2.395   -131.97008
        2.405    151.47279
        2.415    184.04593
        2.425    -93.63657
        2.435   -192.75273
        2.445     64.47089
        2.455    219.24367
        2.465     -8.53224
        2.475   -207.63754
        2.485    -13.45581
        2.495    219.47697
        2.505     60.13085
        2.515   -196.78249
        2.525    -69.43411
        2.535    204.42146
        2.545    105.41112
        2.555   -179.48688
        2.565   -103.13727
        2.575    188.80191
        2.585    128.66504
        2.595   -168.12788
        2.605   -117.90971
        2.615    181.46426
        2.625    133.53461
        2.635   -167.77771
        2.645   -115.36748
        2.655    186.24744
        2.665    121.98610
        2.675   -177.95203
        2.685    -94.28566
        2.695    201.38560
        2.705     92.01937
        2.715   -194.16199
        2.725    -52.23956
        2.735    218.21895
        2.745     39.26521
        2.755   -206.39442
        2.765     12.33224
        2.775    221.62642
        2.785    -36.68399
        2.795   -197.13730
        2.805     95.20388
        2.815    192.18803
        2.825   -124.08301
        2.835   -144.99236
        2.845    178.05399
        2.855    113.23142
        2.865   -192.92577
        2.875    -38.64374
        2.885    222.62025
        2.895    -13.86266
        2.905   -198.90685
        2.915    101.21577
        2.925    182.21809
        2.935   -148.38293
        2.945   -106.61609
        2.955    208.82787
        2.965     41.44547
        2.975   -207.26532
        2.985     64.79621
        2.995    196.56987
        3.005   -135.01688
        3.015   -116.31856
        3.025    207.80072
        3.035     34.29167
        3.045   -205.40390
        3.055     89.41068
        3.065    178.89432
        3.075   -163.41042
        3.085    -69.28294
        3.095    222.42415
        3.105    -35.32367
        3.115   -180.91997
        3.125    161.92500
        3.135    103.71898
        3.145   -205.21938
        3.155     43.34005
        3.165    196.55185
        3.175   -150.63286
        3.185    -77.98685
        3.195    222.15712
        3.205    -52.35990
        3.215   -164.55925
        3.225    189.10677
        3.235     51.69946
        3.245   -203.65529
        3.255    120.38443
        3.265    135.85828
        3.275   -200.70895
        3.285     40.16320
        3.295    190.16728
        3.305   -169.33624
        3.315    -33.65383
        3.325    216.59531
        3.335   -123.92884
        3.345    -91.82068
        3.355    222.57242
        3.365    -76.48601
        3.375   -132.92732
        3.385    216.07944
        3.395    -35.41054
        3.405   -159.81236
        3.415    204.17761
        3.425     -4.91658
        3.435   -176.04016
        3.445    192.79634
        3.455     14.12332
        3.465   -184.10353
        3.475    186.37698
        3.485     22.25418
        3.495   -185.54524
        3.505    186.80748
        3.515     19.28046
        3.525   -181.57529
        3.535    193.24403
        3.545      4.23081
        3.555   -171.97200
        3.565    203.50423
        3.575    -23.03883
        3.585   -154.05476
        3.595    214.65375
        3.605    -60.84009
        3.615   -123.38255
        3.625    222.08849
        3.635   -105.65288
        3.645    -76.34190
        3.655    218.00578
        3.665   -152.13098
        3.675    -12.70391
        3.685    192.64537
        3.695   -190.91464
        3.705     63.35084
        3.715    138.48862
        3.725   -207.55193
        3.735    141.41571
        3.745     54.94197
        3.755   -185.71344
        3.765    202.88722
        3.775    -47.73201
        3.785   -115.59782
        3.795    222.22635
        3.805   -145.93143
        3.815     -3.71874
        3.825    177.20184
        3.835   -203.64200
        3.845    120.96541
        3.855     66.13561
        3.865   -184.47780
        3.875    209.08881
        3.885    -77.62827
        3.895    -76.44556
        3.905    208.29883
        3.915   -187.61403
        3.925     82.58398
        3.935     97.88161
        3.945   -192.70288
        3.955    205.34491
        3.965    -75.17178
        3.975    -68.65405
        3.985    200.53629
        3.995   -198.50247
        4.005    117.03294
