        0.000      7.49838
        0.005      7.49832
        0.010      7.49836
        0.015      7.49863
        0.020      7.49842
        0.025      7.49877
        0.030      7.49875
        0.035      7.49864
        0.040      7.49859
        0.045      7.49856
        0.050      7.49853
        0.055      7.49851
        0.060      7.49879
        0.065      7.49874
        0.070      7.49886
        0.075      7.49904
        0.080      7.49880
        0.085      7.49871
        0.090      7.49880
        0.095      7.49882
        0.100      7.49897
        0.105      7.49902
        0.110      7.49925
        0.115      7.49934
        0.120      7.49950
        0.125      7.49969
        0.130      7.49976
        0.135      7.50012
        0.140      7.50029
        0.145      7.50083
        0.150      7.50113
        0.155      7.50180
        0.160      7.50209
        0.165      7.50262
        0.170      7.50298
        0.175      7.50369
        0.180      7.50427
        0.185      7.50476
        0.190      7.50555
        0.195      7.50622
        0.200      7.50710
        0.205      7.50828
        0.210      7.50944
        0.215      7.51041
        0.220      7.51147
        0.225      7.51286
        0.230      7.51398
        0.235      7.51559
        0.240      7.51715
        0.245      7.51860
        0.250      7.52029
        0.255      7.52215
        0.260      7.52399
        0.265      7.52601
        0.270      7.52841
        0.275      7.53082
        0.280      7.53316
        0.285      7.53583
        0.290      7.53860
        0.295      7.54147
        0.300      7.54445
        0.305      7.54756
        0.310      7.55106
        0.315      7.55469
        0.320      7.55843
        0.325      7.56224
        0.330      7.56635
        0.335      7.57078
        0.340      7.57521
        0.345      7.57999
        0.350      7.58492
        0.355      7.59003
        0.360      7.59546
        0.365      7.60110
        0.370      7.60696
        0.375      7.61296
        0.380      7.61927
        0.385      7.62589
        0.390      7.63278
        0.395      7.63989
        0.400      7.64721
        0.405      7.65495
        0.410      7.66287
        0.415      7.67099
        0.420      7.67939
        0.425      7.68816
        0.430      7.69735
        0.435      7.70654
        0.440      7.71599
        0.445      7.72581
        0.450      7.73596
        0.455      7.74636
        0.460      7.75702
        0.465      7.76795
        0.470      7.77912
        0.475      7.79049
        0.480      7.80221
        0.485      7.81404
        0.490      7.82618
        0.495      7.83841
        0.500      7.85091
        0.505      7.86134
        0.515      7.88765
        0.525      7.91465
        0.535      7.94188
        0.545      7.96937
        0.555      7.99692
        0.565      8.02425
        0.575      8.05128
        0.585      8.07779
        0.595      8.10355
        0.605      8.12845
        0.615      8.15190
        0.625      8.17393
        0.635      8.19434
        0.645      8.21266
        0.655      8.22891
        0.665      8.24253
        0.675      8.25346
        0.685      8.26134
        0.695      8.26633
        0.705      8.26768
        0.715      8.26549
        0.725      8.25977
        0.735      8.25005
        0.745      8.23641
        0.755      8.21889
        0.765      8.19712
        0.775      8.17149
        0.785      8.14201
        0.795      8.10868
        0.805      8.07191
        0.815      8.03165
        0.825      7.98851
        0.835      7.94268
        0.845      7.89465
        0.855      7.84503
        0.865      7.79443
        0.875      7.74342
        0.885      7.69268
        0.895      7.64304
        0.905      7.59525
        0.915      7.55019
        0.925      7.50858
        0.935      7.47128
        0.945      7.43893
        0.955      7.41225
        0.965      7.39196
        0.975      7.37844
        0.985      7.37208
        0.995      7.37293
        1.005      7.38119
        1.015      7.39666
        1.025      7.41923
        1.035      7.44830
        1.045      7.48395
        1.055      7.52507
        1.065      7.57122
        1.075      7.62180
        1.085      7.67606
        1.095      7.73325
        1.105      7.79231
        1.115      7.85262
        1.125      7.91314
        1.135      7.97263
        1.145      8.03014
        1.155      8.08438
        1.165      8.13430
        1.175      8.17863
        1.185      8.21646
        1.195      8.24643
        1.205      8.26769
        1.215      8.27944
        1.225      8.28106
        1.235      8.27204
        1.245      8.25224
        1.255      8.22152
        1.265      8.18048
        1.275      8.12959
        1.285      8.06968
        1.295      8.00208
        1.305      7.92847
        1.315      7.85041
        1.325      7.77015
        1.335      7.69003
        1.345      7.61248
        1.355      7.54011
        1.365      7.47554
        1.375      7.42106
        1.385      7.37888
        1.395      7.35094
        1.405      7.33812
        1.415      7.34149
        1.425      7.36079
        1.435      7.39575
        1.445      7.44476
        1.455      7.50617
        1.465      7.57789
        1.475      7.65771
        1.485      7.74250
        1.495      7.82994
        1.505      7.91697
        1.515      8.00085
        1.525      8.07880
        1.535      8.14825
        1.545      8.20678
        1.555      8.25206
        1.565      8.28237
        1.575      8.29605
        1.585      8.29221
        1.595      8.27048
        1.605      8.23085
        1.615      8.17433
        1.625      8.10232
        1.635      8.01735
        1.645      7.92232
        1.655      7.82097
        1.665      7.71741
        1.675      7.61640
        1.685      7.52295
        1.695      7.44186
        1.705      7.37768
        1.715      7.33431
        1.725      7.31436
        1.735      7.31930
        1.745      7.34927
        1.755      7.40263
        1.765      7.47661
        1.775      7.56715
        1.785      7.66958
        1.795      7.77873
        1.805      7.88904
        1.815      7.99526
        1.825      8.09242
        1.835      8.17572
        1.845      8.24120
        1.855      8.28548
        1.865      8.30611
        1.875      8.30155
        1.885      8.27145
        1.895      8.21645
        1.905      8.13880
        1.915      8.04173
        1.925      7.92988
        1.935      7.80914
        1.945      7.68638
        1.955      7.56896
        1.965      7.46488
        1.975      7.38123
        1.985      7.32465
        1.995      7.29969
        2.005      7.30870
        2.015      7.35120
        2.025      7.42454
        2.035      7.52342
        2.045      7.64068
        2.055      7.76835
        2.065      7.89795
        2.075      8.02106
        2.085      8.12995
        2.095      8.21790
        2.105      8.27934
        2.115      8.31034
        2.125      8.30848
        2.135      8.27323
        2.145      8.20603
        2.155      8.11045
        2.165      7.99207
        2.175      7.85831
        2.185      7.71864
        2.195      7.58334
        2.205      7.46332
        2.215      7.36906
        2.225      7.30947
        2.235      7.29049
        2.245      7.31453
        2.255      7.37986
        2.265      7.48068
        2.275      7.60802
        2.285      7.75072
        2.295      7.89697
        2.305      8.03492
        2.315      8.15389
        2.325      8.24467
        2.335      8.30047
        2.345      8.31660
        2.355      8.29158
        2.365      8.22638
        2.375      8.12531
        2.385      7.99560
        2.395      7.84724
        2.405      7.69273
        2.415      7.54596
        2.425      7.42148
        2.435      7.33245
        2.445      7.28913
        2.455      7.29687
        2.465      7.35559
        2.475      7.45912
        2.485      7.59641
        2.495      7.75323
        2.505      7.91369
        2.515      8.06253
        2.525      8.18588
        2.535      8.27255
        2.545      8.31482
        2.555      8.30841
        2.565      8.25354
        2.575      8.15409
        2.585      8.01862
        2.595      7.85915
        2.605      7.69138
        2.615      7.53305
        2.625      7.40229
        2.635      7.31543
        2.645      7.28390
        2.655      7.31260
        2.665      7.39866
        2.675      7.53121
        2.685      7.69412
        2.695      7.86813
        2.705      8.03336
        2.715      8.17198
        2.725      8.26934
        2.735      8.31523
        2.745      8.30495
        2.755      8.23879
        2.765      8.12271
        2.775      7.96838
        2.785      7.79224
        2.795      7.61469
        2.805      7.45780
        2.815      7.34298
        2.825      7.28707
        2.835      7.29895
        2.845      7.37770
        2.855      7.51252
        2.865      7.68437
        2.875      7.86993
        2.885      8.04524
        2.895      8.18864
        2.905      8.28312
        2.915      8.31751
        2.925      8.28744
        2.935      8.19580
        2.945      8.05256
        2.955      7.87453
        2.965      7.68396
        2.975      7.50698
        2.985      7.36966
        2.995      7.29402
        3.005      7.29310
        3.015      7.36797
        3.025      7.50706
        3.035      7.68852
        3.045      7.88478
        3.055      8.06738
        3.065      8.21113
        3.075      8.29702
        3.085      8.31356
        3.095      8.25847
        3.105      8.13808
        3.115      7.96746
        3.125      7.76995
        3.135      7.57430
        3.145      7.41154
        3.155      7.30958
        3.165      7.28749
        3.175      7.35002
        3.185      7.48683
        3.195      7.67394
        3.205      7.87985
        3.215      8.07142
        3.225      8.21930
        3.235      8.30180
        3.245      8.30692
        3.255      8.23357
        3.265      8.09150
        3.275      7.90107
        3.285      7.69151
        3.295      7.49746
        3.305      7.35385
        3.315      7.28862
        3.325      7.31573
        3.335      7.43076
        3.345      7.61167
        3.355      7.82444
        3.365      8.03107
        3.375      8.19646
        3.385      8.29376
        3.395      8.30752
        3.405      8.23523
        3.415      8.08760
        3.425      7.88789
        3.435      7.66959
        3.445      7.47259
        3.455      7.33580
        3.465      7.28850
        3.475      7.34211
        3.485      7.48574
        3.495      7.68965
        3.505      7.91287
        3.515      8.11283
        3.525      8.25341
        3.535      8.31004
        3.545      8.27300
        3.555      8.14785
        3.565      7.95573
        3.575      7.73112
        3.585      7.51705
        3.595      7.35851
        3.605      7.29151
        3.615      7.33255
        3.625      7.47304
        3.635      7.68158
        3.645      7.91266
        3.655      8.11872
        3.665      8.25936
        3.675      8.30833
        3.685      8.25631
        3.695      8.11237
        3.705      7.90287
        3.715      7.66891
        3.725      7.46028
        3.735      7.32509
        3.745      7.29688
        3.755      7.38381
        3.765      7.56533
        3.775      7.79808
        3.785      8.02889
        3.795      8.20822
        3.805      8.29917
        3.815      8.28359
        3.825      8.16423
        3.835      7.96426
        3.845      7.72502
        3.855      7.49980
        3.865      7.34316
        3.875      7.29619
        3.885      7.37253
        3.895      7.55277
        3.905      7.79090
        3.915      8.02885
        3.925      8.21170
        3.935      8.29950
        3.945      8.27339
        3.955      8.13834
        3.965      7.92296
        3.975      7.67533
        3.985      7.45522
        3.995      7.32035
        4.005      7.30910
