        0.000      7.49838
        0.005      7.46604
        0.010      7.36934
        0.015      7.20787
        0.020      6.98204
        0.025      6.69197
        0.030      6.33681
        0.035      5.91728
        0.040      5.43330
        0.045      4.88488
        0.050      4.27189
        0.055      3.59454
        0.060      2.85262
        0.065      2.04629
        0.070      1.17582
        0.075      0.24138
        0.080     -0.75747
        0.085     -1.81990
        0.090     -2.94614
        0.095     -4.13586
        0.100     -5.38871
        0.105     -6.70447
        0.110     -8.08285
        0.115     -9.52343
        0.120    -11.02548
        0.125    -12.58894
        0.130    -14.21307
        0.135    -15.89702
        0.140    -17.64023
        0.145    -19.44164
        0.150    -21.30077
        0.155    -23.21611
        0.160    -25.18685
        0.165    -27.21142
        0.170    -29.28877
        0.175    -31.41759
        0.180    -33.59566
        0.185    -35.82169
        0.190    -38.09355
        0.195    -40.40927
        0.200    -42.76677
        0.205    -45.16346
        0.210    -47.59696
        0.215    -50.06435
        0.220    -52.56305
        0.225    -55.08961
        0.230    -57.64091
        0.235    -60.21329
        0.240    -62.80326
        0.245    -65.40665
        0.250    -68.01948
        0.255    -70.63740
        0.260    -73.25584
        0.265    -75.86977
        0.270    -78.47446
        0.275    -81.06430
        0.280    -83.63389
        0.285    -86.17775
        0.290    -88.68977
        0.295    -91.16372
        0.300    -93.59329
        0.305    -95.97165
        0.310    -98.29229
        0.315   -100.54798
        0.320   -102.73140
        0.325   -104.83532
        0.330   -106.85217
        0.335   -108.77395
        0.340   -110.59320
        0.345   -112.30141
        0.350   -113.89082
        0.355   -115.35301
        0.360   -116.67995
        0.365   -117.86290
        0.370   -118.89384
        0.375   -119.76403
        0.380   -120.46565
        0.385   -120.99006
        0.390   -121.32943
        0.395   -121.47545
        0.400   -121.42050
        0.405   -121.15681
        0.410   -120.67722
        0.415   -119.97443
        0.420   -119.04177
        0.425   -117.87285
        0.430   -116.46175
        0.435   -114.80331
        0.440   -112.89220
        0.445   -110.72434
        0.450   -108.29601
        0.455   -105.60413
        0.460   -102.64653
        0.465    -99.42168
        0.470    -95.92879
        0.475    -92.16824
        0.480    -88.14104
        0.485    -83.84949
        0.490    -79.29670
        0.495    -74.48715
        0.500    -69.42602
        0.505    -64.12101
        0.515    -52.80653
        0.525    -40.62132
        0.535    -27.66332
        0.545    -14.05174
        0.555      0.07372
        0.565     14.55210
        0.575     29.20250
        0.585     43.82512
        0.595     58.20375
        0.605     72.10861
        0.615     85.29852
        0.625     97.52610
        0.635    108.54202
        0.645    118.10026
        0.655    125.96417
        0.665    131.91267
        0.675    135.74719
        0.685    137.29843
        0.695    136.43375
        0.705    133.06323
        0.715    127.14728
        0.725    118.70140
        0.735    107.80145
        0.745     94.58753
        0.755     79.26608
        0.765     62.11033
        0.775     43.45832
        0.785     23.71029
        0.795      3.32152
        0.805    -17.20580
        0.815    -37.33371
        0.825    -56.50171
        0.835    -74.14210
        0.845    -89.69798
        0.855   -102.64218
        0.865   -112.49637
        0.875   -118.85250
        0.885   -121.39112
        0.895   -119.90028
        0.905   -114.29205
        0.915   -104.61499
        0.925    -91.06272
        0.935    -73.97827
        0.945    -53.85256
        0.955    -31.31581
        0.965     -7.12347
        0.975     17.86473
        0.985     42.71364
        0.995     66.44413
        1.005     88.07418
        1.015    106.65807
        1.025    121.33318
        1.035    131.36269
        1.045    136.17812
        1.055    135.41718
        1.065    128.95471
        1.075    116.92483
        1.085     99.73125
        1.095     78.04556
        1.105     52.79078
        1.115     25.11064
        1.125     -3.67520
        1.135    -32.13054
        1.145    -58.77146
        1.155    -82.14445
        1.165   -100.90961
        1.175   -113.92239
        1.185   -120.31161
        1.195   -119.54677
        1.205   -111.48949
        1.215    -96.42592
        1.225    -75.07365
        1.235    -48.56319
        1.245    -18.39025
        1.255     13.65829
        1.265     45.60320
        1.275     75.39246
        1.285    101.03378
        1.295    120.73254
        1.305    133.02588
        1.315    136.90237
        1.325    131.89847
        1.335    118.16068
        1.345     96.46778
        1.355     68.20777
        1.365     35.30621
        1.375      0.10830
        1.385    -34.77847
        1.395    -66.67477
        1.405    -93.03668
        1.415   -111.66672
        1.425   -120.90987
        1.435   -119.81766
        1.445   -108.26227
        1.455    -86.98772
        1.465    -57.58972
        1.475    -22.41748
        1.485     15.59575
        1.495     53.16677
        1.505     86.94218
        1.515    113.80093
        1.525    131.15388
        1.535    137.21112
        1.545    131.18837
        1.555    113.42857
        1.565     85.41973
        1.575     49.70016
        1.585      9.65358
        1.595    -30.79506
        1.605    -67.55692
        1.615    -96.79445
        1.625   -115.33514
        1.635   -121.03779
        1.645   -113.06638
        1.655    -92.03819
        1.665    -60.01710
        1.675    -20.34618
        1.685     22.67593
        1.695     64.24345
        1.705     99.57710
        1.715    124.48145
        1.725    135.86220
        1.735    132.13980
        1.745    113.50122
        1.755     81.94872
        1.765     41.12633
        1.775     -4.06678
        1.785    -48.04256
        1.795    -85.20869
        1.805   -110.68828
        1.815   -120.98270
        1.825   -114.48802
        1.835    -91.78128
        1.845    -55.62832
        1.855    -10.69175
        1.865     37.03701
        1.875     81.01969
        1.885    115.06454
        1.895    134.21759
        1.905    135.51572
        1.915    118.48835
        1.925     85.31754
        1.935     40.61419
        1.945     -9.17846
        1.955    -56.68725
        1.965    -94.69533
        1.975   -117.25532
        1.985   -120.65724
        1.995   -104.08936
        2.005    -69.86859
        2.015    -23.18210
        2.025     28.65304
        2.035     77.30724
        2.045    114.77386
        2.055    134.70682
        2.065    133.54086
        2.075    111.18594
        2.085     71.15892
        2.095     20.09932
        2.105    -33.28231
        2.115    -79.66482
        2.125   -110.74824
        2.135   -120.77532
        2.145   -107.65434
        2.155    -73.46103
        2.165    -24.19200
        2.175     31.22388
        2.185     82.50612
        2.195    119.92142
        2.205    136.16042
        2.215    127.81548
        2.225     96.16731
        2.235     47.08076
        2.245    -10.00810
        2.255    -63.85909
        2.265   -103.62782
        2.275   -121.07829
        2.285   -112.34829
        2.295    -78.88182
        2.305    -27.29155
        2.315     31.87204
        2.325     86.23415
        2.335    124.17796
        2.345    137.36536
        2.355    122.63879
        2.365     82.86276
        2.375     26.47078
        2.385    -34.24532
        2.395    -85.77260
        2.405   -116.39631
        2.415   -118.91765
        2.425    -92.43853
        2.435    -42.74941
        2.445     18.83454
        2.455     77.98262
        2.465    120.66425
        2.475    136.50958
        2.485    121.40836
        2.495     78.67925
        2.505     18.46210
        2.515    -44.59244
        2.525    -94.84238
        2.535   -119.54874
        2.545   -112.17451
        2.555    -74.22091
        2.565    -15.06149
        2.575     50.27008
        2.585    104.84461
        2.595    134.22919
        2.605    130.36739
        2.615     93.89143
        2.625     34.18621
        2.635    -32.91578
        2.645    -89.26521
        2.655   -119.31380
        2.665   -114.47858
        2.675    -75.71359
        2.685    -13.48880
        2.695     54.92020
        2.705    110.17738
        2.715    136.36430
        2.725    125.65559
        2.735     80.78995
        2.745     14.52995
        2.755    -53.84246
        2.765   -104.08997
        2.775   -121.03857
        2.785    -99.27564
        2.795    -45.02737
        2.805     25.46053
        2.815     90.67738
        2.825    130.38855
        2.835    131.96710
        2.845     94.53723
        2.855     29.53225
        2.865    -42.64493
        2.875    -98.93990
        2.885   -121.02083
        2.895   -101.34947
        2.905    -45.90912
        2.915     27.44472
        2.925     94.61868
        2.935    133.17213
        2.945    129.88434
        2.955     85.43062
        2.965     14.47935
        2.975    -59.00231
        2.985   -109.77667
        2.995   -120.05740
        3.005    -85.88721
        3.015    -18.84359
        3.025     57.70786
        3.035    116.66682
        3.045    136.81281
        3.055    110.57644
        3.065     47.07538
        3.075    -30.84601
        3.085    -94.70343
        3.095   -120.77731
        3.105    -99.04269
        3.115    -37.22306
        3.125     41.73645
        3.135    108.04596
        3.145    136.29201
        3.155    115.27512
        3.165     52.64036
        3.175    -27.68791
        3.185    -94.49279
        3.195   -121.38284
        3.205    -97.33398
        3.215    -31.41404
        3.225     50.41980
        3.235    115.41689
        3.245    137.14783
        3.255    106.39668
        3.265     35.28584
        3.275    -47.27193
        3.285   -107.20944
        3.295   -119.39171
        3.305    -78.35012
        3.315     -0.98251
        3.325     80.17166
        3.335    130.52264
        3.345    128.23340
        3.355     73.89828
        3.365     -9.27502
        3.375    -85.15568
        3.385   -120.30898
        3.395    -98.84206
        3.405    -29.82297
        3.415     56.27979
        3.425    120.88330
        3.435    134.57916
        3.445     90.67958
        3.455      8.71860
        3.465    -73.99747
        3.475   -119.27838
        3.485   -105.77415
        3.495    -39.28886
        3.505     49.42409
        3.515    118.71031
        3.525    135.58817
        3.535     91.63665
        3.545      7.48971
        3.555    -76.57583
        3.565   -119.81052
        3.575   -100.86390
        3.585    -28.61582
        3.595     61.65493
        3.605    125.29798
        3.615    130.38936
        3.625     73.94563
        3.635    -16.04187
        3.645    -94.21484
        3.655   -120.62691
        3.665    -81.30735
        3.675      4.05681
        3.685     91.69448
        3.695    136.06740
        3.705    113.63951
        3.715     35.62448
        3.725    -57.29986
        3.735   -116.01563
        3.745   -109.00244
        3.755    -39.54728
        3.765     55.41395
        3.775    124.71459
        3.785    130.54669
        3.795     69.34456
        3.805    -25.68229
        3.815   -102.26257
        3.825   -117.75791
        3.835    -63.13037
        3.845     31.41621
        3.855    112.80962
        3.865    134.80786
        3.875     84.43667
        3.885    -10.02905
        3.895    -94.60111
        3.905   -120.31912
        3.915    -71.77052
        3.925     23.33164
        3.935    109.65649
        3.945    136.36757
        3.955     87.25362
        3.965     -9.06516
        3.975    -95.47678
        3.985   -120.14654
        3.995    -67.85684
        4.005     30.18693
