        0.000      0.04647
        0.005      0.04659
        0.010      0.04653
        0.015      0.04632
        0.020      0.04637
        0.025      0.04623
        0.030      0.04622
        0.035      0.04631
        0.040      0.04616
        0.045      0.04638
        0.050      0.04644
        0.055      0.04649
        0.060      0.04679
        0.065      0.04707
        0.070      0.04714
        0.075      0.04749
        0.080      0.04791
        0.085      0.04832
        0.090      0.04879
        0.095      0.04916
        0.100      0.04995
        0.105      0.05079
        0.110      0.05139
        0.115      0.05234
        0.120      0.05330
        0.125      0.05462
        0.130      0.05591
        0.135      0.05754
        0.140      0.05932
        0.145      0.06119
        0.150      0.06311
        0.155      0.06538
        0.160      0.06774
        0.165      0.07062
        0.170      0.07347
        0.175      0.07676
        0.180      0.08007
        0.185      0.08394
        0.190      0.08796
        0.195      0.09232
        0.200      0.09703
        0.205      0.10188
        0.210      0.10700
        0.215      0.11260
        0.220      0.11838
        0.225      0.12454
        0.230      0.13098
        0.235      0.13777
        0.240      0.14490
        0.245      0.15230
        0.250      0.15979
        0.255      0.16785
        0.260      0.17589
        0.265      0.18431
        0.270      0.19293
        0.275      0.20201
        0.280      0.21089
        0.285      0.22010
        0.290      0.22946
        0.295      0.23875
        0.300      0.24806
        0.305      0.25742
        0.310      0.26667
        0.315      0.27594
        0.320      0.28466
        0.325      0.29366
        0.330      0.30218
        0.335      0.31051
        0.340      0.31814
        0.345      0.32561
        0.350      0.33250
        0.355      0.33865
        0.360      0.34417
        0.365      0.34922
        0.370      0.35332
        0.375      0.35637
        0.380      0.35876
        0.385      0.35995
        0.390      0.36017
        0.395      0.35935
        0.400      0.35752
        0.405      0.35438
        0.410      0.35005
        0.415      0.34449
        0.420      0.33761
        0.425      0.32952
        0.430      0.32007
        0.435      0.30965
        0.440      0.29785
        0.445      0.28494
        0.450      0.27074
        0.455      0.25564
        0.460      0.23949
        0.465      0.22248
        0.470      0.20475
        0.475      0.18613
        0.480      0.16704
        0.485      0.14765
        0.490      0.12797
        0.495      0.10810
        0.500      0.08842
        0.505      0.06915
        0.515      0.03203
        0.525     -0.00189
        0.535     -0.03126
        0.545     -0.05440
        0.555     -0.07010
        0.565     -0.07745
        0.575     -0.07622
        0.585     -0.06602
        0.595     -0.04736
        0.605     -0.02118
        0.615      0.01098
        0.625      0.04703
        0.635      0.08496
        0.645      0.12169
        0.655      0.15449
        0.665      0.18088
        0.675      0.19812
        0.685      0.20451
        0.695      0.19929
        0.705      0.18204
        0.715      0.15334
        0.725      0.11548
        0.735      0.07142
        0.745      0.02488
        0.755     -0.01972
        0.765     -0.05779
        0.775     -0.08525
        0.785     -0.09782
        0.795     -0.09378
        0.805     -0.07164
        0.815     -0.03184
        0.825      0.02267
        0.835      0.08791
        0.845      0.15793
        0.855      0.22654
        0.865      0.28683
        0.875      0.33293
        0.885      0.36013
        0.895      0.36606
        0.905      0.35044
        0.915      0.31654
        0.925      0.26963
        0.935      0.21690
        0.945      0.16721
        0.955      0.12840
        0.965      0.10776
        0.975      0.10987
        0.985      0.13526
        0.995      0.18157
        1.005      0.24201
        1.015      0.30742
        1.025      0.36640
        1.035      0.40868
        1.045      0.42539
        1.055      0.41164
        1.065      0.36744
        1.075      0.29777
        1.085      0.21315
        1.095      0.12612
        1.105      0.05067
        1.115     -0.00109
        1.125     -0.02099
        1.135     -0.00739
        1.145      0.03492
        1.155      0.09488
        1.165      0.15738
        1.175      0.20665
        1.185      0.22862
        1.195      0.21591
        1.205      0.16818
        1.215      0.09426
        1.225      0.00966
        1.235     -0.06669
        1.245     -0.11590
        1.255     -0.12488
        1.265     -0.08930
        1.275     -0.01470
        1.285      0.08299
        1.295      0.18220
        1.305      0.26081
        1.315      0.30151
        1.325      0.29733
        1.335      0.25332
        1.345      0.18632
        1.355      0.11998
        1.365      0.07844
        1.375      0.07939
        1.385      0.12720
        1.395      0.21234
        1.405      0.31237
        1.415      0.39835
        1.425      0.44382
        1.435      0.43300
        1.445      0.36675
        1.455      0.26259
        1.465      0.15029
        1.475      0.06248
        1.485      0.02342
        1.495      0.04127
        1.505      0.10360
        1.515      0.18254
        1.525      0.24303
        1.535      0.25568
        1.545      0.20908
        1.555      0.11366
        1.565      0.00007
        1.575     -0.09234
        1.585     -0.12948
        1.595     -0.09634
        1.605     -0.00383
        1.615      0.11496
        1.625      0.21663
        1.635      0.26512
        1.645      0.24629
        1.655      0.17514
        1.665      0.08967
        1.675      0.03579
        1.685      0.04670
        1.695      0.12794
        1.705      0.25279
        1.715      0.37324
        1.725      0.43991
        1.735      0.42507
        1.745      0.33563
        1.755      0.21119
        1.765      0.10720
        1.775      0.06792
        1.785      0.10529
        1.795      0.19287
        1.805      0.27698
        1.815      0.30381
        1.825      0.24674
        1.835      0.12196
        1.845     -0.01785
        1.855     -0.10923
        1.865     -0.11046
        1.875     -0.02397
        1.885      0.10310
        1.895      0.20420
        1.905      0.22824
        1.915      0.16843
        1.925      0.06789
        1.935     -0.00435
        1.945      0.00806
        1.955      0.11411
        1.965      0.26880
        1.975      0.39545
        1.985      0.43053
        1.995      0.36047
        2.005      0.23165
        2.015      0.12299
        2.025      0.09863
        2.035      0.16755
        2.045      0.27660
        2.055      0.34356
        2.065      0.30882
        2.075      0.17646
        2.085      0.01468
        2.095     -0.08662
        2.105     -0.07296
        2.115      0.03711
        2.125      0.16399
        2.135      0.21895
        2.145      0.16534
        2.155      0.04595
        2.165     -0.04549
        2.175     -0.02915
        2.185      0.10291
        2.195      0.27667
        2.205      0.38722
        2.215      0.37238
        2.225      0.25802
        2.235      0.14031
        2.245      0.11417
        2.255      0.20128
        2.265      0.33092
        2.275      0.39211
        2.285      0.31919
        2.295      0.14655
        2.305     -0.01514
        2.315     -0.06137
        2.325      0.02389
        2.335      0.15502
        2.345      0.21314
        2.355      0.14364
        2.365      0.00322
        2.375     -0.08381
        2.385     -0.02893
        2.395      0.14368
        2.405      0.31279
        2.415      0.35958
        2.425      0.26794
        2.435      0.13917
        2.445      0.10338
        2.455      0.20367
        2.465      0.35505
        2.475      0.41652
        2.485      0.31782
        2.495      0.12696
        2.505     -0.00735
        2.515      0.01156
        2.525      0.13949
        2.535      0.23237
        2.545      0.18177
        2.555      0.02110
        2.565     -0.10140
        2.575     -0.06251
        2.585      0.11566
        2.595      0.28254
        2.605      0.30253
        2.615      0.18698
        2.625      0.08314
        2.635      0.12478
        2.645      0.29319
        2.655      0.42997
        2.665      0.39455
        2.675      0.21038
        2.685      0.04489
        2.695      0.04071
        2.705      0.16810
        2.715      0.25712
        2.725      0.18039
        2.735     -0.00552
        2.745     -0.11411
        2.755     -0.02874
        2.765      0.16824
        2.775      0.28105
        2.785      0.21309
        2.795      0.07413
        2.805      0.05703
        2.815      0.21691
        2.825      0.40088
        2.835      0.41554
        2.845      0.24774
        2.855      0.08211
        2.865      0.09026
        2.875      0.23114
        2.885      0.29941
        2.895      0.17168
        2.905     -0.03831
        2.915     -0.10736
        2.925      0.03292
        2.935      0.21175
        2.945      0.22482
        2.955      0.08432
        2.965      0.00434
        2.975      0.13120
        2.985      0.35211
        2.995      0.42528
        3.005      0.28013
        3.015      0.10759
        3.025      0.11775
        3.035      0.27064
        3.045      0.32829
        3.055      0.16822
        3.065     -0.04582
        3.075     -0.06938
        3.085      0.10356
        3.095      0.23149
        3.105      0.14782
        3.115     -0.01280
        3.125      0.00464
        3.135      0.22390
        3.145      0.39365
        3.155      0.32355
        3.165      0.14371
        3.175      0.12152
        3.185      0.28449
        3.195      0.37716
        3.205      0.22381
        3.215     -0.01153
        3.225     -0.04630
        3.235      0.12346
        3.245      0.22058
        3.255      0.09237
        3.265     -0.06088
        3.275      0.02139
        3.285      0.26861
        3.295      0.36974
        3.305      0.22681
        3.315      0.09655
        3.325      0.20007
        3.335      0.38176
        3.345      0.34127
        3.355      0.09819
        3.365     -0.02633
        3.375      0.10496
        3.385      0.23728
        3.395      0.12636
        3.405     -0.06992
        3.415     -0.03218
        3.425      0.21345
        3.435      0.32676
        3.445      0.18762
        3.455      0.08213
        3.465      0.23152
        3.475      0.41891
        3.485      0.33308
        3.495      0.08049
        3.505      0.02210
        3.515      0.18826
        3.525      0.23691
        3.535      0.03579
        3.545     -0.10210
        3.555      0.06114
        3.565      0.28059
        3.575      0.23396
        3.585      0.06479
        3.595      0.12928
        3.605      0.36884
        3.615      0.39607
        3.625      0.16307
        3.635      0.04955
        3.645      0.20259
        3.655      0.28339
        3.665      0.07773
        3.675     -0.10386
        3.685      0.03443
        3.695      0.24643
        3.705      0.18421
        3.715      0.02362
        3.725      0.13610
        3.735      0.39044
        3.745      0.37040
        3.755      0.13129
        3.765      0.09879
        3.775      0.28243
        3.785      0.26597
        3.795      0.00344
        3.805     -0.07254
        3.815      0.14516
        3.825      0.23648
        3.835      0.05377
        3.845      0.00442
        3.855      0.25849
        3.865      0.40010
        3.875      0.21393
        3.885      0.09523
        3.895      0.27002
        3.905      0.34753
        3.915      0.09788
        3.925     -0.07047
        3.935      0.10282
        3.945      0.22524
        3.955      0.04589
        3.965     -0.03435
        3.975      0.22094
        3.985      0.38095
        3.995      0.19861
        4.005      0.10090
