        0.000      0.04647
        0.005      0.04651
        0.010      0.04653
        0.015      0.04628
        0.020      0.04636
        0.025      0.04621
        0.030      0.04620
        0.035      0.04630
        0.040      0.04629
        0.045      0.04625
        0.050      0.04629
        0.055      0.04634
        0.060      0.04635
        0.065      0.04637
        0.070      0.04613
        0.075      0.04614
        0.080      0.04632
        0.085      0.04640
        0.090      0.04627
        0.095      0.04629
        0.100      0.04632
        0.105      0.04640
        0.110      0.04630
        0.115      0.04635
        0.120      0.04618
        0.125      0.04617
        0.130      0.04614
        0.135      0.04615
        0.140      0.04622
        0.145      0.04605
        0.150      0.04584
        0.155      0.04568
        0.160      0.04578
        0.165      0.04561
        0.170      0.04554
        0.175      0.04536
        0.180      0.04494
        0.185      0.04509
        0.190      0.04487
        0.195      0.04486
        0.200      0.04455
        0.205      0.04435
        0.210      0.04381
        0.215      0.04379
        0.220      0.04344
        0.225      0.04319
        0.230      0.04298
        0.235      0.04271
        0.240      0.04222
        0.245      0.04205
        0.250      0.04157
        0.255      0.04110
        0.260      0.04075
        0.265      0.04028
        0.270      0.03970
        0.275      0.03900
        0.280      0.03862
        0.285      0.03796
        0.290      0.03727
        0.295      0.03671
        0.300      0.03604
        0.305      0.03524
        0.310      0.03456
        0.315      0.03363
        0.320      0.03274
        0.325      0.03189
        0.330      0.03092
        0.335      0.02983
        0.340      0.02887
        0.345      0.02784
        0.350      0.02666
        0.355      0.02562
        0.360      0.02417
        0.365      0.02284
        0.370      0.02143
        0.375      0.01998
        0.380      0.01862
        0.385      0.01697
        0.390      0.01528
        0.395      0.01369
        0.400      0.01191
        0.405      0.01013
        0.410      0.00818
        0.415      0.00631
        0.420      0.00431
        0.425      0.00228
        0.430      0.00003
        0.435     -0.00216
        0.440     -0.00446
        0.445     -0.00677
        0.450     -0.00922
        0.455     -0.01185
        0.460     -0.01440
        0.465     -0.01691
        0.470     -0.01957
        0.475     -0.02237
        0.480     -0.02514
        0.485     -0.02816
        0.490     -0.03101
        0.495     -0.03389
        0.500     -0.03696
        0.505     -0.03974
        0.515     -0.04579
        0.525     -0.05224
        0.535     -0.05872
        0.545     -0.06543
        0.555     -0.07229
        0.565     -0.07887
        0.575     -0.08569
        0.585     -0.09223
        0.595     -0.09868
        0.605     -0.10500
        0.615     -0.11078
        0.625     -0.11609
        0.635     -0.12133
        0.645     -0.12579
        0.655     -0.12997
        0.665     -0.13328
        0.675     -0.13590
        0.685     -0.13782
        0.695     -0.13884
        0.705     -0.13908
        0.715     -0.13841
        0.725     -0.13678
        0.735     -0.13411
        0.745     -0.13063
        0.755     -0.12580
        0.765     -0.12000
        0.775     -0.11321
        0.785     -0.10529
        0.795     -0.09639
        0.805     -0.08681
        0.815     -0.07591
        0.825     -0.06450
        0.835     -0.05225
        0.845     -0.03919
        0.855     -0.02598
        0.865     -0.01238
        0.875      0.00160
        0.885      0.01553
        0.895      0.02899
        0.905      0.04232
        0.915      0.05507
        0.925      0.06690
        0.935      0.07759
        0.945      0.08712
        0.955      0.09526
        0.965      0.10180
        0.975      0.10650
        0.985      0.10936
        0.995      0.11025
        1.005      0.10939
        1.015      0.10631
        1.025      0.10141
        1.035      0.09457
        1.045      0.08597
        1.055      0.07574
        1.065      0.06393
        1.075      0.05096
        1.085      0.03667
        1.095      0.02154
        1.105      0.00600
        1.115     -0.01032
        1.125     -0.02688
        1.135     -0.04312
        1.145     -0.05891
        1.155     -0.07405
        1.165     -0.08839
        1.175     -0.10128
        1.185     -0.11262
        1.195     -0.12211
        1.205     -0.12938
        1.215     -0.13426
        1.225     -0.13658
        1.235     -0.13605
        1.245     -0.13281
        1.255     -0.12677
        1.265     -0.11799
        1.275     -0.10650
        1.285     -0.09263
        1.295     -0.07635
        1.305     -0.05849
        1.315     -0.03919
        1.325     -0.01903
        1.335      0.00150
        1.345      0.02174
        1.355      0.04114
        1.365      0.05902
        1.375      0.07483
        1.385      0.08781
        1.395      0.09752
        1.405      0.10363
        1.415      0.10584
        1.425      0.10418
        1.435      0.09841
        1.445      0.08869
        1.455      0.07562
        1.465      0.05965
        1.475      0.04105
        1.485      0.02060
        1.495     -0.00090
        1.505     -0.02294
        1.515     -0.04474
        1.525     -0.06545
        1.535     -0.08452
        1.545     -0.10116
        1.555     -0.11488
        1.565     -0.12511
        1.575     -0.13139
        1.585     -0.13350
        1.595     -0.13114
        1.605     -0.12416
        1.615     -0.11302
        1.625     -0.09775
        1.635     -0.07888
        1.645     -0.05713
        1.655     -0.03338
        1.665     -0.00836
        1.675      0.01666
        1.685      0.04071
        1.695      0.06232
        1.705      0.08066
        1.715      0.09435
        1.725      0.10309
        1.735      0.10603
        1.745      0.10303
        1.755      0.09407
        1.765      0.07976
        1.775      0.06083
        1.785      0.03813
        1.795      0.01314
        1.805     -0.01323
        1.815     -0.03959
        1.825     -0.06452
        1.835     -0.08679
        1.845     -0.10538
        1.855     -0.11952
        1.865     -0.12835
        1.875     -0.13099
        1.885     -0.12764
        1.895     -0.11810
        1.905     -0.10295
        1.915     -0.08262
        1.925     -0.05813
        1.935     -0.03080
        1.945     -0.00219
        1.955      0.02616
        1.965      0.05253
        1.975      0.07494
        1.985      0.09210
        1.995      0.10243
        2.005      0.10522
        2.015      0.10033
        2.025      0.08789
        2.035      0.06871
        2.045      0.04423
        2.055      0.01620
        2.065     -0.01379
        2.075     -0.04341
        2.085     -0.07097
        2.095     -0.09450
        2.105     -0.11270
        2.115     -0.12431
        2.125     -0.12853
        2.135     -0.12477
        2.145     -0.11345
        2.155     -0.09506
        2.165     -0.07044
        2.175     -0.04156
        2.185     -0.01024
        2.195      0.02129
        2.205      0.05074
        2.215      0.07547
        2.225      0.09340
        2.235      0.10297
        2.245      0.10315
        2.255      0.09380
        2.265      0.07586
        2.275      0.05054
        2.285      0.02040
        2.295     -0.01225
        2.305     -0.04480
        2.315     -0.07430
        2.325     -0.09877
        2.335     -0.11611
        2.345     -0.12493
        2.355     -0.12426
        2.365     -0.11454
        2.375     -0.09580
        2.385     -0.06993
        2.395     -0.03853
        2.405     -0.00458
        2.415      0.02915
        2.425      0.05961
        2.435      0.08344
        2.445      0.09838
        2.455      0.10281
        2.465      0.09586
        2.475      0.07837
        2.485      0.05222
        2.495      0.01988
        2.505     -0.01526
        2.515     -0.04979
        2.525     -0.08047
        2.535     -0.10434
        2.545     -0.11907
        2.555     -0.12335
        2.565     -0.11661
        2.575     -0.09945
        2.585     -0.07329
        2.595     -0.04048
        2.605     -0.00445
        2.615      0.03137
        2.625      0.06294
        2.635      0.08658
        2.645      0.09935
        2.655      0.09971
        2.665      0.08726
        2.675      0.06369
        2.685      0.03180
        2.695     -0.00473
        2.705     -0.04187
        2.715     -0.07523
        2.725     -0.10123
        2.735     -0.11695
        2.745     -0.12076
        2.755     -0.11220
        2.765     -0.09187
        2.775     -0.06196
        2.785     -0.02578
        2.795      0.01244
        2.805      0.04839
        2.815      0.07723
        2.825      0.09480
        2.835      0.09920
        2.845      0.08903
        2.855      0.06610
        2.865      0.03318
        2.875     -0.00513
        2.885     -0.04368
        2.895     -0.07802
        2.905     -0.10354
        2.915     -0.11715
        2.925     -0.11701
        2.935     -0.10323
        2.945     -0.07740
        2.955     -0.04244
        2.965     -0.00281
        2.975      0.03623
        2.985      0.06888
        2.995      0.09055
        3.005      0.09765
        3.015      0.08908
        3.025      0.06601
        3.035      0.03178
        3.045     -0.00822
        3.055     -0.04836
        3.065     -0.08261
        3.075     -0.10659
        3.085     -0.11652
        3.095     -0.11153
        3.105     -0.09178
        3.115     -0.05997
        3.125     -0.02052
        3.135      0.02083
        3.145      0.05777
        3.155      0.08440
        3.165      0.09587
        3.175      0.09024
        3.185      0.06846
        3.195      0.03407
        3.205     -0.00717
        3.215     -0.04863
        3.225     -0.08371
        3.235     -0.10697
        3.245     -0.11479
        3.255     -0.10621
        3.265     -0.08224
        3.275     -0.04630
        3.285     -0.00403
        3.295      0.03752
        3.305      0.07135
        3.315      0.09111
        3.325      0.09318
        3.335      0.07683
        3.345      0.04510
        3.355      0.00401
        3.365     -0.03926
        3.375     -0.07710
        3.385     -0.10325
        3.395     -0.11305
        3.405     -0.10503
        3.415     -0.08041
        3.425     -0.04297
        3.435      0.00058
        3.445      0.04278
        3.455      0.07523
        3.465      0.09176
        3.475      0.08865
        3.485      0.06661
        3.495      0.03002
        3.505     -0.01411
        3.515     -0.05710
        3.525     -0.09075
        3.535     -0.10924
        3.545     -0.10902
        3.555     -0.08986
        3.565     -0.05542
        3.575     -0.01170
        3.585      0.03279
        3.595      0.06893
        3.605      0.08902
        3.615      0.08881
        3.625      0.06789
        3.635      0.03104
        3.645     -0.01423
        3.655     -0.05791
        3.665     -0.09171
        3.675     -0.10868
        3.685     -0.10559
        3.695     -0.08279
        3.705     -0.04475
        3.715      0.00102
        3.725      0.04476
        3.735      0.07691
        3.745      0.09004
        3.755      0.08093
        3.765      0.05141
        3.775      0.00835
        3.785     -0.03811
        3.795     -0.07818
        3.805     -0.10319
        3.815     -0.10754
        3.825     -0.09061
        3.835     -0.05566
        3.845     -0.01006
        3.855      0.03601
        3.865      0.07173
        3.875      0.08831
        3.885      0.08141
        3.895      0.05281
        3.905      0.00944
        3.915     -0.03807
        3.925     -0.07853
        3.935     -0.10289
        3.945     -0.10534
        3.955     -0.08548
        3.965     -0.04752
        3.975     -0.00003
        3.985      0.04542
        3.995      0.07742
        4.005      0.08748
