        0.000      0.04647
        0.005      0.04660
        0.010      0.04653
        0.015      0.04643
        0.020      0.04652
        0.025      0.04633
        0.030      0.04652
        0.035      0.04685
        0.040      0.04706
        0.045      0.04734
        0.050      0.04825
        0.055      0.04903
        0.060      0.05044
        0.065      0.05207
        0.070      0.05395
        0.075      0.05624
        0.080      0.05934
        0.085      0.06266
        0.090      0.06682
        0.095      0.07165
        0.100      0.07752
        0.105      0.08418
        0.110      0.09182
        0.115      0.10068
        0.120      0.11020
        0.125      0.12165
        0.130      0.13423
        0.135      0.14821
        0.140      0.16405
        0.145      0.18140
        0.150      0.20058
        0.155      0.22177
        0.160      0.24502
        0.165      0.27019
        0.170      0.29772
        0.175      0.32761
        0.180      0.35996
        0.185      0.39477
        0.190      0.43214
        0.195      0.47217
        0.200      0.51521
        0.205      0.56091
        0.210      0.60939
        0.215      0.66083
        0.220      0.71530
        0.225      0.77274
        0.230      0.83305
        0.235      0.89633
        0.240      0.96261
        0.245      1.03143
        0.250      1.10331
        0.255      1.17784
        0.260      1.25476
        0.265      1.33424
        0.270      1.41567
        0.275      1.49928
        0.280      1.58472
        0.285      1.67161
        0.290      1.75985
        0.295      1.84899
        0.300      1.93872
        0.305      2.02863
        0.310      2.11835
        0.315      2.20748
        0.320      2.29549
        0.325      2.38194
        0.330      2.46647
        0.335      2.54810
        0.340      2.62673
        0.345      2.70159
        0.350      2.77216
        0.355      2.83793
        0.360      2.89815
        0.365      2.95232
        0.370      2.99981
        0.375      3.03999
        0.380      3.07249
        0.385      3.09663
        0.390      3.11201
        0.395      3.11804
        0.400      3.11453
        0.405      3.10092
        0.410      3.07703
        0.415      3.04249
        0.420      2.99749
        0.425      2.94137
        0.430      2.87472
        0.435      2.79746
        0.440      2.70978
        0.445      2.61213
        0.450      2.50481
        0.455      2.38849
        0.460      2.26398
        0.465      2.13184
        0.470      1.99309
        0.475      1.84890
        0.480      1.70023
        0.485      1.54850
        0.490      1.39480
        0.495      1.24083
        0.500      1.08830
        0.505      0.93703
        0.515      0.65317
        0.525      0.39957
        0.535      0.18970
        0.545      0.03627
        0.555     -0.05080
        0.565     -0.06335
        0.575      0.00286
        0.585      0.14800
        0.595      0.36787
        0.605      0.65330
        0.615      0.99031
        0.625      1.36027
        0.635      1.74104
        0.645      2.10827
        0.655      2.43605
        0.665      2.69947
        0.675      2.87672
        0.685      2.95049
        0.695      2.91075
        0.705      2.75555
        0.715      2.49216
        0.725      2.13801
        0.735      1.71925
        0.745      1.26994
        0.755      0.82937
        0.765      0.43856
        0.775      0.13672
        0.785     -0.04287
        0.795     -0.07696
        0.805      0.04401
        0.815      0.31455
        0.825      0.71214
        0.835      1.19970
        0.845      1.72698
        0.855      2.23678
        0.865      2.66991
        0.875      2.97376
        0.885      3.10816
        0.895      3.05217
        0.905      2.80805
        0.915      2.40307
        0.925      1.88736
        0.935      1.32909
        0.945      0.80589
        0.955      0.39443
        0.965      0.15865
        0.975      0.14008
        0.985      0.34830
        0.995      0.75849
        1.005      1.31228
        1.015      1.92482
        1.025      2.49698
        1.035      2.93184
        1.045      3.15035
        1.055      3.10738
        1.065      2.80166
        1.075      2.27898
        1.085      1.62730
        1.095      0.96214
        1.105      0.40713
        1.115      0.06949
        1.125      0.01880
        1.135      0.26969
        1.145      0.77603
        1.155      1.43653
        1.165      2.11317
        1.175      2.65855
        1.185      2.94798
        1.195      2.90897
        1.205      2.54005
        1.215      1.91632
        1.225      1.17525
        1.235      0.48861
        1.245      0.02249
        1.255     -0.10389
        1.265      0.14985
        1.275      0.73020
        1.285      1.49884
        1.295      2.26381
        1.305      2.82736
        1.315      3.03854
        1.325      2.83712
        1.335      2.27472
        1.345      1.50645
        1.355      0.75107
        1.365      0.23166
        1.375      0.10970
        1.385      0.43405
        1.395      1.12029
        1.405      1.97014
        1.415      2.72591
        1.425      3.15020
        1.435      3.10107
        1.445      2.58328
        1.455      1.75339
        1.465      0.87530
        1.475      0.23644
        1.485      0.05246
        1.495      0.38779
        1.505      1.12876
        1.515      2.01410
        1.525      2.72324
        1.535      2.98933
        1.545      2.70077
        1.555      1.94912
        1.565      1.00424
        1.575      0.21881
        1.585     -0.10319
        1.595      0.17173
        1.605      0.94729
        1.615      1.92510
        1.625      2.71821
        1.635      3.00448
        1.645      2.66385
        1.655      1.83596
        1.665      0.87192
        1.675      0.19138
        1.685      0.10329
        1.695      0.66431
        1.705      1.64449
        1.715      2.61792
        1.725      3.14831
        1.735      2.98898
        1.745      2.20472
        1.755      1.15286
        1.765      0.32498
        1.775      0.11637
        1.785      0.63004
        1.795      1.61657
        1.805      2.58414
        1.815      3.03665
        1.825      2.72564
        1.835      1.78643
        1.845      0.68320
        1.855     -0.02150
        1.865      0.04177
        1.875      0.84518
        1.885      1.96546
        1.895      2.79968
        1.905      2.89105
        1.915      2.18638
        1.925      1.08001
        1.935      0.20560
        1.945      0.08143
        1.955      0.80542
        1.965      1.98371
        1.975      2.94370
        1.985      3.12471
        1.995      2.41631
        2.005      1.23956
        2.015      0.30734
        2.025      0.19302
        2.035      0.97029
        2.045      2.15079
        2.055      2.97745
        2.065      2.90135
        2.075      1.94347
        2.085      0.70051
        2.095     -0.02901
        2.105      0.23273
        2.115      1.31333
        2.125      2.48697
        2.135      2.95312
        2.145      2.38438
        2.155      1.16855
        2.165      0.15787
        2.175      0.08153
        2.185      1.02196
        2.195      2.33536
        2.205      3.09534
        2.215      2.76003
        2.225      1.58050
        2.235      0.43673
        2.245      0.19367
        2.255      1.04749
        2.265      2.35574
        2.275      3.10813
        2.285      2.69861
        2.295      1.41193
        2.305      0.22498
        2.315      0.05345
        2.325      1.02188
        2.335      2.34305
        2.345      2.93532
        2.355      2.29983
        2.365      0.94962
        2.375      0.00918
        2.385      0.28818
        2.395      1.58620
        2.405      2.83493
        2.415      2.98901
        2.425      1.92916
        2.435      0.58669
        2.445      0.15214
        2.455      1.02762
        2.465      2.44807
        2.475      3.13849
        2.485      2.45485
        2.495      0.98700
        2.505      0.04983
        2.515      0.48858
        2.525      1.88170
        2.535      2.90789
        2.545      2.57448
        2.555      1.17098
        2.565      0.02486
        2.575      0.24602
        2.585      1.64482
        2.595      2.88534
        2.605      2.77270
        2.615      1.43922
        2.625      0.24135
        2.635      0.41777
        2.645      1.82680
        2.655      3.05556
        2.665      2.84093
        2.675      1.37907
        2.685      0.15555
        2.695      0.41980
        2.705      1.86785
        2.715      2.93546
        2.725      2.44671
        2.735      0.89129
        2.745     -0.06684
        2.755      0.62312
        2.765      2.23034
        2.775      3.00854
        2.785      2.11443
        2.795      0.56769
        2.805      0.13855
        2.815      1.35475
        2.825      2.86845
        2.835      2.96234
        2.845      1.52307
        2.855      0.20514
        2.865      0.53212
        2.875      2.10190
        2.885      3.02699
        2.895      2.15875
        2.905      0.48383
        2.915     -0.01755
        2.925      1.25129
        2.935      2.75231
        2.945      2.65858
        2.955      1.10445
        2.965      0.05461
        2.975      0.87637
        2.985      2.59839
        2.995      3.08635
        3.005      1.73258
        3.015      0.26038
        3.025      0.54754
        3.035      2.20273
        3.045      3.03898
        3.055      1.91045
        3.065      0.24722
        3.075      0.21463
        3.085      1.84475
        3.095      2.95579
        3.105      2.05228
        3.115      0.36435
        3.125      0.21897
        3.135      1.86813
        3.145      3.09940
        3.155      2.24954
        3.165      0.52541
        3.175      0.35792
        3.185      1.99269
        3.195      3.10260
        3.205      2.06075
        3.215      0.28755
        3.225      0.26790
        3.235      1.98842
        3.245      2.92490
        3.255      1.69399
        3.265      0.10745
        3.275      0.54756
        3.285      2.42873
        3.295      3.01007
        3.305      1.46362
        3.315      0.14748
        3.325      1.07599
        3.335      2.84380
        3.345      2.72613
        3.355      0.85468
        3.365      0.06606
        3.375      1.54118
        3.385      2.94016
        3.395      2.02893
        3.405      0.21283
        3.415      0.36909
        3.425      2.28718
        3.435      2.95526
        3.445      1.35468
        3.455      0.12957
        3.465      1.33038
        3.475      3.03921
        3.485      2.45074
        3.495      0.48660
        3.505      0.32904
        3.515      2.17437
        3.525      2.87990
        3.535      1.20626
        3.545     -0.05361
        3.555      1.25110
        3.565      2.94721
        3.575      2.18573
        3.585      0.32400
        3.595      0.63030
        3.605      2.62995
        3.615      2.87278
        3.625      0.92904
        3.635      0.18596
        3.645      1.91582
        3.655      2.99443
        3.665      1.42481
        3.675     -0.05686
        3.685      1.17500
        3.695      2.90439
        3.705      2.03069
        3.715      0.20216
        3.725      0.84972
        3.735      2.87589
        3.745      2.59854
        3.755      0.53735
        3.765      0.49630
        3.775      2.49946
        3.785      2.71883
        3.795      0.66036
        3.805      0.15878
        3.815      2.14567
        3.825      2.83409
        3.835      0.92302
        3.845      0.13163
        3.855      2.06097
        3.865      3.04704
        3.875      1.22583
        3.885      0.19286
        3.895      1.98500
        3.905      3.03217
        3.915      1.17877
        3.925      0.00719
        3.935      1.77267
        3.945      2.89350
        3.955      1.10657
        3.965      0.06132
        3.975      1.96821
        3.985      3.04519
        3.995      1.16328
        4.005      0.22265
