        0.000      0.04647
        0.005      0.04655
        0.010      0.04657
        0.015      0.04640
        0.020      0.04652
        0.025      0.04647
        0.030      0.04640
        0.035      0.04663
        0.040      0.04663
        0.045      0.04685
        0.050      0.04718
        0.055      0.04763
        0.060      0.04831
        0.065      0.04902
        0.070      0.04985
        0.075      0.05083
        0.080      0.05200
        0.085      0.05364
        0.090      0.05547
        0.095      0.05753
        0.100      0.06010
        0.105      0.06307
        0.110      0.06618
        0.115      0.06995
        0.120      0.07417
        0.125      0.07897
        0.130      0.08418
        0.135      0.09004
        0.140      0.09666
        0.145      0.10356
        0.150      0.11131
        0.155      0.11972
        0.160      0.12875
        0.165      0.13839
        0.170      0.14875
        0.175      0.15964
        0.180      0.17110
        0.185      0.18328
        0.190      0.19572
        0.195      0.20881
        0.200      0.22221
        0.205      0.23594
        0.210      0.24977
        0.215      0.26372
        0.220      0.27767
        0.225      0.29153
        0.230      0.30523
        0.235      0.31825
        0.240      0.33048
        0.245      0.34187
        0.250      0.35245
        0.255      0.36182
        0.260      0.36968
        0.265      0.37628
        0.270      0.38078
        0.275      0.38360
        0.280      0.38430
        0.285      0.38264
        0.290      0.37895
        0.295      0.37288
        0.300      0.36421
        0.305      0.35319
        0.310      0.33981
        0.315      0.32412
        0.320      0.30637
        0.325      0.28655
        0.330      0.26514
        0.335      0.24230
        0.340      0.21834
        0.345      0.19374
        0.350      0.16884
        0.355      0.14413
        0.360      0.12024
        0.365      0.09758
        0.370      0.07650
        0.375      0.05787
        0.380      0.04185
        0.385      0.02925
        0.390      0.01999
        0.395      0.01493
        0.400      0.01391
        0.405      0.01742
        0.410      0.02499
        0.415      0.03694
        0.420      0.05290
        0.425      0.07236
        0.430      0.09513
        0.435      0.12040
        0.440      0.14732
        0.445      0.17529
        0.450      0.20296
        0.455      0.22974
        0.460      0.25447
        0.465      0.27607
        0.470      0.29365
        0.475      0.30632
        0.480      0.31346
        0.485      0.31455
        0.490      0.30919
        0.495      0.29722
        0.500      0.27886
        0.505      0.25478
        0.515      0.19153
        0.525      0.11586
        0.535      0.03960
        0.545     -0.02455
        0.555     -0.06491
        0.565     -0.07339
        0.575     -0.04805
        0.585      0.00643
        0.595      0.07819
        0.605      0.15062
        0.615      0.20561
        0.625      0.22788
        0.635      0.20889
        0.645      0.15032
        0.655      0.06449
        0.665     -0.02745
        0.675     -0.10142
        0.685     -0.13592
        0.695     -0.11988
        0.705     -0.05680
        0.715      0.03601
        0.725      0.12980
        0.735      0.19433
        0.745      0.20746
        0.755      0.16396
        0.765      0.07891
        0.775     -0.01589
        0.785     -0.08270
        0.795     -0.09159
        0.805     -0.03379
        0.815      0.07432
        0.825      0.19361
        0.835      0.27943
        0.845      0.29843
        0.855      0.24549
        0.865      0.14780
        0.875      0.05529
        0.885      0.01784
        0.895      0.06149
        0.905      0.17371
        0.915      0.30645
        0.925      0.39779
        0.935      0.40497
        0.945      0.32726
        0.955      0.21006
        0.965      0.12226
        0.975      0.11876
        0.985      0.20694
        0.995      0.33889
        1.005      0.43698
        1.015      0.43950
        1.025      0.34024
        1.035      0.19673
        1.045      0.09617
        1.055      0.10019
        1.065      0.20187
        1.075      0.32562
        1.085      0.37653
        1.095      0.30734
        1.105      0.15446
        1.115      0.01747
        1.125     -0.01217
        1.135      0.07881
        1.145      0.21110
        1.155      0.26978
        1.165      0.19438
        1.175      0.03171
        1.185     -0.09755
        1.195     -0.09441
        1.205      0.03285
        1.215      0.17069
        1.225      0.19424
        1.235      0.07891
        1.245     -0.07336
        1.255     -0.12027
        1.265     -0.00981
        1.275      0.16586
        1.285      0.25094
        1.295      0.17420
        1.305      0.02311
        1.315     -0.03679
        1.325      0.07489
        1.335      0.26619
        1.345      0.36037
        1.355      0.27747
        1.365      0.12354
        1.375      0.08354
        1.385      0.22090
        1.395      0.40120
        1.405      0.43312
        1.415      0.28434
        1.425      0.12494
        1.435      0.13738
        1.445      0.30201
        1.455      0.41267
        1.465      0.31932
        1.475      0.11496
        1.485      0.03059
        1.495      0.15003
        1.505      0.29922
        1.515      0.25965
        1.525      0.05147
        1.535     -0.08181
        1.545      0.01160
        1.555      0.18612
        1.565      0.18698
        1.575     -0.00243
        1.585     -0.12847
        1.595     -0.01396
        1.605      0.18620
        1.615      0.19624
        1.625      0.01396
        1.635     -0.07509
        1.645      0.08721
        1.655      0.29128
        1.665      0.26384
        1.675      0.08206
        1.685      0.06431
        1.695      0.27857
        1.705      0.42415
        1.715      0.29656
        1.725      0.11743
        1.735      0.18794
        1.745      0.39806
        1.755      0.39641
        1.765      0.17027
        1.775      0.07732
        1.785      0.24827
        1.795      0.35643
        1.805      0.17145
        1.815     -0.03307
        1.825      0.05559
        1.835      0.23676
        1.845      0.14676
        1.855     -0.08561
        1.865     -0.05900
        1.875      0.16707
        1.885      0.17055
        1.895     -0.05215
        1.905     -0.06706
        1.915      0.18108
        1.925      0.25402
        1.935      0.05562
        1.945      0.02623
        1.955      0.28342
        1.965      0.37494
        1.975      0.16638
        1.985      0.11689
        1.995      0.35834
        2.005      0.41665
        2.015      0.17688
        2.025      0.12974
        2.035      0.35395
        2.045      0.33998
        2.055      0.06408
        2.065      0.05402
        2.075      0.26692
        2.085      0.17677
        2.095     -0.07709
        2.105      0.01857
        2.115      0.21736
        2.125      0.04988
        2.135     -0.12006
        2.145      0.09726
        2.155      0.22900
        2.165      0.01312
        2.175      0.00735
        2.185      0.29651
        2.195      0.27566
        2.205      0.06253
        2.215      0.22660
        2.225      0.42955
        2.235      0.22361
        2.245      0.13353
        2.255      0.38544
        2.265      0.34141
        2.275      0.06370
        2.285      0.17691
        2.295      0.32132
        2.305      0.05350
        2.315     -0.02377
        2.325      0.21975
        2.335      0.10134
        2.345     -0.12077
        2.355      0.10194
        2.365      0.18619
        2.375     -0.06339
        2.385      0.06517
        2.395      0.30369
        2.405      0.09644
        2.415      0.08296
        2.425      0.38223
        2.435      0.25916
        2.445      0.11601
        2.455      0.39208
        2.465      0.34050
        2.475      0.08231
        2.485      0.28380
        2.495      0.30494
        2.505      0.00023
        2.515      0.14346
        2.525      0.23760
        2.535     -0.07261
        2.545      0.03209
        2.555      0.20160
        2.565     -0.06861
        2.575      0.03534
        2.585      0.26456
        2.595      0.01880
        2.605      0.11340
        2.615      0.36390
        2.625      0.12404
        2.635      0.21172
        2.645      0.43777
        2.655      0.15441
        2.665      0.21781
        2.675      0.39033
        2.685      0.07315
        2.695      0.15759
        2.705      0.27986
        2.715     -0.05193
        2.725      0.09030
        2.735      0.17407
        2.745     -0.11090
        2.755      0.13358
        2.765      0.16350
        2.775     -0.05602
        2.785      0.26157
        2.795      0.20177
        2.805      0.08156
        2.815      0.41093
        2.825      0.21163
        2.835      0.18391
        2.845      0.42200
        2.855      0.11040
        2.865      0.21421
        2.875      0.29223
        2.885     -0.03843
        2.895      0.19144
        2.905      0.09411
        2.915     -0.08068
        2.925      0.22213
        2.935     -0.01805
        2.945      0.05368
        2.955      0.26789
        2.965      0.00810
        2.975      0.30560
        2.985      0.27127
        2.995      0.12816
        3.005      0.43184
        3.015      0.14812
        3.025      0.24667
        3.035      0.31390
        3.045     -0.00145
        3.055      0.26278
        3.065      0.03258
        3.075      0.01358
        3.085      0.20120
        3.095     -0.10493
        3.105      0.19450
        3.115      0.08797
        3.125      0.07422
        3.135      0.34862
        3.145      0.06644
        3.155      0.36499
        3.165      0.24511
        3.175      0.19076
        3.185      0.39090
        3.195      0.03976
        3.205      0.29066
        3.215      0.06947
        3.225      0.05307
        3.235      0.18810
        3.245     -0.10569
        3.255      0.21950
        3.265     -0.01974
        3.275      0.16217
        3.285      0.22423
        3.295      0.08420
        3.305      0.40134
        3.315      0.10412
        3.325      0.39288
        3.335      0.19373
        3.345      0.19353
        3.355      0.26440
        3.365     -0.00687
        3.375      0.26520
        3.385     -0.08691
        3.395      0.17320
        3.405      0.00561
        3.415      0.08911
        3.425      0.20426
        3.435      0.04646
        3.445      0.36779
        3.455      0.08348
        3.465      0.42096
        3.475      0.14402
        3.485      0.30339
        3.495      0.18725
        3.505      0.11969
        3.515      0.21197
        3.525     -0.05281
        3.535      0.21558
        3.545     -0.10104
        3.555      0.24660
        3.565     -0.02200
        3.575      0.26476
        3.585      0.13397
        3.595      0.27344
        3.605      0.27977
        3.615      0.20042
        3.625      0.32967
        3.635      0.08421
        3.645      0.30740
        3.655     -0.04614
        3.665      0.24117
        3.675     -0.09959
        3.685      0.22834
        3.695     -0.05401
        3.705      0.24973
        3.715      0.06624
        3.725      0.30624
        3.735      0.19030
        3.745      0.29466
        3.755      0.23744
        3.765      0.22037
        3.775      0.21272
        3.785      0.08243
        3.795      0.15569
        3.805     -0.00729
        3.815      0.16177
        3.825     -0.02549
        3.835      0.22718
        3.845      0.04308
        3.855      0.34164
        3.865      0.10690
        3.875      0.39508
        3.885      0.11519
        3.895      0.37424
        3.905      0.03320
        3.915      0.27665
        3.925     -0.05117
        3.935      0.22129
        3.945     -0.08141
        3.955      0.22754
        3.965     -0.01555
        3.975      0.31669
        3.985      0.07906
        3.995      0.37685
        4.005      0.13854
