        0.000      0.04647
        0.005      0.04646
        0.010      0.04664
        0.015      0.04674
        0.020      0.04768
        0.025      0.04937
        0.030      0.05266
        0.035      0.05815
        0.040      0.06620
        0.045      0.07826
        0.050      0.09499
        0.055      0.11740
        0.060      0.14691
        0.065      0.18462
        0.070      0.23174
        0.075      0.28982
        0.080      0.36035
        0.085      0.44526
        0.090      0.54537
        0.095      0.66295
        0.100      0.79876
        0.105      0.95489
        0.110      1.13222
        0.115      1.33224
        0.120      1.55580
        0.125      1.80355
        0.130      2.07625
        0.135      2.37329
        0.140      2.69503
        0.145      3.04025
        0.150      3.40772
        0.155      3.79526
        0.160      4.20039
        0.165      4.61979
        0.170      5.04967
        0.175      5.48491
        0.180      5.91987
        0.185      6.34886
        0.190      6.76465
        0.195      7.15989
        0.200      7.52672
        0.205      7.85657
        0.210      8.14126
        0.215      8.37216
        0.220      8.54117
        0.225      8.64045
        0.230      8.66360
        0.235      8.60443
        0.240      8.45918
        0.245      8.22532
        0.250      7.90287
        0.255      7.49373
        0.260      7.00290
        0.265      6.43784
        0.270      5.80943
        0.275      5.13138
        0.280      4.42004
        0.285      3.69452
        0.290      2.97601
        0.295      2.28712
        0.300      1.65187
        0.305      1.09425
        0.310      0.63740
        0.315      0.30228
        0.320      0.10727
        0.325      0.06616
        0.330      0.18786
        0.335      0.47485
        0.340      0.92320
        0.345      1.52068
        0.350      2.24774
        0.355      3.07755
        0.360      3.97617
        0.365      4.90382
        0.370      5.81654
        0.375      6.66801
        0.380      7.41218
        0.385      8.00520
        0.390      8.40952
        0.395      8.59480
        0.400      8.54245
        0.405      8.24639
        0.410      7.71472
        0.415      6.97148
        0.420      6.05518
        0.425      5.01775
        0.430      3.92286
        0.435      2.84198
        0.440      1.84908
        0.445      1.01696
        0.450      0.41026
        0.455      0.08098
        0.460      0.06273
        0.465      0.36700
        0.470      0.98003
        0.475      1.86304
        0.480      2.95226
        0.485      4.16357
        0.490      5.39772
        0.495      6.54844
        0.500      7.51121
        0.505      8.20170
        0.515      8.46381
        0.525      7.17204
        0.535      4.73645
        0.545      2.07114
        0.555      0.27084
        0.565      0.15296
        0.575      1.85049
        0.585      4.66567
        0.595      7.30607
        0.605      8.45958
        0.615      7.46849
        0.625      4.75292
        0.635      1.70240
        0.645      0.00065
        0.655      0.68010
        0.665      3.43852
        0.675      6.68326
        0.685      8.40454
        0.695      7.43497
        0.705      4.30841
        0.715      1.06110
        0.725     -0.05335
        0.735      1.83786
        0.745      5.45740
        0.755      8.14872
        0.765      7.81070
        0.775      4.61289
        0.785      1.05222
        0.795      0.07270
        0.805      2.59830
        0.815      6.56158
        0.825      8.50404
        0.835      6.61309
        0.845      2.53499
        0.855      0.07447
        0.865      1.66674
        0.875      5.86428
        0.885      8.51950
        0.895      6.87159
        0.905      2.55221
        0.915      0.13785
        0.925      2.33573
        0.935      6.83215
        0.945      8.59192
        0.955      5.52055
        0.965      1.12787
        0.975      0.65869
        0.985      4.77814
        0.995      8.46386
        1.005      7.03735
        1.015      2.22769
        1.025      0.27414
        1.035      3.84600
        1.045      8.20750
        1.055      7.34581
        1.065      2.34609
        1.075      0.22730
        1.085      4.08519
        1.095      8.33212
        1.105      6.60681
        1.115      1.39909
        1.125      0.65504
        1.135      5.60211
        1.145      8.46441
        1.155      4.56865
        1.165      0.13631
        1.175      2.46911
        1.185      7.72220
        1.195      6.96445
        1.205      1.40234
        1.215      0.71002
        1.225      6.19404
        1.235      8.07460
        1.245      2.86873
        1.255      0.08928
        1.265      4.96467
        1.275      8.36652
        1.285      3.77145
        1.295      0.04361
        1.305      4.57480
        1.315      8.49176
        1.325      3.93348
        1.335      0.12085
        1.345      4.94618
        1.355      8.47162
        1.365      3.28919
        1.375      0.41826
        1.385      6.13093
        1.395      8.08932
        1.405      1.95576
        1.415      1.31663
        1.425      7.64380
        1.435      6.59200
        1.445      0.51601
        1.455      3.48946
        1.465      8.59503
        1.475      3.71306
        1.485      0.38993
        1.495      6.58764
        1.505      7.19004
        1.515      0.63397
        1.525      3.14335
        1.535      8.44772
        1.545      3.08733
        1.555      0.63280
        1.565      7.35761
        1.575      5.78803
        1.585     -0.00112
        1.595      5.31068
        1.605      7.62692
        1.615      0.71763
        1.625      3.28491
        1.635      8.35600
        1.645      2.01596
        1.655      1.93122
        1.665      8.45554
        1.675      3.27168
        1.685      1.13567
        1.695      8.20044
        1.705      4.15144
        1.715      0.82044
        1.725      8.03957
        1.735      4.56971
        1.745      0.69197
        1.755      7.94341
        1.765      4.46122
        1.775      0.78659
        1.785      8.11271
        1.795      3.88283
        1.805      1.07571
        1.815      8.28581
        1.825      2.84796
        1.835      1.86320
        1.845      8.41215
        1.855      1.55847
        1.865      3.22074
        1.875      7.94014
        1.885      0.40505
        1.895      5.28049
        1.905      6.60162
        1.915      0.06734
        1.925      7.37490
        1.935      4.17367
        1.945      1.35850
        1.955      8.54579
        1.965      1.47864
        1.975      4.30064
        1.985      7.33840
        1.995      0.24714
        2.005      7.63032
        2.015      3.85583
        2.025      2.08541
        2.035      8.37668
        2.045      0.53279
        2.055      6.28260
        2.065      5.10281
        2.075      1.12244
        2.085      8.38313
        2.095      0.67775
        2.105      5.82383
        2.115      5.09819
        2.125      1.13454
        2.135      8.27816
        2.145      0.36444
        2.155      6.62401
        2.165      4.01218
        2.175      2.32406
        2.185      7.80970
        2.195      0.17615
        2.205      8.15203
        2.215      1.92627
        2.225      5.02099
        2.235      5.68683
        2.245      1.54572
        2.255      8.33288
        2.265      0.21739
        2.275      8.03028
        2.285      1.70628
        2.295      5.51652
        2.305      4.66719
        2.315      2.35902
        2.325      7.24175
        2.335      0.38158
        2.345      8.37043
        2.355      0.14702
        2.365      7.70091
        2.375      1.48862
        2.385      6.00245
        2.395      3.63975
        2.405      3.84087
        2.415      5.78250
        2.425      2.06326
        2.435      7.46487
        2.445      0.81597
        2.455      8.32581
        2.465      0.30126
        2.475      8.58865
        2.485      0.27241
        2.495      8.21498
        2.505      0.63211
        2.515      7.68285
        2.525      1.15465
        2.535      6.94396
        2.545      1.72856
        2.555      6.40275
        2.565      2.27035
        2.575      5.90009
        2.585      2.69247
        2.595      5.71485
        2.605      2.98817
        2.615      5.60457
        2.625      3.07125
        2.635      5.79065
        2.645      2.95818
        2.655      5.99040
        2.665      2.59691
        2.675      6.44437
        2.685      2.05320
        2.695      6.86065
        2.705      1.37872
        2.715      7.47712
        2.725      0.70712
        2.735      7.93374
        2.745      0.21192
        2.755      8.35656
        2.765      0.05795
        2.775      8.27502
        2.785      0.50290
        2.795      7.72719
        2.805      1.57368
        2.815      6.35433
        2.825      3.39117
        2.835      4.42620
        2.845      5.46425
        2.855      2.22071
        2.865      7.46960
        2.875      0.53082
        2.885      8.36014
        2.895      0.18364
        2.905      7.78829
        2.915      1.58362
        2.925      5.44854
        2.935      4.50331
        2.945      2.43561
        2.955      7.35261
        2.965      0.36036
        2.975      8.51897
        2.985      0.80665
        2.995      6.65753
        3.005      3.94339
        3.015      2.98733
        3.025      7.41334
        3.035      0.32134
        3.045      8.35505
        3.055      1.29286
        3.065      5.27609
        3.075      5.40097
        3.085      1.11265
        3.095      8.25912
        3.105      0.43026
        3.115      6.51625
        3.125      4.40067
        3.135      1.82054
        3.145      8.38987
        3.155      0.46350
        3.165      6.65457
        3.175      4.79287
        3.185      1.52370
        3.195      8.42920
        3.205      0.83750
        3.215      5.46329
        3.225      5.94363
        3.235      0.38644
        3.245      8.14119
        3.255      2.31259
        3.265      2.97578
        3.275      7.98467
        3.285      0.33493
        3.295      6.14950
        3.305      5.90574
        3.315      0.53159
        3.325      8.08328
        3.335      3.39693
        3.345      1.96236
        3.355      8.41734
        3.365      1.44983
        3.375      3.64672
        3.385      7.79209
        3.395      0.41940
        3.405      5.12017
        3.415      6.97708
        3.425      0.16014
        3.435      6.22548
        3.445      6.36772
        3.455      0.24761
        3.465      6.84295
        3.475      6.00258
        3.485      0.26752
        3.495      6.90763
        3.505      5.89135
        3.515      0.12935
        3.525      6.54528
        3.535      6.19120
        3.545      0.06392
        3.555      5.89411
        3.565      6.96809
        3.575      0.33967
        3.585      4.87156
        3.595      7.93572
        3.605      1.12515
        3.615      3.29870
        3.625      8.47575
        3.635      2.56589
        3.645      1.39866
        3.655      7.97122
        3.665      4.77155
        3.675      0.11662
        3.685      6.10553
        3.695      7.27218
        3.705      0.66485
        3.715      3.18136
        3.725      8.56627
        3.735      3.47048
        3.745      0.63218
        3.755      6.94896
        3.765      7.05888
        3.775      0.75776
        3.785      2.84099
        3.795      8.27168
        3.805      4.41551
        3.815      0.06261
        3.825      5.14054
        3.835      8.22257
        3.845      2.45999
        3.855      0.77782
        3.865      6.85032
        3.875      7.55731
        3.885      1.59180
        3.895      1.44800
        3.905      7.33706
        3.915      7.09385
        3.925      1.07818
        3.935      1.44753
        3.945      7.32515
        3.955      7.06100
        3.965      1.40132
        3.975      1.17089
        3.985      6.84643
        3.995      7.94668
        4.005      2.41404
