        0.000      0.04647
        0.005      0.04646
        0.010      0.04631
        0.015      0.04633
        0.020      0.04669
        0.025      0.04663
        0.030      0.04726
        0.035      0.04819
        0.040      0.04944
        0.045      0.05162
        0.050      0.05433
        0.055      0.05792
        0.060      0.06274
        0.065      0.06892
        0.070      0.07649
        0.075      0.08588
        0.080      0.09727
        0.085      0.11086
        0.090      0.12749
        0.095      0.14656
        0.100      0.16907
        0.105      0.19498
        0.110      0.22480
        0.115      0.25867
        0.120      0.29684
        0.125      0.33973
        0.130      0.38766
        0.135      0.44062
        0.140      0.49895
        0.145      0.56315
        0.150      0.63320
        0.155      0.70878
        0.160      0.79035
        0.165      0.87799
        0.170      0.97128
        0.175      1.07035
        0.180      1.17489
        0.185      1.28476
        0.190      1.39939
        0.195      1.51801
        0.200      1.64032
        0.205      1.76538
        0.210      1.89237
        0.215      2.02021
        0.220      2.14773
        0.225      2.27411
        0.230      2.39775
        0.235      2.51711
        0.240      2.63099
        0.245      2.73749
        0.250      2.83526
        0.255      2.92239
        0.260      2.99744
        0.265      3.05839
        0.270      3.10416
        0.275      3.13311
        0.280      3.14379
        0.285      3.13492
        0.290      3.10585
        0.295      3.05556
        0.300      2.98420
        0.305      2.89148
        0.310      2.77750
        0.315      2.64343
        0.320      2.49068
        0.325      2.32037
        0.330      2.13499
        0.335      1.93740
        0.340      1.73042
        0.345      1.51763
        0.350      1.30310
        0.355      1.09109
        0.360      0.88591
        0.365      0.69227
        0.370      0.51514
        0.375      0.35875
        0.380      0.22799
        0.385      0.12655
        0.390      0.05790
        0.395      0.02565
        0.400      0.03129
        0.405      0.07649
        0.410      0.16131
        0.415      0.28505
        0.420      0.44532
        0.425      0.63886
        0.430      0.86112
        0.435      1.10622
        0.440      1.36764
        0.445      1.63762
        0.450      1.90761
        0.455      2.16843
        0.460      2.41134
        0.465      2.62702
        0.470      2.80702
        0.475      2.94370
        0.480      3.03064
        0.485      3.06291
        0.490      3.03742
        0.495      2.95332
        0.500      2.81198
        0.505      2.61690
        0.515      2.09552
        0.525      1.46465
        0.535      0.82890
        0.545      0.30321
        0.555     -0.00772
        0.565     -0.03233
        0.575      0.24809
        0.585      0.78920
        0.595      1.48531
        0.605      2.18614
        0.615      2.72803
        0.625      2.97200
        0.635      2.84234
        0.645      2.35341
        0.655      1.61609
        0.665      0.81748
        0.675      0.17669
        0.685     -0.11667
        0.695      0.03791
        0.705      0.61151
        0.715      1.44209
        0.725      2.27372
        0.735      2.83269
        0.745      2.92045
        0.755      2.48955
        0.765      1.67554
        0.775      0.76433
        0.785      0.09654
        0.795     -0.05869
        0.805      0.38128
        0.815      1.26498
        0.825      2.24739
        0.835      2.92175
        0.845      2.99133
        0.855      2.41025
        0.865      1.42582
        0.875      0.48588
        0.885      0.04175
        0.895      0.32959
        0.905      1.23566
        0.915      2.32861
        0.925      3.05686
        0.935      3.03345
        0.945      2.25467
        0.955      1.13070
        0.965      0.28451
        0.975      0.21087
        0.985      0.97730
        0.995      2.15588
        1.005      3.04756
        1.015      3.09571
        1.025      2.24582
        1.035      1.01269
        1.045      0.18216
        1.055      0.30718
        1.065      1.31931
        1.075      2.53839
        1.085      3.10957
        1.095      2.60256
        1.105      1.34769
        1.115      0.23907
        1.125      0.09778
        1.135      1.04286
        1.145      2.35820
        1.155      3.00873
        1.165      2.44879
        1.175      1.09288
        1.185      0.02744
        1.195      0.13738
        1.205      1.34464
        1.215      2.62436
        1.225      2.85359
        1.235      1.80610
        1.245      0.40272
        1.255     -0.07414
        1.265      0.84480
        1.275      2.33109
        1.285      2.98667
        1.295      2.17280
        1.305      0.67561
        1.315     -0.01072
        1.325      0.83863
        1.335      2.39910
        1.345      3.08305
        1.355      2.17618
        1.365      0.64026
        1.375      0.14662
        1.385      1.27400
        1.395      2.81547
        1.405      3.05710
        1.415      1.70796
        1.425      0.29639
        1.435      0.46257
        1.445      2.02520
        1.455      3.12444
        1.465      2.40744
        1.475      0.70850
        1.485      0.10142
        1.495      1.34371
        1.505      2.86160
        1.515      2.68200
        1.525      0.98422
        1.535     -0.05293
        1.545      0.92867
        1.555      2.61157
        1.565      2.69795
        1.575      1.03540
        1.585     -0.09228
        1.595      0.90973
        1.605      2.65402
        1.615      2.65635
        1.625      0.90460
        1.635     -0.03782
        1.645      1.25675
        1.655      2.90523
        1.665      2.45231
        1.675      0.60490
        1.685      0.24292
        1.695      1.99135
        1.705      3.15755
        1.715      1.90695
        1.725      0.23757
        1.735      0.85831
        1.745      2.77639
        1.755      2.82829
        1.765      0.89660
        1.775      0.19877
        1.785      1.91092
        1.795      3.08597
        1.805      1.64016
        1.815      0.02360
        1.825      1.03072
        1.835      2.84466
        1.845      2.17626
        1.855      0.18452
        1.865      0.48045
        1.875      2.53289
        1.885      2.54021
        1.895      0.47319
        1.905      0.22992
        1.915      2.30890
        1.925      2.76657
        1.935      0.75064
        1.945      0.24219
        1.955      2.32159
        1.965      2.93870
        1.975      0.89412
        1.985      0.32778
        1.995      2.42520
        2.005      2.92235
        2.015      0.78995
        2.025      0.44992
        2.035      2.61473
        2.045      2.69111
        2.055      0.44726
        2.065      0.61039
        2.075      2.76836
        2.085      2.16999
        2.095      0.05818
        2.105      1.05133
        2.115      2.93055
        2.125      1.46661
        2.135     -0.07529
        2.145      1.80106
        2.155      2.83814
        2.165      0.68520
        2.175      0.38620
        2.185      2.73030
        2.195      2.29717
        2.205      0.16273
        2.215      1.45494
        2.225      3.13766
        2.235      1.19463
        2.245      0.36415
        2.255      2.69843
        2.265      2.45327
        2.275      0.17443
        2.285      1.45002
        2.295      3.01037
        2.305      0.84453
        2.315      0.36785
        2.325      2.74717
        2.335      1.82915
        2.345     -0.07946
        2.355      1.93390
        2.365      2.61054
        2.375      0.19726
        2.385      1.12927
        2.395      3.02304
        2.405      0.90061
        2.415      0.52911
        2.425      2.98589
        2.435      1.67570
        2.445      0.24623
        2.455      2.68578
        2.465      2.28527
        2.475      0.12289
        2.485      2.15966
        2.495      2.60358
        2.505      0.12087
        2.515      1.67046
        2.525      2.76451
        2.535      0.18236
        2.545      1.26105
        2.555      2.82337
        2.565      0.31899
        2.575      1.09697
        2.585      2.94742
        2.595      0.49146
        2.605      1.07438
        2.615      3.04467
        2.625      0.61549
        2.635      1.19459
        2.645      3.12629
        2.655      0.59398
        2.665      1.28342
        2.675      3.02477
        2.685      0.40453
        2.695      1.43638
        2.705      2.83430
        2.715      0.13702
        2.725      1.64489
        2.735      2.52211
        2.745     -0.03485
        2.755      2.07974
        2.765      2.19181
        2.775      0.00121
        2.785      2.58488
        2.795      1.73025
        2.805      0.33488
        2.815      3.05965
        2.825      1.13989
        2.835      0.88222
        2.845      3.10773
        2.855      0.46512
        2.865      1.63983
        2.875      2.65315
        2.885      0.01237
        2.895      2.37305
        2.905      1.69044
        2.915      0.20022
        2.925      2.91257
        2.935      0.65812
        2.945      1.12136
        2.955      2.76965
        2.965      0.09017
        2.975      2.43776
        2.985      1.87780
        2.995      0.44488
        3.005      3.12927
        3.015      0.62208
        3.025      1.66967
        3.035      2.55211
        3.045      0.06298
        3.055      2.77725
        3.065      0.96321
        3.075      0.95607
        3.085      2.72231
        3.095     -0.04699
        3.105      2.50953
        3.115      1.28342
        3.125      0.81514
        3.135      2.94978
        3.145      0.14141
        3.155      2.63634
        3.165      1.44898
        3.175      0.97278
        3.185      2.94819
        3.195      0.09289
        3.205      2.69912
        3.215      1.02370
        3.225      1.12607
        3.235      2.52727
        3.245     -0.02444
        3.255      2.85009
        3.265      0.48548
        3.275      1.80784
        3.285      2.03330
        3.295      0.47335
        3.305      3.06435
        3.315      0.20270
        3.325      2.76385
        3.335      1.12102
        3.345      1.40463
        3.355      2.36700
        3.365      0.23889
        3.375      2.97761
        3.385      0.04432
        3.395      2.48775
        3.405      0.90065
        3.415      1.42426
        3.425      2.16432
        3.435      0.42727
        3.445      2.99145
        3.455      0.14140
        3.465      3.02760
        3.475      0.58352
        3.485      2.22453
        3.495      1.45789
        3.505      1.16744
        3.515      2.34331
        3.525      0.26589
        3.535      2.83821
        3.545     -0.04260
        3.555      2.91307
        3.565      0.24250
        3.575      2.50101
        3.585      0.95235
        3.595      1.88525
        3.605      1.79127
        3.615      1.11706
        3.625      2.44515
        3.635      0.49292
        3.645      2.85540
        3.655      0.05859
        3.665      2.93063
        3.675     -0.02969
        3.685      2.87432
        3.695      0.17462
        3.705      2.63138
        3.715      0.59454
        3.725      2.37168
        3.735      1.08806
        3.745      1.95816
        3.755      1.50378
        3.765      1.54608
        3.775      1.83079
        3.785      1.06943
        3.795      2.04781
        3.805      0.74199
        3.815      2.29558
        3.825      0.51077
        3.835      2.51180
        3.845      0.45269
        3.855      2.76333
        3.865      0.40493
        3.875      2.87396
        3.885      0.36832
        3.895      2.92057
        3.905      0.23901
        3.915      2.82104
        3.925      0.15690
        3.935      2.78936
        3.945      0.12247
        3.955      2.75617
        3.965      0.22869
        3.975      2.82647
        3.985      0.36371
        3.995      2.79562
        4.005      0.52804
