        0.000      0.04647
        0.005      0.04656
        0.010      0.04644
        0.015      0.04661
        0.020      0.04684
        0.025      0.04728
        0.030      0.04863
        0.035      0.05056
        0.040      0.05352
        0.045      0.05797
        0.050      0.06389
        0.055      0.07199
        0.060      0.08263
        0.065      0.09630
        0.070      0.11333
        0.075      0.13436
        0.080      0.15983
        0.085      0.19033
        0.090      0.22653
        0.095      0.26861
        0.100      0.31769
        0.105      0.37383
        0.110      0.43782
        0.115      0.50975
        0.120      0.59021
        0.125      0.67955
        0.130      0.77761
        0.135      0.88476
        0.140      1.00031
        0.145      1.12475
        0.150      1.25704
        0.155      1.39651
        0.160      1.54233
        0.165      1.69305
        0.170      1.84788
        0.175      2.00463
        0.180      2.16128
        0.185      2.31547
        0.190      2.46512
        0.195      2.60724
        0.200      2.73931
        0.205      2.85784
        0.210      2.96029
        0.215      3.04340
        0.220      3.10392
        0.225      3.13953
        0.230      3.14754
        0.235      3.12606
        0.240      3.07348
        0.245      2.98918
        0.250      2.87280
        0.255      2.72516
        0.260      2.54814
        0.265      2.34433
        0.270      2.11782
        0.275      1.87325
        0.280      1.61672
        0.285      1.35504
        0.290      1.09588
        0.295      0.84735
        0.300      0.61810
        0.305      0.41664
        0.310      0.25156
        0.315      0.13027
        0.320      0.05935
        0.325      0.04392
        0.330      0.08694
        0.335      0.18958
        0.340      0.35012
        0.345      0.56436
        0.350      0.82541
        0.355      1.12309
        0.360      1.44569
        0.365      1.77882
        0.370      2.10654
        0.375      2.41204
        0.380      2.67885
        0.385      2.89134
        0.390      3.03595
        0.395      3.10160
        0.400      3.08178
        0.405      2.97414
        0.410      2.78163
        0.415      2.51300
        0.420      2.18177
        0.425      1.80720
        0.430      1.41202
        0.435      1.02167
        0.440      0.66295
        0.445      0.36214
        0.450      0.14241
        0.455      0.02246
        0.460      0.01448
        0.465      0.12257
        0.470      0.34175
        0.475      0.65797
        0.480      1.04846
        0.485      1.48263
        0.490      1.92519
        0.495      2.33749
        0.500      2.68230
        0.505      2.92895
        0.515      3.01925
        0.525      2.54965
        0.535      1.66828
        0.545      0.70387
        0.555      0.05080
        0.565      0.00342
        0.575      0.60961
        0.585      1.61842
        0.595      2.56499
        0.605      2.97640
        0.615      2.61628
        0.625      1.63582
        0.635      0.53527
        0.645     -0.07950
        0.655      0.16348
        0.665      1.15486
        0.675      2.32135
        0.685      2.93972
        0.695      2.58959
        0.705      1.46312
        0.715      0.29346
        0.725     -0.10762
        0.735      0.57407
        0.745      1.87896
        0.755      2.85074
        0.765      2.73334
        0.775      1.58717
        0.785      0.31147
        0.795     -0.03427
        0.805      0.88208
        0.815      2.31608
        0.825      3.02257
        0.835      2.34889
        0.845      0.88802
        0.855      0.00942
        0.865      0.59029
        0.875      2.10966
        0.885      3.07442
        0.895      2.49075
        0.905      0.94564
        0.915      0.08598
        0.925      0.88594
        0.935      2.51190
        0.945      3.15129
        0.955      2.04990
        0.965      0.47125
        0.975      0.30371
        0.985      1.78769
        0.995      3.11493
        1.005      2.60160
        1.015      0.86957
        1.025      0.16495
        1.035      1.44757
        1.045      3.01235
        1.055      2.69499
        1.065      0.88598
        1.075      0.11314
        1.085      1.49162
        1.095      3.01062
        1.105      2.38035
        1.115      0.49706
        1.125      0.22059
        1.135      1.99227
        1.145      3.01231
        1.155      1.59889
        1.165     -0.00798
        1.175      0.82171
        1.185      2.70502
        1.195      2.42679
        1.205      0.42186
        1.215      0.17173
        1.225      2.14559
        1.235      2.82260
        1.245      0.94887
        1.255     -0.05040
        1.265      1.70884
        1.275      2.94068
        1.285      1.29713
        1.295     -0.03206
        1.305      1.61226
        1.315      3.03494
        1.325      1.40546
        1.335      0.04345
        1.345      1.79177
        1.355      3.07312
        1.365      1.22089
        1.375      0.20029
        1.385      2.26641
        1.395      2.97724
        1.405      0.77095
        1.415      0.53969
        1.425      2.81503
        1.435      2.43383
        1.445      0.24312
        1.455      1.30753
        1.465      3.13537
        1.475      1.36441
        1.485      0.15189
        1.495      2.36779
        1.505      2.57110
        1.515      0.19984
        1.525      1.09266
        1.535      2.99041
        1.545      1.04826
        1.555      0.15251
        1.565      2.56532
        1.575      1.99712
        1.585     -0.08486
        1.595      1.83108
        1.605      2.66927
        1.615      0.18636
        1.625      1.11724
        1.635      2.95447
        1.645      0.68825
        1.655      0.67633
        1.665      3.04189
        1.675      1.19003
        1.685      0.43274
        1.695      2.98851
        1.705      1.54428
        1.715      0.35795
        1.725      2.96363
        1.735      1.71487
        1.745      0.31290
        1.755      2.91634
        1.765      1.65534
        1.775      0.32435
        1.785      2.94863
        1.795      1.40810
        1.805      0.37654
        1.815      2.95399
        1.825      0.98249
        1.835      0.61781
        1.845      2.96432
        1.855      0.48556
        1.865      1.07469
        1.875      2.77121
        1.885      0.06410
        1.895      1.82852
        1.905      2.31353
        1.915     -0.02960
        1.925      2.61413
        1.935      1.48076
        1.945      0.49008
        1.955      3.09670
        1.965      0.56664
        1.975      1.59290
        1.985      2.69764
        1.995      0.15585
        2.005      2.81801
        2.015      1.45407
        2.025      0.80419
        2.035      3.05601
        2.045      0.22039
        2.055      2.27572
        2.065      1.83080
        2.075      0.37422
        2.085      2.96881
        2.095      0.18308
        2.105      2.02788
        2.115      1.75868
        2.125      0.32423
        2.135      2.89669
        2.145      0.05861
        2.155      2.32734
        2.165      1.40182
        2.175      0.80751
        2.185      2.80149
        2.195      0.07813
        2.205      2.97086
        2.215      0.74293
        2.225      1.86375
        2.235      2.11031
        2.245      0.62518
        2.255      3.06336
        2.265      0.12572
        2.275      2.91925
        2.285      0.62609
        2.295      1.98158
        2.305      1.65425
        2.315      0.79882
        2.325      2.54028
        2.335      0.06464
        2.345      2.93704
        2.355     -0.02658
        2.365      2.69558
        2.375      0.47322
        2.385      2.11939
        2.395      1.28781
        2.405      1.37673
        2.415      2.09738
        2.425      0.78353
        2.435      2.74397
        2.445      0.35447
        2.455      3.05903
        2.465      0.17127
        2.475      3.14578
        2.485      0.13105
        2.495      2.96604
        2.505      0.21748
        2.515      2.73764
        2.525      0.36542
        2.535      2.42955
        2.545      0.54434
        2.555      2.22933
        2.565      0.74469
        2.575      2.05712
        2.585      0.92026
        2.595      2.03448
        2.605      1.07499
        2.615      2.03418
        2.625      1.14381
        2.635      2.14355
        2.645      1.13040
        2.655      2.21628
        2.665      0.98903
        2.675      2.36467
        2.685      0.76118
        2.695      2.46289
        2.705      0.46823
        2.715      2.64713
        2.725      0.19075
        2.735      2.77778
        2.745     -0.00141
        2.755      2.93983
        2.765     -0.03838
        2.775      2.93564
        2.785      0.16572
        2.795      2.79315
        2.805      0.59499
        2.815      2.33356
        2.825      1.28480
        2.835      1.65951
        2.845      2.02044
        2.855      0.83995
        2.865      2.71412
        2.875      0.18834
        2.885      2.97782
        2.895      0.01689
        2.905      2.74092
        2.915      0.49320
        2.925      1.88328
        2.935      1.55776
        2.945      0.82948
        2.955      2.61656
        2.965      0.12765
        2.975      3.09343
        2.985      0.33271
        2.995      2.45120
        3.005      1.48568
        3.015      1.13468
        3.025      2.70697
        3.035      0.13603
        3.045      3.00629
        3.055      0.43247
        3.065      1.84323
        3.075      1.87909
        3.085      0.32747
        3.095      2.89864
        3.105      0.09694
        3.115      2.31043
        3.125      1.56823
        3.135      0.66682
        3.145      3.06085
        3.155      0.21931
        3.165      2.45331
        3.175      1.78683
        3.185      0.59368
        3.195      3.05225
        3.205      0.29850
        3.215      1.93885
        3.225      2.08293
        3.235      0.06969
        3.245      2.86035
        3.255      0.76251
        3.265      1.01613
        3.275      2.84780
        3.285      0.11714
        3.295      2.23458
        3.305      2.17509
        3.315      0.25012
        3.325      2.96548
        3.335      1.27521
        3.345      0.73719
        3.355      3.02884
        3.365      0.49864
        3.375      1.26608
        3.385      2.73577
        3.395      0.07914
        3.405      1.77864
        3.415      2.45725
        3.425      0.03016
        3.435      2.24446
        3.445      2.31628
        3.455      0.13743
        3.465      2.52549
        3.475      2.21383
        3.485      0.13892
        3.495      2.50937
        3.505      2.10839
        3.515      0.00988
        3.525      2.30129
        3.535      2.15616
        3.545     -0.04697
        3.555      2.06717
        3.565      2.47017
        3.575      0.11526
        3.585      1.77742
        3.595      2.89716
        3.605      0.46348
        3.615      1.24644
        3.625      3.09036
        3.635      0.94554
        3.645      0.49573
        3.655      2.82861
        3.665      1.66094
        3.675     -0.02737
        3.685      2.12692
        3.695      2.56714
        3.705      0.20966
        3.715      1.14342
        3.725      3.11588
        3.735      1.29609
        3.745      0.28477
        3.755      2.55720
        3.765      2.57047
        3.775      0.27948
        3.785      1.00073
        3.795      2.92415
        3.805      1.52524
        3.815     -0.04624
        3.825      1.78933
        3.835      2.92692
        3.845      0.87743
        3.855      0.30228
        3.865      2.51575
        3.875      2.77395
        3.885      0.62728
        3.895      0.55660
        3.905      2.64332
        3.915      2.53192
        3.925      0.33639
        3.935      0.45330
        3.945      2.57262
        3.955      2.48523
        3.965      0.47529
        3.975      0.42266
        3.985      2.48997
        3.995      2.91324
        4.005      0.92254
