        0.000      0.04647
        0.005      0.04660
        0.010      0.04657
        0.015      0.04649
        0.020      0.04666
        0.025      0.04659
        0.030      0.04706
        0.035      0.04776
        0.040      0.04865
        0.045      0.04997
        0.050      0.05191
        0.055      0.05446
        0.060      0.05770
        0.065      0.06204
        0.070      0.06723
        0.075      0.07371
        0.080      0.08178
        0.085      0.09150
        0.090      0.10311
        0.095      0.11664
        0.100      0.13254
        0.105      0.15094
        0.110      0.17232
        0.115      0.19648
        0.120      0.22384
        0.125      0.25515
        0.130      0.29024
        0.135      0.32939
        0.140      0.37307
        0.145      0.42154
        0.150      0.47492
        0.155      0.53371
        0.160      0.59817
        0.165      0.66883
        0.170      0.74530
        0.175      0.82840
        0.180      0.91836
        0.185      1.01522
        0.190      1.11936
        0.195      1.23099
        0.200      1.35029
        0.205      1.47757
        0.210      1.61301
        0.215      1.75643
        0.220      1.90779
        0.225      2.06768
        0.230      2.23582
        0.235      2.41201
        0.240      2.59633
        0.245      2.78864
        0.250      2.98849
        0.255      3.19616
        0.260      3.41070
        0.265      3.63200
        0.270      3.85942
        0.275      4.09271
        0.280      4.33092
        0.285      4.57350
        0.290      4.81948
        0.295      5.06828
        0.300      5.31872
        0.305      5.56956
        0.310      5.82030
        0.315      6.06932
        0.320      6.31532
        0.325      6.55695
        0.330      6.79292
        0.335      7.02191
        0.340      7.24187
        0.345      7.45185
        0.350      7.64998
        0.355      7.83455
        0.360      8.00402
        0.365      8.15680
        0.370      8.29098
        0.375      8.40522
        0.380      8.49820
        0.385      8.56791
        0.390      8.61358
        0.395      8.63360
        0.400      8.62675
        0.405      8.59221
        0.410      8.52906
        0.415      8.43676
        0.420      8.31492
        0.425      8.16326
        0.430      7.98205
        0.435      7.77127
        0.440      7.53204
        0.445      7.26487
        0.450      6.97140
        0.455      6.65295
        0.460      6.31146
        0.465      5.94935
        0.470      5.56882
        0.475      5.17326
        0.480      4.76547
        0.485      4.34904
        0.490      3.92788
        0.495      3.50592
        0.500      3.08727
        0.505      2.67262
        0.515      1.89499
        0.525      1.20250
        0.535      0.63222
        0.545      0.21816
        0.555     -0.01105
        0.565     -0.03378
        0.575      0.16218
        0.585      0.57733
        0.595      1.19962
        0.605      2.00382
        0.615      2.95038
        0.625      3.98851
        0.635      5.05582
        0.645      6.08390
        0.655      7.00151
        0.665      7.73931
        0.675      8.23629
        0.685      8.44494
        0.695      8.33627
        0.705      7.90488
        0.715      7.17192
        0.725      6.18451
        0.735      5.01619
        0.745      3.76118
        0.755      2.52813
        0.765      1.43154
        0.775      0.58021
        0.785      0.06665
        0.795     -0.04455
        0.805      0.27360
        0.815      1.00528
        0.825      2.08910
        0.835      3.42102
        0.845      4.86254
        0.855      6.25423
        0.865      7.43349
        0.875      8.25292
        0.885      8.60188
        0.895      8.42240
        0.905      7.72133
        0.915      6.57427
        0.925      5.12145
        0.935      3.55233
        0.945      2.08309
        0.955      0.92669
        0.965      0.26163
        0.975      0.20233
        0.985      0.77644
        0.995      1.91502
        1.005      3.45568
        1.015      5.16283
        1.025      6.76157
        1.035      7.98145
        1.045      8.60371
        1.055      8.50206
        1.065      7.67287
        1.075      6.24362
        1.085      4.45723
        1.095      2.63517
        1.105      1.11977
        1.115      0.20931
        1.125      0.09641
        1.135      0.82131
        1.145      2.25520
        1.155      4.11653
        1.165      6.02097
        1.175      7.55897
        1.185      8.38349
        1.195      8.29214
        1.205      7.28129
        1.215      5.55809
        1.225      3.50523
        1.235      1.59878
        1.245      0.29997
        1.255     -0.06017
        1.265      0.63012
        1.275      2.22315
        1.285      4.33449
        1.295      6.43121
        1.305      7.96447
        1.315      8.51612
        1.325      7.91985
        1.335      6.32017
        1.345      4.14827
        1.355      2.01378
        1.365      0.53702
        1.375      0.16829
        1.385      1.04489
        1.395      2.93315
        1.405      5.28188
        1.415      7.37738
        1.425      8.55940
        1.435      8.43398
        1.445      7.01370
        1.455      4.73320
        1.465      2.32441
        1.475      0.58546
        1.485      0.11225
        1.495      1.08428
        1.505      3.18286
        1.515      5.68174
        1.525      7.68812
        1.535      8.46095
        1.545      7.68773
        1.555      5.62254
        1.565      3.01360
        1.575      0.84084
        1.585     -0.05242
        1.595      0.70515
        1.605      2.84558
        1.615      5.54133
        1.625      7.71705
        1.635      8.47949
        1.645      7.49559
        1.655      5.15537
        1.665      2.43530
        1.675      0.50322
        1.685      0.21814
        1.695      1.74029
        1.705      4.43205
        1.715      7.11175
        1.725      8.56937
        1.735      8.12053
        1.745      5.94543
        1.755      3.03674
        1.765      0.75976
        1.775      0.21101
        1.785      1.67635
        1.795      4.46002
        1.805      7.19379
        1.815      8.49807
        1.825      7.67960
        1.835      5.11241
        1.845      2.08375
        1.855      0.15477
        1.865      0.34888
        1.875      2.58768
        1.885      5.69432
        1.895      7.99525
        1.905      8.22098
        1.915      6.22536
        1.925      3.10570
        1.935      0.62498
        1.945      0.22552
        1.955      2.18391
        1.965      5.40883
        1.975      8.03581
        1.985      8.50928
        1.995      6.52461
        2.005      3.25401
        2.015      0.67657
        2.025      0.38474
        2.035      2.57988
        2.045      5.90366
        2.055      8.25004
        2.065      8.09053
        2.075      5.48003
        2.085      2.07259
        2.095      0.08445
        2.105      0.84073
        2.115      3.86084
        2.125      7.12780
        2.135      8.41664
        2.145      6.81861
        2.155      3.41174
        2.165      0.56507
        2.175      0.30553
        2.185      2.86460
        2.195      6.45802
        2.205      8.51700
        2.215      7.53962
        2.225      4.22821
        2.235      1.02928
        2.245      0.34997
        2.255      2.73549
        2.265      6.40051
        2.275      8.53514
        2.285      7.45339
        2.295      3.94069
        2.305      0.70540
        2.315      0.28611
        2.325      3.02226
        2.335      6.72461
        2.345      8.38495
        2.355      6.61678
        2.365      2.84421
        2.375      0.19424
        2.385      0.91902
        2.395      4.46668
        2.405      7.87430
        2.415      8.24360
        2.425      5.24800
        2.435      1.48104
        2.445      0.25221
        2.455      2.67978
        2.465      6.63898
        2.475      8.58761
        2.485      6.73297
        2.495      2.70858
        2.505      0.16307
        2.515      1.43909
        2.525      5.36127
        2.535      8.25408
        2.545      7.35529
        2.555      3.46806
        2.565      0.27728
        2.575      0.86610
        2.585      4.70812
        2.595      8.09672
        2.605      7.71783
        2.615      3.94640
        2.625      0.55714
        2.635      1.00019
        2.645      4.88920
        2.655      8.30188
        2.665      7.72908
        2.675      3.71427
        2.685      0.37798
        2.695      1.18225
        2.705      5.27285
        2.715      8.29801
        2.725      6.98454
        2.735      2.68705
        2.745      0.02639
        2.755      1.92327
        2.765      6.34947
        2.775      8.45828
        2.785      5.91298
        2.795      1.55329
        2.805      0.30419
        2.815      3.63473
        2.825      7.80910
        2.835      8.06118
        2.845      4.07644
        2.855      0.45008
        2.865      1.41183
        2.875      5.83825
        2.885      8.47690
        2.895      6.12840
        2.905      1.52682
        2.915      0.16451
        2.925      3.69345
        2.935      7.83954
        2.945      7.53145
        2.955      3.14728
        2.965      0.15367
        2.975      2.36203
        2.985      7.08562
        2.995      8.40330
        3.005      4.63427
        3.015      0.56645
        3.025      1.41104
        3.035      6.07232
        3.045      8.46622
        3.055      5.39907
        3.065      0.83355
        3.075      0.77893
        3.085      5.32225
        3.095      8.39862
        3.105      5.85641
        3.115      1.11778
        3.125      0.65053
        3.135      5.16179
        3.145      8.51700
        3.155      6.10594
        3.165      1.28922
        3.175      0.82686
        3.185      5.40370
        3.195      8.54794
        3.205      5.73010
        3.215      0.88511
        3.225      0.89993
        3.235      5.72371
        3.245      8.33955
        3.255      4.90148
        3.265      0.44409
        3.275      1.59597
        3.285      6.74406
        3.295      8.28505
        3.305      3.93401
        3.315      0.25106
        3.325      2.83243
        3.335      7.77375
        3.345      7.50108
        3.355      2.36948
        3.365      0.24791
        3.375      4.40859
        3.385      8.34016
        3.395      5.82872
        3.405      0.77726
        3.415      1.17496
        3.425      6.44022
        3.435      8.21797
        3.445      3.69198
        3.455      0.22200
        3.465      3.52278
        3.475      8.27423
        3.485      6.68115
        3.495      1.29742
        3.505      0.94612
        3.515      6.15217
        3.525      8.17187
        3.535      3.55060
        3.545      0.04153
        3.555      3.62597
        3.565      8.27459
        3.575      6.08414
        3.585      0.84166
        3.595      1.63613
        3.605      7.15767
        3.615      7.83179
        3.625      2.46240
        3.635      0.45513
        3.645      5.33651
        3.655      8.40991
        3.665      4.11422
        3.675      0.03822
        3.685      3.46084
        3.695      8.22600
        3.705      5.72893
        3.715      0.55949
        3.725      2.27247
        3.735      7.84162
        3.745      7.04953
        3.755      1.34863
        3.765      1.29560
        3.775      6.93963
        3.785      7.63043
        3.795      1.97705
        3.805      0.61795
        3.815      6.14107
        3.825      8.02291
        3.835      2.65769
        3.845      0.38877
        3.855      5.67113
        3.865      8.34682
        3.875      3.25238
        3.885      0.38503
        3.895      5.40922
        3.905      8.39519
        3.915      3.33652
        3.925      0.16425
        3.935      5.11764
        3.945      8.23644
        3.955      3.23213
        3.965      0.25053
        3.975      5.45775
        3.985      8.36808
        3.995      3.08918
        4.005      0.46903
