        0.000      0.04647
        0.005      0.04638
        0.010      0.04649
        0.015      0.04666
        0.020      0.04696
        0.025      0.04749
        0.030      0.04881
        0.035      0.05153
        0.040      0.05523
        0.045      0.06065
        0.050      0.06811
        0.055      0.07807
        0.060      0.09127
        0.065      0.10808
        0.070      0.12912
        0.075      0.15521
        0.080      0.18719
        0.085      0.22544
        0.090      0.27090
        0.095      0.32423
        0.100      0.38687
        0.105      0.45879
        0.110      0.54136
        0.115      0.63518
        0.120      0.74140
        0.125      0.86048
        0.130      0.99344
        0.135      1.14076
        0.140      1.30308
        0.145      1.48102
        0.150      1.67506
        0.155      1.88560
        0.160      2.11236
        0.165      2.35571
        0.170      2.61530
        0.175      2.89113
        0.180      3.18167
        0.185      3.48682
        0.190      3.80510
        0.195      4.13483
        0.200      4.47471
        0.205      4.82236
        0.210      5.17510
        0.215      5.53085
        0.220      5.88604
        0.225      6.23726
        0.230      6.58119
        0.235      6.91363
        0.240      7.23022
        0.245      7.52689
        0.250      7.79895
        0.255      8.04167
        0.260      8.25073
        0.265      8.42116
        0.270      8.54908
        0.275      8.63012
        0.280      8.66053
        0.285      8.63706
        0.290      8.55733
        0.295      8.41946
        0.300      8.22221
        0.305      7.96562
        0.310      7.65101
        0.315      7.28029
        0.320      6.85712
        0.325      6.38591
        0.330      5.87306
        0.335      5.32596
        0.340      4.75307
        0.345      4.16439
        0.350      3.57061
        0.355      2.98376
        0.360      2.41635
        0.365      1.88132
        0.370      1.39169
        0.375      0.96035
        0.380      0.59955
        0.385      0.32067
        0.390      0.13378
        0.395      0.04707
        0.400      0.06658
        0.405      0.19574
        0.410      0.43510
        0.415      0.78217
        0.420      1.23109
        0.425      1.77273
        0.430      2.39422
        0.435      3.07959
        0.440      3.81015
        0.445      4.56409
        0.450      5.31834
        0.455      6.04760
        0.460      6.72672
        0.465      7.33052
        0.470      7.83543
        0.475      8.22013
        0.480      8.46667
        0.485      8.56128
        0.490      8.49556
        0.495      8.26721
        0.500      7.87982
        0.505      7.34251
        0.515      5.90438
        0.525      4.16254
        0.535      2.40733
        0.545      0.95817
        0.555      0.10548
        0.565      0.04789
        0.575      0.83781
        0.585      2.35201
        0.595      4.29631
        0.605      6.25408
        0.615      7.76969
        0.625      8.45727
        0.635      8.10649
        0.645      6.75737
        0.655      4.71735
        0.665      2.50671
        0.675      0.73291
        0.685     -0.07733
        0.695      0.35526
        0.705      1.95021
        0.715      4.25707
        0.725      6.56470
        0.735      8.11284
        0.745      8.34926
        0.755      7.14255
        0.765      4.86994
        0.775      2.32503
        0.785      0.45434
        0.795      0.00506
        0.805      1.20871
        0.815      3.64328
        0.825      6.35120
        0.835      8.20272
        0.845      8.37358
        0.855      6.73719
        0.865      3.97995
        0.875      1.34637
        0.885      0.09053
        0.895      0.86763
        0.905      3.36286
        0.915      6.37666
        0.925      8.37901
        0.935      8.29373
        0.945      6.11158
        0.955      2.97268
        0.965      0.60819
        0.975      0.39242
        0.985      2.51480
        0.995      5.78594
        1.005      8.26473
        1.015      8.40477
        1.025      6.05420
        1.035      2.64354
        1.045      0.35518
        1.055      0.72331
        1.065      3.55796
        1.075      6.96802
        1.085      8.57941
        1.095      7.19585
        1.105      3.73544
        1.115      0.68120
        1.125      0.31478
        1.135      2.96645
        1.145      6.64788
        1.155      8.48238
        1.165      6.95379
        1.175      3.21356
        1.185      0.27761
        1.195      0.60334
        1.205      3.97209
        1.215      7.53618
        1.225      8.17599
        1.235      5.26292
        1.245      1.35507
        1.255      0.01576
        1.265      2.54989
        1.275      6.65698
        1.285      8.45367
        1.295      6.16661
        1.305      1.97942
        1.315      0.04316
        1.325      2.36964
        1.335      6.66984
        1.345      8.53304
        1.355      5.97677
        1.365      1.67388
        1.375      0.27009
        1.385      3.37582
        1.395      7.63992
        1.405      8.30118
        1.415      4.55254
        1.425      0.63956
        1.435      1.11596
        1.445      5.47582
        1.455      8.55248
        1.465      6.58730
        1.475      1.89597
        1.485      0.24027
        1.495      3.72645
        1.505      7.98132
        1.515      7.52275
        1.525      2.84757
        1.535      0.00625
        1.545      2.76697
        1.555      7.46741
        1.565      7.72425
        1.575      3.11300
        1.585     -0.02229
        1.595      2.75254
        1.605      7.58413
        1.615      7.57182
        1.625      2.68326
        1.635      0.03817
        1.645      3.60014
        1.655      8.13809
        1.665      6.83350
        1.675      1.65154
        1.685      0.59689
        1.695      5.41231
        1.705      8.61950
        1.715      5.12424
        1.725      0.47832
        1.735      2.20309
        1.745      7.53813
        1.755      7.69671
        1.765      2.35059
        1.775      0.43847
        1.785      5.23118
        1.795      8.54007
        1.805      4.57475
        1.815      0.13797
        1.825      2.98562
        1.835      8.06569
        1.845      6.23971
        1.855      0.72487
        1.865      1.55568
        1.875      7.25926
        1.885      7.27507
        1.895      1.52228
        1.905      0.82748
        1.915      6.56963
        1.925      7.79676
        1.935      2.14224
        1.945      0.67092
        1.955      6.39321
        1.965      8.06131
        1.975      2.34777
        1.985      0.75235
        1.995      6.56404
        2.005      7.93845
        2.015      2.01696
        2.025      1.08628
        2.035      7.13087
        2.045      7.38849
        2.055      1.21272
        2.065      1.72695
        2.075      7.77702
        2.085      6.16100
        2.095      0.32816
        2.105      3.11197
        2.115      8.35147
        2.125      4.29597
        2.135      0.01569
        2.145      5.21345
        2.155      8.06228
        2.165      2.03191
        2.175      1.14037
        2.185      7.59294
        2.195      6.33580
        2.205      0.36335
        2.215      3.91619
        2.225      8.55930
        2.235      3.13876
        2.245      0.82169
        2.255      7.31871
        2.265      6.67255
        2.275      0.39629
        2.285      4.00083
        2.295      8.39392
        2.305      2.42867
        2.315      1.14702
        2.325      7.79669
        2.335      5.27993
        2.345      0.00388
        2.355      5.60256
        2.365      7.46451
        2.375      0.71905
        2.385      3.25286
        2.395      8.45643
        2.405      2.50587
        2.415      1.42467
        2.425      8.19851
        2.435      4.51225
        2.445      0.50329
        2.455      7.26763
        2.465      6.17024
        2.475      0.20551
        2.485      5.91668
        2.495      7.20596
        2.505      0.36154
        2.515      4.71941
        2.525      7.81266
        2.535      0.69081
        2.545      3.72347
        2.555      8.07222
        2.565      1.09574
        2.575      3.21586
        2.585      8.30771
        2.595      1.43434
        2.605      3.00012
        2.615      8.41178
        2.625      1.59987
        2.635      3.15539
        2.645      8.49755
        2.655      1.47106
        2.665      3.41923
        2.675      8.29868
        2.685      1.06762
        2.695      3.98862
        2.705      7.93744
        2.715      0.51414
        2.725      4.75874
        2.735      7.22381
        2.745      0.11695
        2.755      5.96680
        2.765      6.24271
        2.775      0.11666
        2.785      7.23645
        2.795      4.79138
        2.805      0.83817
        2.815      8.35152
        2.825      2.99315
        2.835      2.28300
        2.845      8.48502
        2.855      1.17506
        2.865      4.48587
        2.875      7.36886
        2.885      0.11450
        2.895      6.74131
        2.905      4.88834
        2.915      0.75887
        2.925      8.28828
        2.935      2.00695
        2.945      3.26044
        2.955      7.77890
        2.965      0.25409
        2.975      6.69706
        2.985      5.08599
        2.995      1.08172
        3.005      8.53008
        3.015      1.57174
        3.025      4.51029
        3.035      7.02290
        3.045      0.19356
        3.055      7.81135
        3.065      2.82874
        3.075      2.83721
        3.085      7.75904
        3.095      0.06836
        3.105      7.14385
        3.115      3.67837
        3.125      2.29329
        3.135      8.14658
        3.145      0.29089
        3.155      7.18396
        3.165      3.86108
        3.175      2.53250
        3.185      8.05711
        3.195      0.19976
        3.205      7.52161
        3.215      2.93594
        3.225      3.26777
        3.235      7.19970
        3.245      0.13889
        3.255      8.11602
        3.265      1.49868
        3.275      5.09484
        3.285      5.64651
        3.295      1.25490
        3.305      8.39639
        3.315      0.39977
        3.325      7.50063
        3.335      2.97198
        3.345      3.83176
        3.355      6.57820
        3.365      0.72756
        3.375      8.39783
        3.385      0.30575
        3.395      7.12160
        3.405      2.69529
        3.415      4.09133
        3.425      6.07931
        3.435      1.19212
        3.445      8.24445
        3.455      0.25636
        3.465      8.23586
        3.475      1.46032
        3.485      6.07184
        3.495      4.00397
        3.505      3.25874
        3.515      6.60017
        3.525      0.90540
        3.535      8.08884
        3.545      0.07458
        3.555      8.24228
        3.565      0.76939
        3.575      6.97798
        3.585      2.59313
        3.595      5.10473
        3.605      4.80951
        3.615      2.95479
        3.625      6.68192
        3.635      1.30679
        3.645      7.94584
        3.655      0.26935
        3.665      8.31456
        3.675      0.11095
        3.685      8.16255
        3.695      0.62967
        3.705      7.39871
        3.715      1.65452
        3.725      6.49878
        3.735      2.87958
        3.745      5.28998
        3.755      4.04102
        3.765      4.19330
        3.775      5.06176
        3.785      3.04724
        3.795      5.83750
        3.805      2.23764
        3.815      6.55784
        3.825      1.58560
        3.835      7.08638
        3.845      1.26979
        3.855      7.60207
        3.865      1.00306
        3.875      7.83720
        3.885      0.87176
        3.895      8.00780
        3.905      0.65257
        3.915      7.91543
        3.925      0.57164
        3.935      7.92114
        3.945      0.53075
        3.955      7.81798
        3.965      0.71580
        3.975      7.84194
        3.985      0.93479
        3.995      7.63866
        4.005      1.30420
