        0.000      0.04647
        0.005      0.04660
        0.010      0.04653
        0.015      0.04643
        0.020      0.04652
        0.025      0.04633
        0.030      0.04652
        0.035      0.04695
        0.040      0.04716
        0.045      0.04755
        0.050      0.04835
        0.055      0.04915
        0.060      0.05052
        0.065      0.05214
        0.070      0.05391
        0.075      0.05614
        0.080      0.05927
        0.085      0.06255
        0.090      0.06640
        0.095      0.07110
        0.100      0.07669
        0.105      0.08291
        0.110      0.09007
        0.115      0.09821
        0.120      0.10691
        0.125      0.11662
        0.130      0.12772
        0.135      0.13936
        0.140      0.15224
        0.145      0.16608
        0.150      0.18066
        0.155      0.19610
        0.160      0.21236
        0.165      0.22909
        0.170      0.24627
        0.175      0.26344
        0.180      0.28074
        0.185      0.29777
        0.190      0.31426
        0.195      0.33001
        0.200      0.34455
        0.205      0.35741
        0.210      0.36854
        0.215      0.37768
        0.220      0.38418
        0.225      0.38788
        0.230      0.38860
        0.235      0.38596
        0.240      0.37967
        0.245      0.36983
        0.250      0.35660
        0.255      0.33982
        0.260      0.31968
        0.265      0.29657
        0.270      0.27091
        0.275      0.24319
        0.280      0.21425
        0.285      0.18456
        0.290      0.15520
        0.295      0.12686
        0.300      0.10069
        0.305      0.07753
        0.310      0.05856
        0.315      0.04433
        0.320      0.03563
        0.325      0.03295
        0.330      0.03679
        0.335      0.04721
        0.340      0.06416
        0.345      0.08672
        0.350      0.11476
        0.355      0.14665
        0.360      0.18135
        0.365      0.21714
        0.370      0.25223
        0.375      0.28492
        0.380      0.31317
        0.385      0.33552
        0.390      0.35015
        0.395      0.35593
        0.400      0.35224
        0.405      0.33868
        0.410      0.31561
        0.415      0.28417
        0.420      0.24566
        0.425      0.20221
        0.430      0.15648
        0.435      0.11132
        0.440      0.06971
        0.445      0.03424
        0.450      0.00788
        0.455     -0.00757
        0.460     -0.01073
        0.465     -0.00097
        0.470      0.02120
        0.475      0.05396
        0.480      0.09493
        0.485      0.14066
        0.490      0.18719
        0.495      0.23055
        0.500      0.26616
        0.505      0.29100
        0.515      0.29555
        0.525      0.23744
        0.535      0.13331
        0.545      0.01981
        0.555     -0.05907
        0.565     -0.07058
        0.575     -0.00951
        0.585      0.09658
        0.595      0.19603
        0.605      0.23633
        0.615      0.19141
        0.625      0.07792
        0.635     -0.04842
        0.645     -0.12036
        0.655     -0.09661
        0.665      0.01082
        0.675      0.13826
        0.685      0.20520
        0.695      0.16512
        0.705      0.03935
        0.715     -0.09059
        0.725     -0.13420
        0.735     -0.05664
        0.745      0.09133
        0.755      0.20373
        0.765      0.19613
        0.775      0.07518
        0.785     -0.05889
        0.795     -0.08889
        0.805      0.02221
        0.815      0.19127
        0.825      0.27987
        0.835      0.21552
        0.845      0.06382
        0.855     -0.02263
        0.865      0.05355
        0.875      0.23437
        0.885      0.35393
        0.895      0.30163
        0.905      0.14254
        0.915      0.05907
        0.925      0.15925
        0.935      0.34955
        0.945      0.42891
        0.955      0.31321
        0.965      0.14259
        0.975      0.12738
        0.985      0.29422
        0.995      0.44261
        1.005      0.38524
        1.015      0.19098
        1.025      0.10911
        1.035      0.24630
        1.045      0.41261
        1.055      0.36776
        1.065      0.15529
        1.075      0.05690
        1.085      0.19681
        1.095      0.35215
        1.105      0.26864
        1.115      0.04597
        1.125      0.00174
        1.135      0.18473
        1.145      0.28380
        1.155      0.11249
        1.165     -0.07982
        1.175     -0.00027
        1.185      0.19866
        1.195      0.15993
        1.205     -0.06823
        1.215     -0.09906
        1.225      0.11890
        1.235      0.19408
        1.245     -0.01219
        1.255     -0.11914
        1.265      0.08324
        1.275      0.23027
        1.285      0.06108
        1.295     -0.07086
        1.305      0.12877
        1.315      0.30400
        1.325      0.13991
        1.335      0.00538
        1.345      0.21666
        1.355      0.37635
        1.365      0.18755
        1.375      0.08976
        1.385      0.33179
        1.395      0.41900
        1.405      0.17785
        1.415      0.15259
        1.425      0.40322
        1.435      0.35640
        1.445      0.10623
        1.455      0.21424
        1.465      0.40322
        1.475      0.18869
        1.485      0.03413
        1.495      0.26026
        1.505      0.26379
        1.515     -0.01721
        1.525      0.06497
        1.535      0.25908
        1.545      0.02711
        1.555     -0.08647
        1.565      0.17175
        1.575      0.10376
        1.585     -0.12748
        1.595      0.08891
        1.605      0.18784
        1.615     -0.07968
        1.625      0.03548
        1.635      0.25629
        1.645      0.02523
        1.655      0.04721
        1.665      0.33274
        1.675      0.14777
        1.685      0.08278
        1.695      0.38529
        1.705      0.24243
        1.715      0.12504
        1.725      0.42300
        1.735      0.28569
        1.745      0.12497
        1.755      0.40526
        1.765      0.25389
        1.775      0.09162
        1.785      0.36393
        1.795      0.16904
        1.805      0.02866
        1.815      0.29088
        1.825      0.05128
        1.835     -0.00675
        1.845      0.23786
        1.855     -0.05181
        1.865      0.00378
        1.875      0.18958
        1.885     -0.10615
        1.895      0.10035
        1.905      0.16731
        1.915     -0.07730
        1.925      0.23658
        1.935      0.13611
        1.945      0.05412
        1.955      0.36975
        1.965      0.11006
        1.975      0.24174
        1.985      0.37987
        1.995      0.10940
        2.005      0.40929
        2.015      0.25185
        2.025      0.16583
        2.035      0.39858
        2.045      0.06431
        2.055      0.26977
        2.065      0.19281
        2.075      0.00171
        2.085      0.26478
        2.095     -0.06364
        2.105      0.12748
        2.115      0.08659
        2.125     -0.07939
        2.135      0.20869
        2.145     -0.09411
        2.155      0.17665
        2.165      0.09442
        2.175      0.05097
        2.185      0.30018
        2.195      0.02859
        2.205      0.37769
        2.215      0.15007
        2.225      0.28775
        2.235      0.32456
        2.245      0.16299
        2.255      0.42607
        2.265      0.08052
        2.275      0.36654
        2.285      0.08719
        2.295      0.21164
        2.305      0.14540
        2.315      0.02068
        2.325      0.19217
        2.335     -0.09508
        2.345      0.21772
        2.355     -0.11373
        2.365      0.19521
        2.375     -0.03322
        2.385      0.17583
        2.395      0.11001
        2.405      0.14680
        2.415      0.25724
        2.425      0.14192
        2.435      0.38115
        2.445      0.12521
        2.455      0.42866
        2.465      0.10514
        2.475      0.42193
        2.485      0.06026
        2.495      0.34435
        2.505      0.01048
        2.515      0.26258
        2.525     -0.03047
        2.535      0.17477
        2.545     -0.04601
        2.555      0.14059
        2.565     -0.01994
        2.575      0.13786
        2.585      0.03617
        2.595      0.19259
        2.605      0.11661
        2.615      0.25135
        2.625      0.18217
        2.635      0.31802
        2.645      0.21493
        2.655      0.33208
        2.665      0.18668
        2.675      0.32234
        2.685      0.11369
        2.695      0.26653
        2.705      0.01437
        2.715      0.23009
        2.725     -0.06842
        2.735      0.20200
        2.745     -0.10745
        2.755      0.22970
        2.765     -0.08639
        2.775      0.26843
        2.785     -0.00346
        2.795      0.32388
        2.805      0.10722
        2.815      0.32565
        2.825      0.22962
        2.835      0.27418
        2.845      0.30092
        2.855      0.15128
        2.865      0.33424
        2.875      0.01645
        2.885      0.28899
        2.895     -0.06658
        2.905      0.21509
        2.915     -0.05086
        2.925      0.10313
        2.935      0.08366
        2.945      0.02455
        2.955      0.25037
        2.965      0.01181
        2.975      0.37859
        2.985      0.09674
        2.995      0.35057
        3.005      0.25467
        3.015      0.20655
        3.025      0.35634
        3.035      0.04382
        3.045      0.32983
        3.055      0.00341
        3.065      0.12935
        3.075      0.11658
        3.085     -0.06639
        3.095      0.22018
        3.105     -0.06980
        3.115      0.20576
        3.125      0.15360
        3.135      0.09176
        3.145      0.39466
        3.155      0.09808
        3.165      0.35523
        3.175      0.28160
        3.185      0.12746
        3.195      0.36623
        3.205      0.02836
        3.215      0.17444
        3.225      0.15429
        3.235     -0.08748
        3.245      0.21845
        3.255     -0.01151
        3.265      0.03843
        3.275      0.27820
        3.285      0.00850
        3.295      0.27937
        3.305      0.30805
        3.315      0.10870
        3.325      0.40923
        3.335      0.21263
        3.345      0.12306
        3.355      0.33688
        3.365      0.02219
        3.375      0.07392
        3.385      0.20935
        3.395     -0.09079
        3.405      0.10625
        3.415      0.19883
        3.425     -0.03424
        3.435      0.25233
        3.445      0.29243
        3.455      0.08272
        3.465      0.36490
        3.475      0.32165
        3.485      0.07511
        3.495      0.30826
        3.505      0.21884
        3.515     -0.04922
        3.525      0.17756
        3.535      0.13985
        3.545     -0.10171
        3.555      0.15211
        3.565      0.22249
        3.575      0.00329
        3.585      0.22862
        3.595      0.37984
        3.605      0.13234
        3.615      0.21903
        3.625      0.40025
        3.635      0.13492
        3.645      0.04338
        3.655      0.25971
        3.665      0.10557
        3.675     -0.09960
        3.685      0.14014
        3.695      0.21447
        3.705     -0.01762
        3.715      0.12633
        3.725      0.38938
        3.735      0.21008
        3.745      0.11165
        3.755      0.35893
        3.765      0.32792
        3.775      0.03988
        3.785      0.07902
        3.795      0.25221
        3.805      0.08016
        3.815     -0.10087
        3.825      0.11604
        3.835      0.27872
        3.845      0.08671
        3.855      0.06517
        3.865      0.34622
        3.875      0.38326
        3.885      0.14417
        3.895      0.10979
        3.905      0.29894
        3.915      0.25072
        3.925     -0.03391
        3.935     -0.04220
        3.945      0.19497
        3.955      0.19745
        3.965      0.01204
        3.975      0.04774
        3.985      0.31422
        3.995      0.39596
        4.005      0.17790
